BL51 BANKED LINKER/LOCATER V6.22              06/13/2016  10:09:30  PAGE 1


BL51 BANKED LINKER/LOCATER V6.22, INVOKED BY:
C:\KEIL\C51\BIN\BL51.EXE D:\Work Files\C Code\GitFiles\GreenButton\HarmanPana 
>> All Networks\NAFTA\maincode.obj, D:\Work Files\C Code\GitFiles\GreenButton\
>> HarmanPana All Networks\NAFTA\can.obj, D:\Work Files\C Code\GitFiles\GreenB
>> utton\HarmanPana All Networks\NAFTA\spi.obj, D:\Work Files\C Code\GitFiles\
>> GreenButton\HarmanPana All Networks\NAFTA\timers.obj, D:\Work Files\C Code\
>> GitFiles\GreenButton\HarmanPana All Networks\NAFTA\user.obj TO D:\Work File
>> s\C Code\GitFiles\GreenButton\HarmanPana All Networks\NAFTA\maincodeOMF RS 
>> (256) PL (68) PW (78)


MEMORY MODEL: SMALL


INPUT MODULES INCLUDED:
  D:\Work Files\C Code\GitFiles\GreenButton\HarmanPana All Networks\NAFTA\main
>> code.obj (MAINCODE)
  D:\Work Files\C Code\GitFiles\GreenButton\HarmanPana All Networks\NAFTA\can.
>> obj (CAN)
  D:\Work Files\C Code\GitFiles\GreenButton\HarmanPana All Networks\NAFTA\spi.
>> obj (SPI)
  D:\Work Files\C Code\GitFiles\GreenButton\HarmanPana All Networks\NAFTA\time
>> rs.obj (TIMERS)
  D:\Work Files\C Code\GitFiles\GreenButton\HarmanPana All Networks\NAFTA\user
>> .obj (USER)
  C:\KEIL\C51\LIB\C51S.LIB (?C_STARTUP)
  C:\KEIL\C51\LIB\C51S.LIB (?C?COPY)
  C:\KEIL\C51\LIB\C51S.LIB (?C?CLDPTR)
  C:\KEIL\C51\LIB\C51S.LIB (?C?CLDOPTR)
  C:\KEIL\C51\LIB\C51S.LIB (?C?CSTPTR)
  C:\KEIL\C51\LIB\C51S.LIB (?C?IILDX)
  C:\KEIL\C51\LIB\C51S.LIB (?C?SLDIV)
  C:\KEIL\C51\LIB\C51S.LIB (?C?LNOT)
  C:\KEIL\C51\LIB\C51S.LIB (?C?ULCMP)
  C:\KEIL\C51\LIB\C51S.LIB (?C?ULSHR)
  C:\KEIL\C51\LIB\C51S.LIB (?C?LSHL)
  C:\KEIL\C51\LIB\C51S.LIB (?C?LLDOPTR)
  C:\KEIL\C51\LIB\C51S.LIB (?C?LSTOPTR)
  C:\KEIL\C51\LIB\C51S.LIB (?C?LSTXDATA)
  C:\KEIL\C51\LIB\C51S.LIB (?C?LSTKXDATA)
  C:\KEIL\C51\LIB\C51S.LIB (?C?OFFXADD)
  C:\KEIL\C51\LIB\C51S.LIB (?C?LCASE)
  C:\KEIL\C51\LIB\C51S.LIB (?C?ULDIV)
  C:\KEIL\C51\LIB\C51S.LIB (?C?LLDIDATA)
  C:\KEIL\C51\LIB\C51S.LIB (?C?LLDXDATA)
  C:\KEIL\C51\LIB\C51S.LIB (?C?LLDPDATA)
  C:\KEIL\C51\LIB\C51S.LIB (?C?LLDCODE)
  C:\KEIL\C51\LIB\C51S.LIB (?C?LSTIDATA)
  C:\KEIL\C51\LIB\C51S.LIB (?C?LSTPDATA)


LINK MAP OF MODULE:  D:\Work Files\C Code\GitFiles\GreenButton\HarmanPana All 
>> Networks\NAFTA\maincodeOMF (MAINCODE)


            TYPE    BASE      LENGTH    RELOCATION   SEGMENT NAME
            -----------------------------------------------------

            * * * * * * *   D A T A   M E M O R Y   * * * * * * *
            REG     0000H     0008H     ABSOLUTE     "REG BANK 0"
            DATA    0008H     000EH     UNIT         ?DT?MAINCODE
            DATA    0016H     0004H     UNIT         ?DT?TIMERS
            DATA    001AH     0001H     UNIT         ?DT?SPI
                    001BH     0005H                  *** GAP ***
            BIT     0020H.0   0000H.5   UNIT         ?BI?MAINCODE
            BIT     0020H.5   0000H.3   UNIT         _BIT_GROUP_
BL51 BANKED LINKER/LOCATER V6.22            06/13/2016  10:09:30  PAGE 2


            BIT     0021H.0   0000H.1   UNIT         ?BI?TIMERS
                    0021H.1   0000H.7                *** GAP ***
            DATA    0022H     0048H     UNIT         _DATA_GROUP_
            IDATA   006AH     0001H     UNIT         ?STACK

            * * * * * * *  X D A T A   M E M O R Y  * * * * * * *
            XDATA   0000H     0326H     UNIT         ?XD?MAINCODE
            XDATA   0326H     0003H     UNIT         ?XD?CAN

            * * * * * * *   C O D E   M E M O R Y   * * * * * * *
            CODE    0000H     0003H     ABSOLUTE     
            CODE    0003H     0003H     ABSOLUTE     
            CODE    0006H     0060H     UNIT         ?PR?_INIT_MSG_OBJECT_RX?C
>> AN
            CODE    0066H     000CH     UNIT         ?C_C51STARTUP
            CODE    0072H     0001H     UNIT         ?PR?USER8?USER
            CODE    0073H     0003H     ABSOLUTE     
            CODE    0076H     0022H     UNIT         ?PR?_CAN1START_TRANSMIT?S
>> PI
            CODE    0098H     0003H     UNIT         ?CO?SPI
            CODE    009BH     0003H     ABSOLUTE     
            CODE    009EH     1BF4H     UNIT         ?PR?USER2?USER
            CODE    1C92H     1771H     UNIT         ?PR?USER1?USER
            CODE    3403H     040EH     UNIT         ?PR?CHECKBUTTS?MAINCODE
            CODE    3811H     03C8H     UNIT         ?PR?_PROCESSRX?MAINCODE
            CODE    3BD9H     0399H     UNIT         ?C?LIB_CODE
            CODE    3F72H     033EH     UNIT         ?PR?CHECKMESGS?TIMERS
            CODE    42B0H     01C7H     UNIT         ?PR?_RX_CAN_FRAME?CAN
            CODE    4477H     0199H     UNIT         ?PR?_CAN1READ_CANMSG?SPI
            CODE    4610H     0164H     UNIT         ?PR?READINPUTS?TIMERS
            CODE    4774H     015AH     UNIT         ?PR?_ADDMESSAGE?MAINCODE
            CODE    48CEH     012BH     UNIT         ?PR?MAIN?MAINCODE
            CODE    49F9H     0125H     UNIT         ?PR?_ALTERMESSAGEBYTE?MAI
>> NCODE
            CODE    4B1EH     010FH     UNIT         ?PR?_INITRXFRAMEID?CAN
            CODE    4C2DH     0100H     UNIT         ?PR?_SIMPLEBUTTONCONFIG?M
>> AINCODE
            CODE    4D2DH     00EEH     UNIT         ?PR?_RXMESSAGECONFIG2?MAI
>> NCODE
            CODE    4E1BH     00EDH     UNIT         ?PR?CAN1INITCANBUFFERS?SP
>> I
            CODE    4F08H     00E7H     UNIT         ?PR?_TX_CAN_FRAME?CAN
            CODE    4FEFH     00E3H     UNIT         ?PR?_RXMESSAGECONFIG1?MAI
>> NCODE
            CODE    50D2H     00E3H     UNIT         ?PR?_CAN1WRITE_CANMSG?SPI
>> 
            CODE    51B5H     00DEH     UNIT         ?PR?CHECKRELAY?MAINCODE
            CODE    5293H     00BDH     UNIT         ?PR?_CAN1INIT_FILTERSNMAS
>> KS?SPI
            CODE    5350H     0099H     UNIT         ?PR?CLEARUSERVARS?MAINCOD
>> E
            CODE    53E9H     0092H     UNIT         ?PR?_CLEAR_MESSAGE_OBJECT
>> ?CAN
            CODE    547BH     0087H     UNIT         ?PR?_CAN1WRITE_ID?SPI
            CODE    5502H     007FH     UNIT         ?PR?_RELAYCTRL?MAINCODE
            CODE    5581H     007BH     UNIT         ?PR?INT_CAN?CAN
            CODE    55FCH     006FH     UNIT         ?PR?_MEMMANAGE?MAINCODE
            CODE    566BH     0060H     UNIT         ?PR?_CAN1INIT?SPI
            CODE    56CBH     0055H     UNIT         ?PR?INT_T3_OV?TIMERS
            CODE    5720H     0052H     UNIT         ?PR?_CAN1CONFIGRATE?SPI
            CODE    5772H     0051H     UNIT         ?PR?_ROTARY2VALUE?TIMERS
            CODE    57C3H     0049H     UNIT         ?PR?_CAN1GETNEXTFREETXBUF
>> ?SPI
            CODE    580CH     0044H     UNIT         ?C?LDIV
            CODE    5850H     0039H     UNIT         ?PR?_START_TIMER3?TIMERS
BL51 BANKED LINKER/LOCATER V6.22            06/13/2016  10:09:30  PAGE 3


            CODE    5889H     002FH     UNIT         ?PR?_TXFRAME?CAN
            CODE    58B8H     002FH     UNIT         ?PR?_CAN1SETREGISTERS?SPI
>> 
            CODE    58E7H     002FH     UNIT         ?PR?USER3?USER
            CODE    5916H     002FH     UNIT         ?PR?USER4?USER
            CODE    5945H     002FH     UNIT         ?PR?USER5?USER
            CODE    5974H     002FH     UNIT         ?PR?USER6?USER
            CODE    59A3H     002FH     UNIT         ?PR?USER7?USER
            CODE    59D2H     002AH     UNIT         ?PR?_CONFIG_CAN_TIMING?CA
>> N
            CODE    59FCH     0029H     UNIT         ?PR?CONFIG_IO?MAINCODE
            CODE    5A25H     0022H     UNIT         ?CO?USER
            CODE    5A47H     0021H     UNIT         ?PR?_MSECDELAY?TIMERS
            CODE    5A68H     001EH     UNIT         ?PR?_CAN1READREGISTER?SPI
>> 
            CODE    5A86H     001DH     UNIT         ?PR?_CAN1MODIFYREGISTER?S
>> PI
            CODE    5AA3H     001DH     UNIT         ?PR?_CAN1SETCANCTRL_MODE?
>> SPI
            CODE    5AC0H     001CH     UNIT         ?PR?OSCILLATOR_INIT?TIMER
>> S
            CODE    5ADCH     0019H     UNIT         ?PR?SPI_RXBYTE?SPI
            CODE    5AF5H     0017H     UNIT         ?PR?_CAN1SETREGISTER?SPI
            CODE    5B0CH     0017H     UNIT         ?PR?CAN1READSTATUS?SPI
            CODE    5B23H     0017H     UNIT         ?PR?CAN1READRXSTAT?SPI
            CODE    5B3AH     0016H     UNIT         ?PR?_SPICAN?SPI
            CODE    5B50H     0016H     UNIT         ?PR?CAN1RESET?SPI
            CODE    5B66H     000FH     UNIT         ?PR?_SPI_TXBYTE?SPI
            CODE    5B75H     000FH     UNIT         ?PR?_CODEDELAY?TIMERS
            CODE    5B84H     000EH     UNIT         ?PR?SPI_INIT?SPI
            CODE    5B92H     000BH     UNIT         ?PR?_CAN1BEGIN?SPI
            CODE    5B9DH     0005H     UNIT         ?PR?INT_CAN1?SPI



OVERLAY MAP OF MODULE:   D:\Work Files\C Code\GitFiles\GreenButton\HarmanPana 
>> All Networks\NAFTA\maincodeOMF (MAINCODE)


SEGMENT                                     BIT_GROUP          DATA_GROUP 
  +--> CALLED SEGMENT                    START    LENGTH     START    LENGTH
----------------------------------------------------------------------------
?PR?INT_CAN?CAN                          -----    -----      0022H    0002H
  +--> ?PR?_RX_CAN_FRAME?CAN

?PR?_RX_CAN_FRAME?CAN                    -----    -----      0024H    0001H

*** NEW ROOT ***************************************************

?PR?INT_T3_OV?TIMERS                     -----    -----      -----    -----
  +--> ?PR?READINPUTS?TIMERS
  +--> ?PR?CHECKMESGS?TIMERS

?PR?READINPUTS?TIMERS                    -----    -----      0025H    000AH
  +--> ?PR?_CODEDELAY?TIMERS
  +--> ?PR?_ROTARY2VALUE?TIMERS

?PR?_ROTARY2VALUE?TIMERS                 -----    -----      002FH    0001H

?PR?CHECKMESGS?TIMERS                    0020H.5  0000H.1    0025H    0003H
  +--> ?PR?_TXFRAME?CAN

?PR?_TXFRAME?CAN                         -----    -----      0028H    0002H
  +--> ?PR?_TX_CAN_FRAME?CAN
  +--> ?PR?_CAN1GETNEXTFREETXBUF?SPI
BL51 BANKED LINKER/LOCATER V6.22            06/13/2016  10:09:30  PAGE 4


  +--> ?PR?_CAN1WRITE_CANMSG?SPI
  +--> ?PR?_CAN1START_TRANSMIT?SPI

?PR?_CAN1GETNEXTFREETXBUF?SPI            -----    -----      002AH    0006H
  +--> ?CO?SPI
  +--> ?PR?_CAN1READREGISTER?SPI

?PR?_CAN1READREGISTER?SPI                -----    -----      -----    -----
  +--> ?PR?_SPICAN?SPI
  +--> ?PR?_SPI_TXBYTE?SPI
  +--> ?PR?SPI_RXBYTE?SPI

?PR?_CAN1WRITE_CANMSG?SPI                -----    -----      002AH    0004H
  +--> ?PR?_SPICAN?SPI
  +--> ?PR?_SPI_TXBYTE?SPI

?PR?_CAN1START_TRANSMIT?SPI              -----    -----      -----    -----
  +--> ?PR?_SPICAN?SPI
  +--> ?PR?_SPI_TXBYTE?SPI

*** NEW ROOT ***************************************************

?C_C51STARTUP                            -----    -----      -----    -----
  +--> ?PR?MAIN?MAINCODE

?PR?MAIN?MAINCODE                        -----    -----      -----    -----
  +--> ?PR?CONFIG_IO?MAINCODE
  +--> ?PR?OSCILLATOR_INIT?TIMERS
  +--> ?PR?SPI_INIT?SPI
  +--> ?PR?_CAN1BEGIN?SPI
  +--> ?PR?_CONFIG_CAN_TIMING?CAN
  +--> ?PR?CLEARUSERVARS?MAINCODE
  +--> ?PR?_START_TIMER3?TIMERS
  +--> ?PR?_MSECDELAY?TIMERS
  +--> ?PR?USER1?USER
  +--> ?PR?USER2?USER
  +--> ?PR?USER3?USER
  +--> ?PR?USER4?USER
  +--> ?PR?USER5?USER
  +--> ?PR?USER6?USER
  +--> ?PR?USER7?USER
  +--> ?PR?USER8?USER

?PR?OSCILLATOR_INIT?TIMERS               -----    -----      0030H    0001H
  +--> ?PR?_CODEDELAY?TIMERS

?PR?_CAN1BEGIN?SPI                       -----    -----      -----    -----
  +--> ?PR?_CAN1INIT?SPI

?PR?_CAN1INIT?SPI                        -----    -----      0030H    0001H
  +--> ?PR?CAN1RESET?SPI
  +--> ?PR?_CAN1SETCANCTRL_MODE?SPI
  +--> ?PR?_CAN1CONFIGRATE?SPI
  +--> ?PR?CAN1INITCANBUFFERS?SPI
  +--> ?PR?_CAN1SETREGISTER?SPI
  +--> ?PR?_CAN1MODIFYREGISTER?SPI
  +--> ?PR?_CAN1INIT_FILTERSNMASKS?SPI

?PR?CAN1RESET?SPI                        -----    -----      -----    -----
  +--> ?PR?_SPICAN?SPI
  +--> ?PR?_SPI_TXBYTE?SPI
  +--> ?PR?_CODEDELAY?TIMERS

?PR?_CAN1SETCANCTRL_MODE?SPI             -----    -----      -----    -----
  +--> ?PR?_CAN1MODIFYREGISTER?SPI
BL51 BANKED LINKER/LOCATER V6.22            06/13/2016  10:09:30  PAGE 5


  +--> ?PR?_CAN1READREGISTER?SPI

?PR?_CAN1MODIFYREGISTER?SPI              -----    -----      -----    -----
  +--> ?PR?_SPICAN?SPI
  +--> ?PR?_SPI_TXBYTE?SPI

?PR?_CAN1CONFIGRATE?SPI                  -----    -----      -----    -----
  +--> ?PR?_CAN1SETREGISTER?SPI

?PR?_CAN1SETREGISTER?SPI                 -----    -----      -----    -----
  +--> ?PR?_SPICAN?SPI
  +--> ?PR?_SPI_TXBYTE?SPI

?PR?CAN1INITCANBUFFERS?SPI               -----    -----      0031H    0008H
  +--> ?PR?_CAN1WRITE_ID?SPI
  +--> ?PR?_CAN1SETREGISTER?SPI

?PR?_CAN1WRITE_ID?SPI                    -----    -----      0039H    0009H
  +--> ?PR?_CAN1SETREGISTERS?SPI

?PR?_CAN1SETREGISTERS?SPI                -----    -----      0042H    0005H
  +--> ?PR?_SPICAN?SPI
  +--> ?PR?_SPI_TXBYTE?SPI

?PR?_CAN1INIT_FILTERSNMASKS?SPI          -----    -----      0031H    0005H
  +--> ?PR?_CAN1SETCANCTRL_MODE?SPI
  +--> ?PR?_CAN1WRITE_ID?SPI

?PR?CLEARUSERVARS?MAINCODE               -----    -----      -----    -----
  +--> ?PR?_CLEAR_MESSAGE_OBJECT?CAN

?PR?_CLEAR_MESSAGE_OBJECT?CAN            -----    -----      0030H    0001H

?PR?USER1?USER                           0020H.6  0000H.1    0030H    001CH
  +--> ?CO?USER
  +--> ?PR?_MEMMANAGE?MAINCODE
  +--> ?PR?_ADDMESSAGE?MAINCODE
  +--> ?PR?_SIMPLEBUTTONCONFIG?MAINCODE
  +--> ?PR?_RXMESSAGECONFIG1?MAINCODE
  +--> ?PR?_RXMESSAGECONFIG2?MAINCODE
  +--> ?PR?_PROCESSRX?MAINCODE
  +--> ?PR?CAN1READSTATUS?SPI
  +--> ?PR?_CAN1READ_CANMSG?SPI
  +--> ?PR?_CAN1READREGISTER?SPI
  +--> ?PR?_ALTERMESSAGEBYTE?MAINCODE
  +--> ?PR?_CAN1MODIFYREGISTER?SPI
  +--> ?PR?CAN1READRXSTAT?SPI
  +--> ?PR?CHECKRELAY?MAINCODE
  +--> ?PR?CHECKBUTTS?MAINCODE

?PR?_MEMMANAGE?MAINCODE                  -----    -----      004CH    0005H

?PR?_ADDMESSAGE?MAINCODE                 -----    -----      004CH    000CH

?PR?_SIMPLEBUTTONCONFIG?MAINCODE         -----    -----      004CH    000FH

?PR?_RXMESSAGECONFIG1?MAINCODE           -----    -----      004CH    000DH
  +--> ?PR?_INITRXFRAMEID?CAN

?PR?_INITRXFRAMEID?CAN                   -----    -----      0059H    000AH
  +--> ?PR?_INIT_MSG_OBJECT_RX?CAN

?PR?_INIT_MSG_OBJECT_RX?CAN              -----    -----      0063H    0005H

?PR?_RXMESSAGECONFIG2?MAINCODE           -----    -----      004CH    000FH
BL51 BANKED LINKER/LOCATER V6.22            06/13/2016  10:09:30  PAGE 6



?PR?_PROCESSRX?MAINCODE                  0020H.7  0000H.1    004CH    0011H
  +--> ?PR?_ALTERMESSAGEBYTE?MAINCODE

?PR?_ALTERMESSAGEBYTE?MAINCODE           -----    -----      005DH    000DH

?PR?CAN1READSTATUS?SPI                   -----    -----      -----    -----
  +--> ?PR?_SPICAN?SPI
  +--> ?PR?_SPI_TXBYTE?SPI
  +--> ?PR?SPI_RXBYTE?SPI

?PR?_CAN1READ_CANMSG?SPI                 -----    -----      004CH    0006H
  +--> ?PR?_SPICAN?SPI
  +--> ?PR?_SPI_TXBYTE?SPI
  +--> ?PR?SPI_RXBYTE?SPI

?PR?CAN1READRXSTAT?SPI                   -----    -----      -----    -----
  +--> ?PR?_SPICAN?SPI
  +--> ?PR?_SPI_TXBYTE?SPI
  +--> ?PR?SPI_RXBYTE?SPI

?PR?CHECKRELAY?MAINCODE                  0020H.7  0000H.1    004CH    0001H
  +--> ?PR?_RELAYCTRL?MAINCODE

?PR?_RELAYCTRL?MAINCODE                  -----    -----      -----    -----
  +--> ?PR?_CAN1MODIFYREGISTER?SPI

?PR?CHECKBUTTS?MAINCODE                  -----    -----      004CH    0010H
  +--> ?PR?_ALTERMESSAGEBYTE?MAINCODE

?PR?USER2?USER                           0020H.6  0000H.1    0030H    001CH
  +--> ?CO?USER
  +--> ?PR?_MEMMANAGE?MAINCODE
  +--> ?PR?_ADDMESSAGE?MAINCODE
  +--> ?PR?_SIMPLEBUTTONCONFIG?MAINCODE
  +--> ?PR?_RXMESSAGECONFIG1?MAINCODE
  +--> ?PR?_RXMESSAGECONFIG2?MAINCODE
  +--> ?PR?_PROCESSRX?MAINCODE
  +--> ?PR?CAN1READSTATUS?SPI
  +--> ?PR?_CAN1READ_CANMSG?SPI
  +--> ?PR?_CAN1READREGISTER?SPI
  +--> ?PR?_ALTERMESSAGEBYTE?MAINCODE
  +--> ?PR?_CAN1MODIFYREGISTER?SPI
  +--> ?PR?CAN1READRXSTAT?SPI
  +--> ?PR?CHECKRELAY?MAINCODE
  +--> ?PR?CHECKBUTTS?MAINCODE

?PR?USER3?USER                           -----    -----      0030H    0001H
  +--> ?PR?_MSECDELAY?TIMERS

?PR?USER4?USER                           -----    -----      0030H    0001H
  +--> ?PR?_MSECDELAY?TIMERS

?PR?USER5?USER                           -----    -----      0030H    0001H
  +--> ?PR?_MSECDELAY?TIMERS

?PR?USER6?USER                           -----    -----      0030H    0001H
  +--> ?PR?_MSECDELAY?TIMERS

?PR?USER7?USER                           -----    -----      0030H    0001H
  +--> ?PR?_MSECDELAY?TIMERS



SYMBOL TABLE OF MODULE:  D:\Work Files\C Code\GitFiles\GreenButton\HarmanPana 
BL51 BANKED LINKER/LOCATER V6.22            06/13/2016  10:09:30  PAGE 7


>> All Networks\NAFTA\maincodeOMF (MAINCODE)

  VALUE           TYPE          NAME
  ----------------------------------

  -------         MODULE        MAINCODE
  C:0000H         SYMBOL        _ICE_DUMMY_
  D:0080H         PUBLIC        P0
  X:0000H         PUBLIC        MaxRxTraps
  D:0008H         PUBLIC        Mesgs
  D:00FFH         PUBLIC        WDTCN
  D:00A0H         PUBLIC        P2
  D:00B0H         PUBLIC        P3
  B:00A8H.7       PUBLIC        EA
  D:00E7H         PUBLIC        EIE2
  B:00A0H.3       PUBLIC        LED1
  D:00E8H         PUBLIC        ADC0CN
  D:0084H         PUBLIC        SFRPAGE
  D:00A4H         PUBLIC        P0MDOUT
  D:00E8H         PUBLIC        ADC2CN
  D:00A5H         PUBLIC        P1MDOUT
  D:00A8H         PUBLIC        IE
  D:00A6H         PUBLIC        P2MDOUT
  D:00A7H         PUBLIC        P3MDOUT
  D:00F7H         PUBLIC        EIP2
  D:000AH         PUBLIC        keyChange
  D:00F8H         PUBLIC        CAN0CN
  D:00D8H         PUBLIC        PCA0CN
  C:5502H         PUBLIC        _RelayCtrl
  X:0001H         PUBLIC        RelayCnf
  D:00B8H         PUBLIC        IP
  D:00E1H         PUBLIC        XBR0
  D:00E2H         PUBLIC        XBR1
  D:00E3H         PUBLIC        XBR2
  D:00E4H         PUBLIC        XBR3
  C:4FEFH         PUBLIC        _RxMessageConfig1
  C:4D2DH         PUBLIC        _RxMessageConfig2
  D:00C0H         PUBLIC        SMB0CN
  C:48CEH         PUBLIC        main
  B:0020H.2       PUBLIC        CANintMode
  X:0009H         PUBLIC        MaxMesgs
  X:000AH         PUBLIC        rxframe0
  D:0088H         PUBLIC        CPT0CN
  X:01CAH         PUBLIC        rxframe1
  C:5350H         PUBLIC        ClearUserVars
  D:00ADH         PUBLIC        P1MDIN
  D:0088H         PUBLIC        CPT1CN
  D:00AEH         PUBLIC        P2MDIN
  D:0088H         PUBLIC        CPT2CN
  D:00AFH         PUBLIC        P3MDIN
  C:3811H         PUBLIC        _ProcessRx
  D:00F8H         PUBLIC        SPI0CN
  B:00B0H.4       PUBLIC        RELAY1
  B:00B0H.5       PUBLIC        RELAY2
  X:02AAH         PUBLIC        MesgCnt
  X:02ABH         PUBLIC        OneTime
  D:0088H         PUBLIC        TCON
  D:00C8H         PUBLIC        TMR2CN
  D:00C8H         PUBLIC        TMR3CN
  D:00C8H         PUBLIC        TMR4CN
  B:00A0H.2       PUBLIC        SEL_CAN_C
  D:000EH         PUBLIC        keys
  X:02D5H         PUBLIC        ButtCnt
  C:4C2DH         PUBLIC        _SimpleButtonConfig
  X:02D6H         PUBLIC        RelayChange
BL51 BANKED LINKER/LOCATER V6.22            06/13/2016  10:09:30  PAGE 8


  B:0020H.3       PUBLIC        RxCAN0
  B:0020H.4       PUBLIC        RxCAN1
  X:02D7H         PUBLIC        RxCAN1IDs
  C:4774H         PUBLIC        _AddMessage
  D:0012H         PUBLIC        RxMesg
  C:49F9H         PUBLIC        _AlterMessageByte
  C:51B5H         PUBLIC        CheckRelay
  D:0098H         PUBLIC        SCON0
  D:0098H         PUBLIC        SCON1
  D:00C0H         PUBLIC        CAN0STA
  C:55FCH         PUBLIC        _MemManage
  X:0317H         PUBLIC        RxCnt
  C:59FCH         PUBLIC        config_IO
  D:0014H         PUBLIC        Buttons
  C:3403H         PUBLIC        CheckButts
  D:00D0H         PUBLIC        PSW
  X:0318H         PUBLIC        txframe
  -------         PROC          MAIN
  C:48CEH         LINE#         30
  C:48CEH         LINE#         31
  C:48CEH         LINE#         32
  C:48D1H         LINE#         33
  C:48D4H         LINE#         35
  C:48D7H         LINE#         36
  C:48DAH         LINE#         40
  C:48DDH         LINE#         41
  C:48E2H         LINE#         45
  C:48E4H         LINE#         46
  C:48EBH         LINE#         48
  C:48EEH         LINE#         49
  C:48F1H         LINE#         52
  C:48F4H         LINE#         53
  C:48F7H         LINE#         56
  C:48FAH         LINE#         60
  C:4901H         LINE#         64
  C:4903H         LINE#         65
  C:490AH         LINE#         66
  C:490CH         LINE#         68
  C:490CH         LINE#         69
  C:490CH         LINE#         70
  C:494CH         LINE#         71
  C:494CH         LINE#         72
  C:494CH         LINE#         73
  C:494FH         LINE#         74
  C:4951H         LINE#         75
  C:4951H         LINE#         76
  C:4954H         LINE#         77
  C:4956H         LINE#         78
  C:4956H         LINE#         79
  C:4959H         LINE#         80
  C:495BH         LINE#         81
  C:495BH         LINE#         82
  C:495EH         LINE#         83
  C:4960H         LINE#         84
  C:4960H         LINE#         85
  C:4963H         LINE#         86
  C:4965H         LINE#         87
  C:4965H         LINE#         88
  C:4968H         LINE#         89
  C:496AH         LINE#         90
  C:496AH         LINE#         91
  C:496DH         LINE#         92
  C:496FH         LINE#         93
  C:496FH         LINE#         94
  C:4972H         LINE#         95
BL51 BANKED LINKER/LOCATER V6.22            06/13/2016  10:09:30  PAGE 9


  C:4972H         LINE#         96
  C:4972H         LINE#         99
  C:4981H         LINE#         100
  C:4999H         LINE#         101
  C:49BFH         LINE#         102
  C:49E1H         LINE#         104
  C:49F3H         LINE#         106
  C:49F6H         LINE#         107
  -------         ENDPROC       MAIN
  -------         PROC          _MEMMANAGE
  D:0004H         SYMBOL        Bcnt
  D:0001H         SYMBOL        Mcnt
  D:0003H         SYMBOL        Rcnt
  D:004FH         SYMBOL        FirstAddress
  C:55FCH         LINE#         110
  C:5600H         LINE#         111
  C:5600H         LINE#         112
  C:5637H         LINE#         113
  C:5637H         LINE#         114
  C:563DH         LINE#         115
  C:564FH         LINE#         116
  C:5665H         LINE#         117
  C:5668H         LINE#         118
  C:5668H         LINE#         120
  C:566AH         LINE#         121
  -------         ENDPROC       _MEMMANAGE
  -------         PROC          CLEARUSERVARS
  -------         DO            
  D:0003H         SYMBOL        i
  D:0007H         SYMBOL        j
  -------         ENDDO         
  C:5350H         LINE#         123
  C:5350H         LINE#         124
  C:5350H         LINE#         127
  C:5352H         LINE#         128
  C:5352H         LINE#         129
  C:5362H         LINE#         130
  C:5377H         LINE#         131
  C:5387H         LINE#         132
  C:5388H         LINE#         133
  C:53A6H         LINE#         134
  C:53AAH         LINE#         136
  C:53ACH         LINE#         137
  C:53AEH         LINE#         139
  C:53B0H         LINE#         140
  C:53B2H         LINE#         141
  C:53B7H         LINE#         142
  C:53B7H         LINE#         143
  C:53C1H         LINE#         145
  C:53CAH         LINE#         146
  C:53D3H         LINE#         148
  C:53D8H         LINE#         149
  C:53DCH         LINE#         150
  C:53E0H         LINE#         151
  C:53E5H         LINE#         152
  C:53E8H         LINE#         153
  -------         ENDPROC       CLEARUSERVARS
  -------         PROC          CONFIG_IO
  -------         DO            
  D:0007H         SYMBOL        SFRPAGE_SAVE
  -------         ENDDO         
  C:59FCH         LINE#         155
  C:59FCH         LINE#         156
  C:59FCH         LINE#         157
  C:59FEH         LINE#         159
BL51 BANKED LINKER/LOCATER V6.22            06/13/2016  10:09:30  PAGE 10


  C:5A01H         LINE#         161
  C:5A04H         LINE#         162
  C:5A07H         LINE#         163
  C:5A0AH         LINE#         164
  C:5A0DH         LINE#         166
  C:5A10H         LINE#         168
  C:5A13H         LINE#         169
  C:5A16H         LINE#         171
  C:5A19H         LINE#         172
  C:5A1CH         LINE#         174
  C:5A1FH         LINE#         175
  C:5A22H         LINE#         177
  C:5A24H         LINE#         178
  -------         ENDPROC       CONFIG_IO
  -------         PROC          CHECKRELAY
  -------         DO            
  D:004CH         SYMBOL        i
  B:0020H.7       SYMBOL        Invert
  -------         ENDDO         
  C:51B5H         LINE#         180
  C:51B5H         LINE#         181
  C:51B5H         LINE#         185
  C:51B8H         LINE#         186
  C:51B8H         LINE#         187
  C:51CFH         LINE#         189
  C:51E5H         LINE#         190
  C:51E5H         LINE#         191
  C:51F1H         LINE#         192
  C:5209H         LINE#         193
  C:5209H         LINE#         194
  C:521CH         LINE#         195
  C:521CH         LINE#         196
  C:522EH         LINE#         197
  C:5239H         LINE#         199
  C:5239H         LINE#         200
  C:5246H         LINE#         201
  C:5257H         LINE#         202
  C:526EH         LINE#         203
  C:526EH         LINE#         204
  C:5286H         LINE#         205
  C:5286H         LINE#         206
  C:5292H         LINE#         207
  -------         ENDPROC       CHECKRELAY
  -------         PROC          CHECKBUTTS
  -------         DO            
  D:004CH         SYMBOL        button
  D:004DH         SYMBOL        i
  D:004EH         SYMBOL        j
  D:004FH         SYMBOL        x
  D:0050H         SYMBOL        value
  D:0058H         SYMBOL        changebits
  -------         ENDDO         
  C:3403H         LINE#         209
  C:3403H         LINE#         210
  C:3403H         LINE#         216
  C:3418H         LINE#         218
  C:3425H         LINE#         219
  C:3441H         LINE#         221
  C:3466H         LINE#         223
  C:346FH         LINE#         224
  C:346FH         LINE#         226
  C:3472H         LINE#         227
  C:3490H         LINE#         228
  C:3498H         LINE#         229
  C:34C5H         LINE#         230
BL51 BANKED LINKER/LOCATER V6.22            06/13/2016  10:09:30  PAGE 11


  C:34E4H         LINE#         232
  C:3530H         LINE#         234
  C:353EH         LINE#         235
  C:353EH         LINE#         236
  C:3559H         LINE#         237
  C:3559H         LINE#         238
  C:3580H         LINE#         239
  C:3600H         LINE#         240
  C:3645H         LINE#         241
  C:3648H         LINE#         243
  C:3648H         LINE#         244
  C:3668H         LINE#         245
  C:3668H         LINE#         246
  C:368BH         LINE#         247
  C:36DBH         LINE#         248
  C:36F6H         LINE#         249
  C:36F6H         LINE#         250
  C:36F6H         LINE#         252
  C:36F6H         LINE#         253
  C:36F9H         LINE#         255
  C:36F9H         LINE#         256
  C:3714H         LINE#         257
  C:3714H         LINE#         258
  C:3755H         LINE#         259
  C:375FH         LINE#         260
  C:375FH         LINE#         261
  C:3762H         LINE#         262
  C:37ABH         LINE#         263
  C:37BDH         LINE#         264
  C:37EAH         LINE#         266
  C:3810H         LINE#         267
  C:3810H         LINE#         268
  C:3810H         LINE#         269
  C:3810H         LINE#         270
  C:3810H         LINE#         271
  -------         ENDPROC       CHECKBUTTS
  -------         PROC          _PROCESSRX
  D:004CH         SYMBOL        port
  D:004DH         SYMBOL        index
  -------         DO            
  D:004EH         SYMBOL        i
  D:004FH         SYMBOL        j
  D:0050H         SYMBOL        x
  D:0051H         SYMBOL        value
  D:0059H         SYMBOL        RxMsg
  D:005AH         SYMBOL        rx
  B:0020H.7       SYMBOL        test
  -------         ENDDO         
  C:3811H         LINE#         276
  C:3815H         LINE#         277
  C:3815H         LINE#         282
  C:3817H         LINE#         284
  C:381BH         LINE#         285
  C:3826H         LINE#         287
  C:382FH         LINE#         289
  C:3832H         LINE#         290
  C:3836H         LINE#         291
  C:3839H         LINE#         294
  C:385EH         LINE#         296
  C:3867H         LINE#         297
  C:3867H         LINE#         299
  C:3867H         LINE#         300
  C:386AH         LINE#         301
  C:386AH         LINE#         303
  C:388EH         LINE#         304
BL51 BANKED LINKER/LOCATER V6.22            06/13/2016  10:09:30  PAGE 12


  C:3896H         LINE#         305
  C:3896H         LINE#         307
  C:38BDH         LINE#         308
  C:3926H         LINE#         309
  C:392DH         LINE#         311
  C:393EH         LINE#         313
  C:3944H         LINE#         314
  C:3944H         LINE#         315
  C:3947H         LINE#         316
  C:3961H         LINE#         317
  C:3965H         LINE#         318
  C:3983H         LINE#         320
  C:39D8H         LINE#         322
  C:39E6H         LINE#         323
  C:39E6H         LINE#         324
  C:3A0DH         LINE#         325
  C:3A8DH         LINE#         326
  C:3ADCH         LINE#         327
  C:3ADCH         LINE#         329
  C:3ADCH         LINE#         330
  C:3B1DH         LINE#         331
  C:3B27H         LINE#         332
  C:3B27H         LINE#         333
  C:3B4BH         LINE#         334
  C:3B91H         LINE#         335
  C:3BA2H         LINE#         336
  C:3BD8H         LINE#         337
  C:3BD8H         LINE#         338
  C:3BD8H         LINE#         339
  C:3BD8H         LINE#         340
  C:3BD8H         LINE#         341
  -------         ENDPROC       _PROCESSRX
  -------         PROC          _ADDMESSAGE
  D:0007H         SYMBOL        port
  D:004DH         SYMBOL        ID
  D:0051H         SYMBOL        Rate
  D:0053H         SYMBOL        cnt
  D:0054H         SYMBOL        dat
  -------         DO            
  D:0057H         SYMBOL        i
  -------         ENDDO         
  C:4774H         LINE#         349
  C:4774H         LINE#         350
  C:4774H         LINE#         353
  C:4789H         LINE#         355
  C:47ADH         LINE#         356
  C:47CCH         LINE#         357
  C:47E8H         LINE#         358
  C:4803H         LINE#         359
  C:4810H         LINE#         360
  C:4810H         LINE#         361
  C:4850H         LINE#         362
  C:488AH         LINE#         363
  C:488FH         LINE#         364
  C:48B5H         LINE#         366
  C:48BFH         LINE#         367
  C:48C5H         LINE#         369
  C:48CDH         LINE#         370
  -------         ENDPROC       _ADDMESSAGE
  -------         PROC          _ALTERMESSAGEBYTE
  D:0007H         SYMBOL        port
  D:005EH         SYMBOL        ID
  D:0062H         SYMBOL        index
  D:0063H         SYMBOL        value
  D:0066H         SYMBOL        numbytes
BL51 BANKED LINKER/LOCATER V6.22            06/13/2016  10:09:30  PAGE 13


  D:0067H         SYMBOL        count
  -------         DO            
  D:0068H         SYMBOL        i
  D:0069H         SYMBOL        j
  -------         ENDDO         
  C:49F9H         LINE#         379
  C:49F9H         LINE#         380
  C:49F9H         LINE#         383
  C:4A0EH         LINE#         385
  C:4A47H         LINE#         387
  C:4A55H         LINE#         388
  C:4A55H         LINE#         389
  C:4A78H         LINE#         390
  C:4A78H         LINE#         391
  C:4AB7H         LINE#         392
  C:4ABBH         LINE#         393
  C:4AD9H         LINE#         395
  C:4B18H         LINE#         396
  C:4B1DH         LINE#         397
  C:4B1DH         LINE#         398
  -------         ENDPROC       _ALTERMESSAGEBYTE
  -------         PROC          _SIMPLEBUTTONCONFIG
  D:0003H         SYMBOL        button
  D:0005H         SYMBOL        port
  D:004EH         SYMBOL        ID
  D:0052H         SYMBOL        mask
  D:0055H         SYMBOL        value
  D:0058H         SYMBOL        count
  -------         DO            
  D:005AH         SYMBOL        i
  -------         ENDDO         
  C:4C2DH         LINE#         407
  C:4C2FH         LINE#         408
  C:4C2FH         LINE#         411
  C:4C44H         LINE#         413
  C:4C5FH         LINE#         414
  C:4C79H         LINE#         415
  C:4C8AH         LINE#         416
  C:4C8DH         LINE#         417
  C:4C8DH         LINE#         418
  C:4CCDH         LINE#         419
  C:4D0DH         LINE#         420
  C:4D18H         LINE#         421
  C:4D21H         LINE#         422
  C:4D24H         LINE#         424
  C:4D2CH         LINE#         425
  -------         ENDPROC       _SIMPLEBUTTONCONFIG
  -------         PROC          _RXMESSAGECONFIG1
  D:0007H         SYMBOL        port
  D:004DH         SYMBOL        ID
  D:0051H         SYMBOL        mask
  D:0054H         SYMBOL        value
  D:0057H         SYMBOL        count
  -------         DO            
  D:0058H         SYMBOL        i
  -------         ENDDO         
  C:4FEFH         LINE#         434
  C:4FEFH         LINE#         435
  C:4FEFH         LINE#         438
  C:5019H         LINE#         440
  C:5034H         LINE#         441
  C:503EH         LINE#         442
  C:503EH         LINE#         443
  C:5074H         LINE#         444
  C:50B4H         LINE#         445
BL51 BANKED LINKER/LOCATER V6.22            06/13/2016  10:09:30  PAGE 14


  C:50B9H         LINE#         447
  C:50C6H         LINE#         448
  C:50C9H         LINE#         450
  C:50D1H         LINE#         451
  -------         ENDPROC       _RXMESSAGECONFIG1
  -------         PROC          _RXMESSAGECONFIG2
  D:004CH         SYMBOL        index
  D:0005H         SYMBOL        outport
  D:004EH         SYMBOL        outID
  D:0052H         SYMBOL        outmask
  D:0055H         SYMBOL        outvalue
  D:0058H         SYMBOL        count
  D:0059H         SYMBOL        altercount
  -------         DO            
  D:005AH         SYMBOL        i
  -------         ENDDO         
  C:4D2DH         LINE#         460
  C:4D2FH         LINE#         461
  C:4D2FH         LINE#         464
  C:4D44H         LINE#         465
  C:4D68H         LINE#         466
  C:4D84H         LINE#         467
  C:4DA0H         LINE#         468
  C:4DAAH         LINE#         469
  C:4DAAH         LINE#         470
  C:4DE0H         LINE#         471
  C:4E16H         LINE#         472
  C:4E1AH         LINE#         473
  -------         ENDPROC       _RXMESSAGECONFIG2
  -------         PROC          _RELAYCTRL
  D:0007H         SYMBOL        num
  D:0003H         SYMBOL        type
  -------         DO            
  D:0005H         SYMBOL        relay
  B:0020H.0       SYMBOL        R3
  B:0020H.1       SYMBOL        R4
  -------         ENDDO         
  C:5502H         LINE#         480
  C:5504H         LINE#         481
  C:5504H         LINE#         482
  C:5506H         LINE#         485
  C:5515H         LINE#         486
  C:5515H         LINE#         487
  C:5515H         LINE#         488
  C:551BH         LINE#         489
  C:5522H         LINE#         491
  C:5527H         LINE#         492
  C:5529H         LINE#         493
  C:5529H         LINE#         494
  C:552FH         LINE#         495
  C:5536H         LINE#         497
  C:553BH         LINE#         498
  C:553DH         LINE#         499
  C:553DH         LINE#         500
  C:5543H         LINE#         501
  C:554AH         LINE#         503
  C:554FH         LINE#         505
  C:5551H         LINE#         506
  C:5559H         LINE#         507
  C:555BH         LINE#         508
  C:555BH         LINE#         509
  C:5561H         LINE#         510
  C:5568H         LINE#         512
  C:556DH         LINE#         514
  C:556FH         LINE#         515
BL51 BANKED LINKER/LOCATER V6.22            06/13/2016  10:09:30  PAGE 15


  C:5578H         LINE#         516
  C:5578H         LINE#         517
  C:5578H         LINE#         519
  C:557BH         LINE#         520
  C:5580H         LINE#         521
  -------         ENDPROC       _RELAYCTRL
  -------         ENDMOD        MAINCODE

  -------         MODULE        CAN
  C:0000H         SYMBOL        _ICE_DUMMY_
  C:4B1EH         PUBLIC        _initRxFrameID
  D:0080H         PUBLIC        P0
  D:00A0H         PUBLIC        P2
  D:00B0H         PUBLIC        P3
  D:00E7H         PUBLIC        EIE2
  C:0006H         PUBLIC        _init_msg_object_rx
  D:00E8H         PUBLIC        ADC0CN
  D:0084H         PUBLIC        SFRPAGE
  D:00E8H         PUBLIC        ADC2CN
  D:00A8H         PUBLIC        IE
  D:00F8H         PUBLIC        CAN0CN
  D:00D8H         PUBLIC        PCA0CN
  D:00B8H         PUBLIC        IP
  C:59D2H         PUBLIC        _config_CAN_timing
  C:5581H         PUBLIC        INT_CAN
  D:00C0H         PUBLIC        SMB0CN
  D:00D9H         PUBLIC        CAN0DATH
  D:00D8H         PUBLIC        CAN0DATL
  D:0088H         PUBLIC        CPT0CN
  D:0088H         PUBLIC        CPT1CN
  D:0088H         PUBLIC        CPT2CN
  D:00F8H         PUBLIC        SPI0CN
  C:53E9H         PUBLIC        _clear_message_object
  D:0088H         PUBLIC        TCON
  D:00C8H         PUBLIC        TMR2CN
  D:00C8H         PUBLIC        TMR3CN
  D:00C8H         PUBLIC        TMR4CN
  C:5889H         PUBLIC        _TxFrame
  X:0326H         PUBLIC        IntReg
  B:00A8H.0       PUBLIC        EX0
  D:00DAH         PUBLIC        CAN0ADR
  D:00D8H         PUBLIC        CAN0DAT
  D:0098H         PUBLIC        SCON0
  D:0098H         PUBLIC        SCON1
  D:00C0H         PUBLIC        CAN0STA
  C:42B0H         PUBLIC        _rx_can_frame
  C:4F08H         PUBLIC        _tx_can_frame
  X:0327H         PUBLIC        RxBuffCnt
  D:00D0H         PUBLIC        PSW
  -------         PROC          _TXFRAME
  D:0028H         SYMBOL        port
  -------         DO            
  D:0029H         SYMBOL        TxBuff
  -------         ENDDO         
  C:5889H         LINE#         26
  C:588BH         LINE#         27
  C:588BH         LINE#         30
  C:588FH         LINE#         31
  C:588FH         LINE#         32
  C:5895H         LINE#         33
  C:589AH         LINE#         34
  C:589AH         LINE#         35
  C:589FH         LINE#         36
  C:589FH         LINE#         37
  C:58ADH         LINE#         38
BL51 BANKED LINKER/LOCATER V6.22            06/13/2016  10:09:30  PAGE 16


  C:58ADH         LINE#         39
  C:58B2H         LINE#         40
  C:58B7H         LINE#         41
  C:58B7H         LINE#         42
  C:58B7H         LINE#         43
  -------         ENDPROC       _TXFRAME
  -------         PROC          _INITRXFRAMEID
  D:0059H         SYMBOL        port
  D:005AH         SYMBOL        arbID
  -------         DO            
  D:005EH         SYMBOL        i
  D:005FH         SYMBOL        rx
  D:0062H         SYMBOL        BuffSize
  -------         ENDDO         
  C:4B1EH         LINE#         55
  C:4B20H         LINE#         56
  C:4B20H         LINE#         61
  C:4B24H         LINE#         62
  C:4B24H         LINE#         63
  C:4B2DH         LINE#         64
  C:4B30H         LINE#         65
  C:4B32H         LINE#         67
  C:4B32H         LINE#         68
  C:4B3BH         LINE#         69
  C:4B3EH         LINE#         70
  C:4B3EH         LINE#         72
  C:4B85H         LINE#         74
  C:4BB3H         LINE#         75
  C:4BB3H         LINE#         76
  C:4BD9H         LINE#         77
  C:4BDDH         LINE#         78
  C:4BDDH         LINE#         79
  C:4BEEH         LINE#         80
  C:4BEEH         LINE#         81
  C:4BF3H         LINE#         82
  C:4BF3H         LINE#         83
  C:4C0DH         LINE#         84
  C:4C0FH         LINE#         85
  C:4C0FH         LINE#         86
  C:4C1DH         LINE#         87
  C:4C1DH         LINE#         89
  C:4C2AH         LINE#         90
  C:4C2CH         LINE#         91
  -------         ENDPROC       _INITRXFRAMEID
  -------         PROC          _CLEAR_MESSAGE_OBJECT
  D:0001H         SYMBOL        port
  D:0002H         SYMBOL        mesgobj
  D:0003H         SYMBOL        count
  -------         DO            
  D:0030H         SYMBOL        BuffSize
  -------         ENDDO         
  C:53E9H         LINE#         104
  C:53EDH         LINE#         105
  C:53EDH         LINE#         108
  C:53F0H         LINE#         109
  C:53F0H         LINE#         110
  C:53F3H         LINE#         111
  C:53F6H         LINE#         112
  C:53F9H         LINE#         113
  C:53FCH         LINE#         114
  C:53FEH         LINE#         116
  C:5401H         LINE#         118
  C:540AH         LINE#         119
  C:540AH         LINE#         120
  C:540DH         LINE#         121
BL51 BANKED LINKER/LOCATER V6.22            06/13/2016  10:09:30  PAGE 17


  C:540DH         LINE#         122
  C:5410H         LINE#         123
  C:5412H         LINE#         124
  C:5428H         LINE#         125
  C:5439H         LINE#         126
  C:5439H         LINE#         127
  C:543CH         LINE#         128
  C:543CH         LINE#         129
  C:5451H         LINE#         130
  C:5466H         LINE#         131
  C:5476H         LINE#         132
  C:5476H         LINE#         134
  C:5477H         LINE#         135
  C:5478H         LINE#         136
  C:547AH         LINE#         137
  -------         ENDPROC       _CLEAR_MESSAGE_OBJECT
  -------         PROC          _CONFIG_CAN_TIMING
  D:0006H         SYMBOL        CANbaud
  C:59D2H         LINE#         149
  C:59D2H         LINE#         150
  C:59D2H         LINE#         151
  C:59D5H         LINE#         152
  C:59D8H         LINE#         153
  C:59DBH         LINE#         155
  C:59DBH         LINE#         156
  C:59DBH         LINE#         157
  C:59E7H         LINE#         158
  C:59E7H         LINE#         159
  C:59E7H         LINE#         160
  C:59EAH         LINE#         161
  C:59EDH         LINE#         162
  C:59EEH         LINE#         163
  C:59EEH         LINE#         164
  C:59F1H         LINE#         165
  C:59F4H         LINE#         166
  C:59F5H         LINE#         167
  C:59F5H         LINE#         168
  C:59F5H         LINE#         169
  C:59F8H         LINE#         170
  C:59FBH         LINE#         171
  C:59FBH         LINE#         172
  C:59FBH         LINE#         173
  C:59FBH         LINE#         174
  C:59FBH         LINE#         175
  C:59FBH         LINE#         178
  C:59FBH         LINE#         179
  C:59FBH         LINE#         180
  C:59FBH         LINE#         183
  -------         ENDPROC       _CONFIG_CAN_TIMING
  -------         PROC          _RX_CAN_FRAME
  D:0024H         SYMBOL        IntReg
  C:42B0H         LINE#         197
  C:42B2H         LINE#         198
  C:42B2H         LINE#         199
  C:42B5H         LINE#         201
  C:42C8H         LINE#         203
  C:42CBH         LINE#         204
  C:42CEH         LINE#         205
  C:42D1H         LINE#         206
  C:42E4H         LINE#         208
  C:42F2H         LINE#         212
  C:42F5H         LINE#         215
  C:42FDH         LINE#         216
  C:42FDH         LINE#         218
  C:4300H         LINE#         219
BL51 BANKED LINKER/LOCATER V6.22            06/13/2016  10:09:30  PAGE 18


  C:4326H         LINE#         220
  C:4329H         LINE#         221
  C:4386H         LINE#         222
  C:4388H         LINE#         225
  C:43AAH         LINE#         229
  C:43ADH         LINE#         230
  C:43C4H         LINE#         233
  C:43C7H         LINE#         234
  C:43DAH         LINE#         235
  C:43DDH         LINE#         236
  C:43F0H         LINE#         238
  C:43F3H         LINE#         239
  C:4406H         LINE#         240
  C:4409H         LINE#         241
  C:441CH         LINE#         243
  C:441FH         LINE#         244
  C:4432H         LINE#         245
  C:4435H         LINE#         246
  C:4448H         LINE#         248
  C:444BH         LINE#         249
  C:445EH         LINE#         250
  C:4461H         LINE#         251
  C:4474H         LINE#         253
  C:4476H         LINE#         254
  -------         ENDPROC       _RX_CAN_FRAME
  -------         PROC          INT_CAN
  -------         DO            
  D:0007H         SYMBOL        IntReg
  D:0022H         SYMBOL        hldSFRpage
  D:0023H         SYMBOL        status
  -------         ENDDO         
  C:5581H         LINE#         264
  C:559EH         LINE#         267
  C:55A1H         LINE#         270
  C:55A4H         LINE#         272
  C:55A7H         LINE#         274
  C:55A9H         LINE#         275
  C:55ACH         LINE#         276
  C:55ACH         LINE#         277
  C:55AEH         LINE#         278
  C:55B1H         LINE#         281
  C:55B4H         LINE#         284
  C:55B6H         LINE#         286
  C:55B6H         LINE#         288
  C:55B8H         LINE#         289
  C:55C0H         LINE#         290
  C:55C0H         LINE#         291
  C:55C2H         LINE#         293
  C:55C2H         LINE#         299
  C:55C5H         LINE#         301
  C:55CBH         LINE#         302
  C:55CBH         LINE#         303
  C:55CEH         LINE#         304
  C:55D1H         LINE#         305
  C:55D1H         LINE#         308
  C:55D4H         LINE#         309
  C:55D4H         LINE#         311
  C:55D7H         LINE#         312
  C:55D9H         LINE#         314
  C:55D9H         LINE#         315
  C:55DCH         LINE#         316
  C:55DEH         LINE#         317
  C:55DEH         LINE#         319
  C:55E1H         LINE#         320
  -------         ENDPROC       INT_CAN
BL51 BANKED LINKER/LOCATER V6.22            06/13/2016  10:09:30  PAGE 19


  -------         PROC          _TX_CAN_FRAME
  D:0001H         SYMBOL        KWPopts
  -------         DO            
  D:0002H         SYMBOL        timeout
  -------         ENDDO         
  C:4F08H         LINE#         331
  C:4F0AH         LINE#         332
  C:4F0AH         LINE#         333
  C:4F0EH         LINE#         335
  C:4F11H         LINE#         337
  C:4F14H         LINE#         338
  C:4F17H         LINE#         340
  C:4F1AH         LINE#         341
  C:4F20H         LINE#         342
  C:4F23H         LINE#         345
  C:4F2DH         LINE#         346
  C:4F2DH         LINE#         348
  C:4F3BH         LINE#         349
  C:4F54H         LINE#         350
  C:4F56H         LINE#         352
  C:4F56H         LINE#         354
  C:4F5BH         LINE#         355
  C:4F75H         LINE#         356
  C:4F75H         LINE#         358
  C:4F78H         LINE#         360
  C:4F85H         LINE#         361
  C:4F89H         LINE#         362
  C:4F8BH         LINE#         364
  C:4F8EH         LINE#         365
  C:4F9EH         LINE#         366
  C:4FAEH         LINE#         367
  C:4FBEH         LINE#         368
  C:4FCEH         LINE#         370
  C:4FD1H         LINE#         371
  C:4FD7H         LINE#         373
  C:4FDAH         LINE#         375
  C:4FDEH         LINE#         376
  C:4FDEH         LINE#         377
  C:4FE5H         LINE#         378
  C:4FECH         LINE#         379
  C:4FECH         LINE#         381
  C:4FEEH         LINE#         382
  -------         ENDPROC       _TX_CAN_FRAME
  -------         PROC          _INIT_MSG_OBJECT_RX
  D:0003H         SYMBOL        MsgNum
  D:0064H         SYMBOL        arbID
  C:0006H         LINE#         421
  C:0008H         LINE#         422
  C:0008H         LINE#         423
  C:000BH         LINE#         424
  C:000EH         LINE#         425
  C:0014H         LINE#         426
  C:0017H         LINE#         428
  C:001DH         LINE#         429
  C:001DH         LINE#         431
  C:0028H         LINE#         432
  C:003EH         LINE#         433
  C:0040H         LINE#         435
  C:0040H         LINE#         437
  C:0045H         LINE#         438
  C:005AH         LINE#         439
  C:005AH         LINE#         442
  C:0060H         LINE#         443
  C:0063H         LINE#         444
  C:0065H         LINE#         446
BL51 BANKED LINKER/LOCATER V6.22            06/13/2016  10:09:30  PAGE 20


  -------         ENDPROC       _INIT_MSG_OBJECT_RX
  -------         ENDMOD        CAN

  -------         MODULE        SPI
  C:0000H         SYMBOL        _ICE_DUMMY_
  D:009DH         PUBLIC        SPI0CKR
  D:0080H         PUBLIC        P0
  B:00F8H.0       PUBLIC        SPIEN
  D:00A0H         PUBLIC        P2
  D:00B0H         PUBLIC        P3
  C:5B84H         PUBLIC        SPI_init
  D:00E8H         PUBLIC        ADC0CN
  D:0084H         PUBLIC        SFRPAGE
  C:5B92H         PUBLIC        _CAN1begin
  D:00E8H         PUBLIC        ADC2CN
  C:5720H         PUBLIC        _CAN1configRate
  C:5B23H         PUBLIC        CAN1readRxStat
  D:00A8H         PUBLIC        IE
  C:0076H         PUBLIC        _CAN1start_transmit
  D:00F8H         PUBLIC        CAN0CN
  D:00D8H         PUBLIC        PCA0CN
  D:00B8H         PUBLIC        IP
  C:5AF5H         PUBLIC        _CAN1setRegister
  C:5B3EH         PUBLIC        _spiCAN
  D:00C0H         PUBLIC        SMB0CN
  D:0088H         PUBLIC        CPT0CN
  C:5B50H         PUBLIC        CAN1reset
  D:0088H         PUBLIC        CPT1CN
  C:5B0CH         PUBLIC        CAN1readStatus
  D:0088H         PUBLIC        CPT2CN
  D:00F8H         PUBLIC        SPI0CN
  B:00F8H.7       PUBLIC        SPIF
  D:0088H         PUBLIC        TCON
  B:00F8H.2       PUBLIC        NSSMD0
  D:00C8H         PUBLIC        TMR2CN
  D:00C8H         PUBLIC        TMR3CN
  C:57C3H         PUBLIC        _CAN1getNextFreeTXBuf
  D:00C8H         PUBLIC        TMR4CN
  C:566BH         PUBLIC        _CAN1init
  C:0098H         SYMBOL        _?ix1000
  D:001AH         PUBLIC        hldSFRPAGE
  C:5AA3H         PUBLIC        _CAN1setCANCTRL_Mode
  C:5293H         PUBLIC        _CAN1init_FiltersNMasks
  B:00A8H.0       PUBLIC        EX0
  C:5AEAH         PUBLIC        SPI_Rxbyte
  C:5B9DH         PUBLIC        INT_CAN1
  C:5B6BH         PUBLIC        _SPI_Txbyte
  C:5A86H         PUBLIC        _CAN1modifyRegister
  C:4477H         PUBLIC        _CAN1read_canMsg
  C:4E1BH         PUBLIC        CAN1initCANBuffers
  C:547BH         PUBLIC        _CAN1write_id
  D:0098H         PUBLIC        SCON0
  D:0098H         PUBLIC        SCON1
  D:00C0H         PUBLIC        CAN0STA
  C:5A68H         PUBLIC        _CAN1readRegister
  D:009AH         PUBLIC        SPI0CFG
  C:50D2H         PUBLIC        _CAN1write_canMsg
  C:58B8H         PUBLIC        _CAN1setRegisterS
  D:009BH         PUBLIC        SPI0DAT
  D:00D0H         PUBLIC        PSW
  -------         PROC          SPI_INIT
  C:5B84H         LINE#         20
  C:5B84H         LINE#         21
  C:5B84H         LINE#         22
  C:5B87H         LINE#         24
BL51 BANKED LINKER/LOCATER V6.22            06/13/2016  10:09:30  PAGE 21


  C:5B89H         LINE#         26
  C:5B8CH         LINE#         28
  C:5B8EH         LINE#         30
  C:5B91H         LINE#         31
  -------         ENDPROC       SPI_INIT
  -------         PROC          L?0115
  -------         ENDPROC       L?0115
  -------         PROC          SPI_RXBYTE
  C:5AEAH         LINE#         35
  C:5AEAH         LINE#         36
  C:5AEAH         LINE#         39
  C:5AECH         LINE#         40
  C:5AEFH         LINE#         41
  C:5AF2H         LINE#         42
  C:5AF4H         LINE#         44
  -------         ENDPROC       SPI_RXBYTE
  C:5B66H         SYMBOL        L?0119
  -------         PROC          L?0118
  -------         ENDPROC       L?0118
  C:5B66H         SYMBOL        L?0119
  -------         PROC          _SPI_TXBYTE
  D:0007H         SYMBOL        value
  C:5B6BH         LINE#         47
  C:5B6BH         LINE#         48
  C:5B6BH         LINE#         51
  C:5B6DH         LINE#         52
  C:5B6FH         LINE#         53
  C:5B72H         LINE#         54
  C:5B74H         LINE#         55
  -------         ENDPROC       _SPI_TXBYTE
  C:5B3AH         SYMBOL        L?0117
  -------         PROC          L?0116
  -------         ENDPROC       L?0116
  C:5B3AH         SYMBOL        L?0117
  -------         PROC          _SPICAN
  D:0007H         SYMBOL        Enable
  C:5B3EH         LINE#         58
  C:5B3EH         LINE#         59
  C:5B3EH         LINE#         60
  C:5B41H         LINE#         61
  C:5B41H         LINE#         62
  C:5B44H         LINE#         63
  C:5B47H         LINE#         64
  C:5B49H         LINE#         65
  C:5B4AH         LINE#         67
  C:5B4AH         LINE#         68
  C:5B4CH         LINE#         69
  C:5B4FH         LINE#         70
  C:5B4FH         LINE#         71
  -------         ENDPROC       _SPICAN
  -------         PROC          CAN1RESET
  C:5B50H         LINE#         80
  C:5B50H         LINE#         81
  C:5B50H         LINE#         82
  C:5B55H         LINE#         83
  C:5B5AH         LINE#         84
  C:5B5FH         LINE#         86
  -------         ENDPROC       CAN1RESET
  -------         PROC          _CAN1READREGISTER
  D:0006H         SYMBOL        address
  -------         DO            
  D:0005H         SYMBOL        ret
  -------         ENDDO         
  C:5A68H         LINE#         93
  C:5A68H         LINE#         94
BL51 BANKED LINKER/LOCATER V6.22            06/13/2016  10:09:30  PAGE 22


  C:5A68H         LINE#         97
  C:5A6BH         LINE#         98
  C:5A6DH         LINE#         99
  C:5A72H         LINE#         100
  C:5A74H         LINE#         101
  C:5A79H         LINE#         102
  C:5A7EH         LINE#         104
  C:5A83H         LINE#         105
  C:5A85H         LINE#         106
  -------         ENDPROC       _CAN1READREGISTER
  -------         PROC          _CAN1SETREGISTER
  D:0005H         SYMBOL        address
  D:0006H         SYMBOL        value
  C:5AF5H         LINE#         133
  C:5AF9H         LINE#         134
  C:5AF9H         LINE#         135
  C:5AFEH         LINE#         136
  C:5B02H         LINE#         137
  C:5B04H         LINE#         138
  C:5B07H         LINE#         140
  -------         ENDPROC       _CAN1SETREGISTER
  -------         PROC          _CAN1SETREGISTERS
  D:0006H         SYMBOL        address
  D:0043H         SYMBOL        values
  D:0046H         SYMBOL        n
  -------         DO            
  D:0006H         SYMBOL        i
  -------         ENDDO         
  C:58B8H         LINE#         147
  C:58BEH         LINE#         148
  C:58BEH         LINE#         151
  C:58C1H         LINE#         152
  C:58C2H         LINE#         153
  C:58C5H         LINE#         155
  C:58CDH         LINE#         156
  C:58CDH         LINE#         157
  C:58DFH         LINE#         158
  C:58E2H         LINE#         160
  -------         ENDPROC       _CAN1SETREGISTERS
  -------         PROC          _CAN1MODIFYREGISTER
  D:0006H         SYMBOL        address
  D:0005H         SYMBOL        mask
  D:0004H         SYMBOL        value
  C:5A86H         LINE#         167
  C:5A8AH         LINE#         168
  C:5A8AH         LINE#         169
  C:5A8FH         LINE#         170
  C:5A91H         LINE#         171
  C:5A94H         LINE#         172
  C:5A99H         LINE#         173
  C:5A9EH         LINE#         175
  -------         ENDPROC       _CAN1MODIFYREGISTER
  -------         PROC          CAN1READSTATUS
  -------         DO            
  D:0006H         SYMBOL        ret
  -------         ENDDO         
  C:5B0CH         LINE#         182
  C:5B0CH         LINE#         183
  C:5B0CH         LINE#         185
  C:5B11H         LINE#         186
  C:5B16H         LINE#         187
  C:5B1BH         LINE#         189
  C:5B20H         LINE#         190
  C:5B22H         LINE#         191
  -------         ENDPROC       CAN1READSTATUS
BL51 BANKED LINKER/LOCATER V6.22            06/13/2016  10:09:30  PAGE 23


  -------         PROC          CAN1READRXSTAT
  -------         DO            
  D:0006H         SYMBOL        ret
  -------         ENDDO         
  C:5B23H         LINE#         197
  C:5B23H         LINE#         198
  C:5B23H         LINE#         200
  C:5B28H         LINE#         201
  C:5B2DH         LINE#         202
  C:5B32H         LINE#         204
  C:5B37H         LINE#         205
  C:5B39H         LINE#         206
  -------         ENDPROC       CAN1READRXSTAT
  -------         PROC          _CAN1SETCANCTRL_MODE
  D:0002H         SYMBOL        newmode
  -------         DO            
  D:0007H         SYMBOL        i
  -------         ENDDO         
  C:5AA3H         LINE#         212
  C:5AA5H         LINE#         213
  C:5AA5H         LINE#         216
  C:5AAEH         LINE#         218
  C:5AB3H         LINE#         219
  C:5AB6H         LINE#         221
  C:5ABAH         LINE#         222
  C:5ABAH         LINE#         223
  C:5ABDH         LINE#         224
  C:5ABDH         LINE#         226
  C:5ABFH         LINE#         227
  -------         ENDPROC       _CAN1SETCANCTRL_MODE
  -------         PROC          _CAN1CONFIGRATE
  D:0007H         SYMBOL        canSpeed
  -------         DO            
  D:0001H         SYMBOL        set
  D:0002H         SYMBOL        cfg1
  D:0003H         SYMBOL        cfg2
  D:0004H         SYMBOL        cfg3
  -------         ENDDO         
  C:5720H         LINE#         233
  C:5720H         LINE#         234
  C:5720H         LINE#         236
  C:5722H         LINE#         237
  C:5732H         LINE#         238
  C:5732H         LINE#         239
  C:5732H         LINE#         240
  C:5734H         LINE#         241
  C:5736H         LINE#         242
  C:5738H         LINE#         243
  C:573AH         LINE#         245
  C:573AH         LINE#         246
  C:573CH         LINE#         247
  C:573CH         LINE#         248
  C:573CH         LINE#         249
  C:573EH         LINE#         251
  C:573EH         LINE#         252
  C:5740H         LINE#         253
  C:5740H         LINE#         254
  C:5740H         LINE#         255
  C:5742H         LINE#         257
  C:5742H         LINE#         258
  C:5744H         LINE#         259
  C:5746H         LINE#         260
  C:5748H         LINE#         261
  C:574AH         LINE#         263
  C:574AH         LINE#         264
BL51 BANKED LINKER/LOCATER V6.22            06/13/2016  10:09:30  PAGE 24


  C:574CH         LINE#         265
  C:574EH         LINE#         266
  C:5750H         LINE#         267
  C:5752H         LINE#         270
  C:5752H         LINE#         271
  C:5754H         LINE#         272
  C:5754H         LINE#         273
  C:5754H         LINE#         275
  C:5757H         LINE#         276
  C:575EH         LINE#         277
  C:5765H         LINE#         278
  C:576CH         LINE#         279
  C:576FH         LINE#         280
  C:576FH         LINE#         281
  C:576FH         LINE#         282
  C:5771H         LINE#         283
  C:5771H         LINE#         284
  -------         ENDPROC       _CAN1CONFIGRATE
  -------         PROC          _CAN1WRITE_ID
  D:0001H         SYMBOL        mcp_addr
  D:003AH         SYMBOL        id
  -------         DO            
  D:0002H         SYMBOL        canid
  D:003EH         SYMBOL        tbufdata
  -------         ENDDO         
  C:547BH         LINE#         290
  C:547DH         LINE#         291
  C:547DH         LINE#         295
  C:5488H         LINE#         297
  C:5491H         LINE#         298
  C:5491H         LINE#         299
  C:5496H         LINE#         300
  C:5498H         LINE#         301
  C:54A7H         LINE#         302
  C:54ACH         LINE#         303
  C:54BEH         LINE#         304
  C:54C1H         LINE#         305
  C:54CFH         LINE#         306
  C:54D1H         LINE#         308
  C:54D1H         LINE#         309
  C:54DFH         LINE#         310
  C:54EFH         LINE#         311
  C:54F2H         LINE#         312
  C:54F4H         LINE#         313
  C:54F4H         LINE#         314
  -------         ENDPROC       _CAN1WRITE_ID
  -------         PROC          CAN1INITCANBUFFERS
  -------         DO            
  D:0001H         SYMBOL        i
  D:0004H         SYMBOL        a1
  D:0003H         SYMBOL        a2
  D:0002H         SYMBOL        a3
  D:0031H         SYMBOL        ulMask
  D:0035H         SYMBOL        ulFilt
  -------         ENDDO         
  C:4E1BH         LINE#         343
  C:4E1BH         LINE#         344
  C:4E1BH         LINE#         348
  C:4E2FH         LINE#         351
  C:4E46H         LINE#         352
  C:4E5DH         LINE#         355
  C:4E74H         LINE#         356
  C:4E85H         LINE#         357
  C:4E9CH         LINE#         358
  C:4EADH         LINE#         359
BL51 BANKED LINKER/LOCATER V6.22            06/13/2016  10:09:30  PAGE 25


  C:4EC4H         LINE#         360
  C:4ED5H         LINE#         361
  C:4EDCH         LINE#         362
  C:4EE3H         LINE#         367
  C:4EE5H         LINE#         368
  C:4EE7H         LINE#         369
  C:4EE9H         LINE#         370
  C:4EEBH         LINE#         371
  C:4EF2H         LINE#         372
  C:4EF9H         LINE#         373
  C:4F00H         LINE#         374
  C:4F01H         LINE#         375
  C:4F02H         LINE#         376
  C:4F03H         LINE#         377
  C:4F07H         LINE#         378
  -------         ENDPROC       CAN1INITCANBUFFERS
  -------         PROC          _CAN1INIT
  D:0030H         SYMBOL        canSpeed
  -------         DO            
  D:0007H         SYMBOL        res
  -------         ENDDO         
  C:566BH         LINE#         384
  C:566DH         LINE#         385
  C:566DH         LINE#         389
  C:5670H         LINE#         393
  C:5678H         LINE#         394
  C:5679H         LINE#         396
  C:5681H         LINE#         397
  C:5682H         LINE#         400
  C:5685H         LINE#         401
  C:568CH         LINE#         403
  C:5693H         LINE#         407
  C:569CH         LINE#         410
  C:56A5H         LINE#         413
  C:56B3H         LINE#         414
  C:56C1H         LINE#         416
  C:56C9H         LINE#         417
  C:56CAH         LINE#         419
  C:56CAH         LINE#         420
  -------         ENDPROC       _CAN1INIT
  -------         PROC          _CAN1BEGIN
  D:0007H         SYMBOL        speedset
  C:5B92H         LINE#         426
  C:5B92H         LINE#         427
  C:5B92H         LINE#         429
  C:5B98H         LINE#         430
  C:5B9AH         LINE#         432
  C:5B9CH         LINE#         433
  -------         ENDPROC       _CAN1BEGIN
  -------         PROC          _CAN1INIT_FILTERSNMASKS
  D:0001H         SYMBOL        num
  D:0032H         SYMBOL        ulData
  -------         DO            
  D:0007H         SYMBOL        res
  -------         ENDDO         
  C:5293H         LINE#         439
  C:5295H         LINE#         440
  C:5295H         LINE#         441
  C:5295H         LINE#         443
  C:52A0H         LINE#         444
  C:52A1H         LINE#         446
  C:52C9H         LINE#         447
  C:52C9H         LINE#         448
  C:52C9H         LINE#         449
  C:52D7H         LINE#         450
BL51 BANKED LINKER/LOCATER V6.22            06/13/2016  10:09:30  PAGE 26


  C:52D9H         LINE#         452
  C:52D9H         LINE#         453
  C:52E7H         LINE#         454
  C:52E9H         LINE#         456
  C:52E9H         LINE#         457
  C:52F7H         LINE#         458
  C:52F9H         LINE#         460
  C:52F9H         LINE#         461
  C:5307H         LINE#         462
  C:5309H         LINE#         464
  C:5309H         LINE#         465
  C:5317H         LINE#         466
  C:5319H         LINE#         468
  C:5319H         LINE#         469
  C:5327H         LINE#         470
  C:5329H         LINE#         472
  C:5329H         LINE#         473
  C:5337H         LINE#         474
  C:5339H         LINE#         476
  C:5339H         LINE#         477
  C:534AH         LINE#         478
  C:534AH         LINE#         479
  C:534AH         LINE#         481
  C:534FH         LINE#         482
  -------         ENDPROC       _CAN1INIT_FILTERSNMASKS
  -------         PROC          _CAN1READ_CANMSG
  D:0006H         SYMBOL        RxBuff
  -------         DO            
  D:004CH         SYMBOL        i
  D:004DH         SYMBOL        j
  D:004EH         SYMBOL        canID
  -------         ENDDO         
  C:4477H         LINE#         488
  C:4477H         LINE#         489
  C:4477H         LINE#         493
  C:447AH         LINE#         494
  C:447FH         LINE#         496
  C:4484H         LINE#         497
  C:4489H         LINE#         498
  C:44BBH         LINE#         500
  C:44C3H         LINE#         501
  C:44C3H         LINE#         503
  C:44E3H         LINE#         504
  C:4506H         LINE#         505
  C:453AH         LINE#         506
  C:454CH         LINE#         507
  C:454EH         LINE#         509
  C:454EH         LINE#         510
  C:4553H         LINE#         511
  C:4558H         LINE#         512
  C:4558H         LINE#         514
  C:4592H         LINE#         517
  C:459DH         LINE#         518
  C:459DH         LINE#         519
  C:45B7H         LINE#         520
  C:45CBH         LINE#         521
  C:45E5H         LINE#         522
  C:4608H         LINE#         523
  C:4608H         LINE#         526
  C:460DH         LINE#         528
  C:460FH         LINE#         529
  -------         ENDPROC       _CAN1READ_CANMSG
  -------         PROC          _CAN1GETNEXTFREETXBUF
  D:002AH         SYMBOL        txbuf_n
  -------         DO            
BL51 BANKED LINKER/LOCATER V6.22            06/13/2016  10:09:30  PAGE 27


  D:0004H         SYMBOL        i
  D:0007H         SYMBOL        ctrlval
  D:002DH         SYMBOL        ctrlregs
  -------         ENDDO         
  C:57C3H         LINE#         536
  C:57C9H         LINE#         537
  C:57C9H         LINE#         540
  C:57DCH         LINE#         542
  C:57E6H         LINE#         545
  C:57E7H         LINE#         546
  C:57E7H         LINE#         547
  C:57F0H         LINE#         548
  C:57F4H         LINE#         549
  C:57F4H         LINE#         550
  C:5802H         LINE#         552
  C:5805H         LINE#         553
  C:5805H         LINE#         554
  C:5809H         LINE#         555
  C:580BH         LINE#         556
  -------         ENDPROC       _CAN1GETNEXTFREETXBUF
  -------         PROC          _CAN1WRITE_CANMSG
  D:0001H         SYMBOL        buffer_sidh_addr
  -------         DO            
  D:0002H         SYMBOL        canid
  D:002AH         SYMBOL        tbufdata
  D:0006H         SYMBOL        i
  -------         ENDDO         
  C:50D2H         LINE#         563
  C:50D4H         LINE#         564
  C:50D4H         LINE#         569
  C:50E4H         LINE#         570
  C:50F3H         LINE#         571
  C:50F3H         LINE#         572
  C:50F6H         LINE#         573
  C:50F8H         LINE#         574
  C:510FH         LINE#         575
  C:5114H         LINE#         576
  C:5126H         LINE#         577
  C:5129H         LINE#         578
  C:5137H         LINE#         579
  C:5139H         LINE#         581
  C:5139H         LINE#         582
  C:5147H         LINE#         583
  C:5157H         LINE#         584
  C:515AH         LINE#         585
  C:515CH         LINE#         586
  C:515CH         LINE#         588
  C:5161H         LINE#         589
  C:516EH         LINE#         590
  C:516EH         LINE#         591
  C:516EH         LINE#         592
  C:5170H         LINE#         593
  C:5172H         LINE#         594
  C:5172H         LINE#         595
  C:5174H         LINE#         596
  C:5176H         LINE#         597
  C:5176H         LINE#         598
  C:517BH         LINE#         599
  C:517BH         LINE#         600
  C:517BH         LINE#         601
  C:517DH         LINE#         602
  C:518AH         LINE#         603
  C:5192H         LINE#         604
  C:519EH         LINE#         605
  C:51B0H         LINE#         607
BL51 BANKED LINKER/LOCATER V6.22            06/13/2016  10:09:30  PAGE 28


  -------         ENDPROC       _CAN1WRITE_CANMSG
  -------         PROC          _CAN1START_TRANSMIT
  D:0006H         SYMBOL        mcp_addr
  C:0076H         LINE#         615
  C:0076H         LINE#         616
  C:0076H         LINE#         617
  C:0079H         LINE#         619
  C:0086H         LINE#         620
  C:0086H         LINE#         621
  C:0086H         LINE#         622
  C:0088H         LINE#         623
  C:008AH         LINE#         624
  C:008AH         LINE#         625
  C:008CH         LINE#         626
  C:008EH         LINE#         627
  C:008EH         LINE#         628
  C:0093H         LINE#         629
  C:0093H         LINE#         630
  C:0093H         LINE#         632
  -------         ENDPROC       _CAN1START_TRANSMIT
  -------         PROC          INT_CAN1
  C:5B9DH         LINE#         644
  C:5B9DH         LINE#         646
  C:5B9FH         LINE#         647
  C:5BA1H         LINE#         648
  -------         ENDPROC       INT_CAN1
  -------         ENDMOD        SPI

  -------         MODULE        TIMERS
  C:0000H         SYMBOL        _ICE_DUMMY_
  D:0080H         PUBLIC        P0
  D:0090H         PUBLIC        P1
  B:00B0H.7       PUBLIC        ROTARY_SOFT
  D:00A0H         PUBLIC        P2
  D:0016H         PUBLIC        msticks
  D:00B0H         PUBLIC        P3
  C:4610H         PUBLIC        ReadInputs
  D:00E7H         PUBLIC        EIE2
  D:00E8H         PUBLIC        ADC0CN
  D:0084H         PUBLIC        SFRPAGE
  D:00E8H         PUBLIC        ADC2CN
  D:00A8H         PUBLIC        IE
  D:00F8H         PUBLIC        CAN0CN
  D:00D8H         PUBLIC        PCA0CN
  D:00B8H         PUBLIC        IP
  C:5AC0H         PUBLIC        Oscillator_Init
  B:00B0H.6       PUBLIC        ROTARY_IGN
  D:00C0H         PUBLIC        SMB0CN
  D:00CCH         PUBLIC        TMR3
  C:5850H         PUBLIC        _Start_Timer3
  B:0080H.5       PUBLIC        ROW1
  D:0088H         PUBLIC        CPT0CN
  B:0080H.6       PUBLIC        ROW2
  D:0088H         PUBLIC        CPT1CN
  D:0088H         PUBLIC        CPT2CN
  D:00F8H         PUBLIC        SPI0CN
  C:5B75H         PUBLIC        _codedelay
  D:00C9H         PUBLIC        TMR3CF
  D:0088H         PUBLIC        TCON
  D:00C8H         PUBLIC        TMR2CN
  D:00C8H         PUBLIC        TMR3CN
  D:00C8H         PUBLIC        TMR4CN
  D:0097H         PUBLIC        CLKSEL
  B:00C8H.7       PUBLIC        TF3
  D:008CH         PUBLIC        OSCXCN
BL51 BANKED LINKER/LOCATER V6.22            06/13/2016  10:09:30  PAGE 29


  B:0021H.0       PUBLIC        IGN_OFF_FLG
  C:5772H         PUBLIC        _Rotary2value
  C:56CBH         PUBLIC        INT_T3_OV
  B:00C8H.2       PUBLIC        TR3
  D:00CAH         PUBLIC        RCAP3
  C:3F72H         PUBLIC        CheckMesgs
  D:0098H         PUBLIC        SCON0
  D:0098H         PUBLIC        SCON1
  D:00C0H         PUBLIC        CAN0STA
  D:00D0H         PUBLIC        PSW
  C:5A47H         PUBLIC        _mSecDelay
  -------         PROC          OSCILLATOR_INIT
  -------         DO            
  D:0030H         SYMBOL        SFPRPAGE_SAVE
  -------         ENDDO         
  C:5AC0H         LINE#         19
  C:5AC0H         LINE#         20
  C:5AC0H         LINE#         21
  C:5AC3H         LINE#         26
  C:5AC6H         LINE#         28
  C:5AC9H         LINE#         29
  C:5AD0H         LINE#         31
  C:5AD5H         LINE#         33
  C:5AD8H         LINE#         35
  C:5ADBH         LINE#         36
  -------         ENDPROC       OSCILLATOR_INIT
  -------         PROC          _MSECDELAY
  D:0006H         SYMBOL        delay
  C:5A47H         LINE#         39
  C:5A47H         LINE#         40
  C:5A47H         LINE#         41
  C:5A4FH         LINE#         44
  C:5A5BH         LINE#         47
  C:5A67H         LINE#         49
  -------         ENDPROC       _MSECDELAY
  -------         PROC          _CODEDELAY
  D:0006H         SYMBOL        delay
  C:5B75H         LINE#         51
  C:5B75H         LINE#         52
  C:5B75H         LINE#         53
  C:5B7CH         LINE#         54
  C:5B7CH         LINE#         55
  C:5B81H         LINE#         56
  C:5B83H         LINE#         57
  -------         ENDPROC       _CODEDELAY
  -------         PROC          _START_TIMER3
  D:0006H         SYMBOL        OneSecConst
  -------         DO            
  D:0006H         SYMBOL        Reload
  -------         ENDDO         
  C:5850H         LINE#         61
  C:5850H         LINE#         62
  C:5850H         LINE#         67
  C:5853H         LINE#         69
  C:5865H         LINE#         71
  C:5868H         LINE#         72
  C:586BH         LINE#         74
  C:5874H         LINE#         75
  C:587AH         LINE#         80
  C:587DH         LINE#         81
  C:587FH         LINE#         87
  C:5888H         LINE#         88
  -------         ENDPROC       _START_TIMER3
  -------         PROC          INT_T3_OV
  C:56CBH         LINE#         91
BL51 BANKED LINKER/LOCATER V6.22            06/13/2016  10:09:30  PAGE 30


  C:56E8H         LINE#         93
  C:56EAH         LINE#         94
  C:56FFH         LINE#         96
  C:5702H         LINE#         98
  C:5705H         LINE#         99
  -------         ENDPROC       INT_T3_OV
  -------         PROC          _ROTARY2VALUE
  D:002FH         SYMBOL        inbits
  D:0005H         SYMBOL        old
  C:5772H         LINE#         102
  C:5774H         LINE#         103
  C:5774H         LINE#         104
  C:5796H         LINE#         105
  C:5796H         LINE#         106
  C:5796H         LINE#         107
  C:5799H         LINE#         108
  C:579BH         LINE#         109
  C:579BH         LINE#         110
  C:579EH         LINE#         111
  C:57A0H         LINE#         112
  C:57A0H         LINE#         113
  C:57A3H         LINE#         114
  C:57A5H         LINE#         115
  C:57A5H         LINE#         116
  C:57A8H         LINE#         117
  C:57AAH         LINE#         118
  C:57AAH         LINE#         119
  C:57ADH         LINE#         120
  C:57AFH         LINE#         121
  C:57AFH         LINE#         122
  C:57B2H         LINE#         123
  C:57B4H         LINE#         124
  C:57B4H         LINE#         125
  C:57B7H         LINE#         126
  C:57B9H         LINE#         127
  C:57B9H         LINE#         128
  C:57BCH         LINE#         129
  C:57BEH         LINE#         130
  C:57BEH         LINE#         131
  C:57C0H         LINE#         132
  C:57C0H         LINE#         133
  C:57C2H         LINE#         134
  -------         ENDPROC       _ROTARY2VALUE
  -------         PROC          READINPUTS
  -------         DO            
  D:0025H         SYMBOL        Col1
  D:0029H         SYMBOL        Col2
  D:0006H         SYMBOL        col
  D:002DH         SYMBOL        Ign
  D:002EH         SYMBOL        Soft
  D:0001H         SYMBOL        port1
  D:0003H         SYMBOL        port2
  D:0002H         SYMBOL        port3
  D:0005H         SYMBOL        temp
  -------         ENDDO         
  C:4610H         LINE#         136
  C:4610H         LINE#         137
  C:4610H         LINE#         144
  C:4612H         LINE#         145
  C:4614H         LINE#         146
  C:461BH         LINE#         148
  C:461DH         LINE#         149
  C:461FH         LINE#         150
  C:4621H         LINE#         151
  C:4623H         LINE#         152
BL51 BANKED LINKER/LOCATER V6.22            06/13/2016  10:09:30  PAGE 31


  C:4625H         LINE#         154
  C:4632H         LINE#         155
  C:4649H         LINE#         157
  C:4651H         LINE#         158
  C:466FH         LINE#         161
  C:4671H         LINE#         162
  C:4673H         LINE#         163
  C:467AH         LINE#         165
  C:467CH         LINE#         166
  C:467EH         LINE#         167
  C:4680H         LINE#         168
  C:4682H         LINE#         169
  C:4684H         LINE#         171
  C:4692H         LINE#         172
  C:46A9H         LINE#         174
  C:46B1H         LINE#         175
  C:46C3H         LINE#         177
  C:472BH         LINE#         178
  C:4773H         LINE#         179
  -------         ENDPROC       READINPUTS
  -------         PROC          CHECKMESGS
  -------         DO            
  D:0025H         SYMBOL        i
  D:0026H         SYMBOL        j
  D:0027H         SYMBOL        port
  B:0020H.5       SYMBOL        found
  -------         ENDDO         
  C:3F72H         LINE#         182
  C:3F72H         LINE#         183
  C:3F72H         LINE#         185
  C:3F74H         LINE#         187
  C:3F77H         LINE#         188
  C:3F77H         LINE#         189
  C:3F9AH         LINE#         190
  C:3F9AH         LINE#         191
  C:3FB0H         LINE#         192
  C:3FB5H         LINE#         193
  C:3FB8H         LINE#         194
  C:3FDCH         LINE#         195
  C:3FF0H         LINE#         196
  C:3FFEH         LINE#         197
  C:402BH         LINE#         199
  C:4030H         LINE#         200
  C:4046H         LINE#         201
  C:4048H         LINE#         202
  C:4048H         LINE#         203
  C:4054H         LINE#         205
  C:4065H         LINE#         206
  C:4065H         LINE#         207
  C:40AFH         LINE#         208
  C:40AFH         LINE#         209
  C:40CCH         LINE#         211
  C:40E9H         LINE#         212
  C:410CH         LINE#         213
  C:412AH         LINE#         214
  C:4138H         LINE#         215
  C:416FH         LINE#         218
  C:4172H         LINE#         219
  C:4172H         LINE#         220
  C:4177H         LINE#         221
  C:4179H         LINE#         222
  C:4179H         LINE#         224
  C:4198H         LINE#         225
  C:4198H         LINE#         226
  C:419EH         LINE#         227
BL51 BANKED LINKER/LOCATER V6.22            06/13/2016  10:09:30  PAGE 32


  C:419EH         LINE#         228
  C:41BAH         LINE#         229
  C:41D6H         LINE#         230
  C:41D6H         LINE#         231
  C:41F9H         LINE#         232
  C:4249H         LINE#         233
  C:4249H         LINE#         234
  C:4249H         LINE#         235
  C:4249H         LINE#         237
  C:424CH         LINE#         238
  C:424CH         LINE#         239
  C:4266H         LINE#         240
  C:4266H         LINE#         241
  C:426AH         LINE#         242
  C:4281H         LINE#         243
  C:4281H         LINE#         244
  C:428AH         LINE#         245
  C:428AH         LINE#         247
  C:42AAH         LINE#         248
  C:42AFH         LINE#         249
  -------         ENDPROC       CHECKMESGS
  -------         ENDMOD        TIMERS

  -------         MODULE        USER
  C:0000H         SYMBOL        _ICE_DUMMY_
  D:0080H         PUBLIC        P0
  D:00A0H         PUBLIC        P2
  D:00B0H         PUBLIC        P3
  B:00A0H.3       PUBLIC        LED1
[...]


  C:0F76H         LINE#         2063
  C:0F78H         LINE#         2064
  C:0F7AH         LINE#         2065
  C:0F7CH         LINE#         2066
  C:0F7EH         LINE#         2067
  C:0F80H         LINE#         2068
  C:0F82H         LINE#         2069
  C:0FA7H         LINE#         2072
  C:0FADH         LINE#         2073
  C:0FAFH         LINE#         2074
  C:0FB1H         LINE#         2075
  C:0FB7H         LINE#         2076
  C:0FBBH         LINE#         2077
  C:0FBEH         LINE#         2078
  C:0FE3H         LINE#         2079
  C:0FE9H         LINE#         2080
  C:0FEBH         LINE#         2081
  C:0FEDH         LINE#         2082
  C:0FEFH         LINE#         2083
  C:0FF1H         LINE#         2084
  C:0FF3H         LINE#         2085
  C:0FF6H         LINE#         2086
  C:0FFAH         LINE#         2087
  C:0FFFH         LINE#         2088
  C:1001H         LINE#         2089
  C:1003H         LINE#         2090
  C:1005H         LINE#         2091
  C:1007H         LINE#         2092
  C:1009H         LINE#         2093
  C:100DH         LINE#         2094
  C:1010H         LINE#         2095
  C:1035H         LINE#         2098
  C:103BH         LINE#         2099
  C:103DH         LINE#         2100
  C:103FH         LINE#         2101
  C:1045H         LINE#         2102
  C:1049H         LINE#         2103
  C:104BH         LINE#         2104
  C:1070H         LINE#         2105
  C:1076H         LINE#         2106
  C:1078H         LINE#         2107
  C:107AH         LINE#         2108
  C:107CH         LINE#         2109
  C:107EH         LINE#         2110
  C:1080H         LINE#         2111
  C:1083H         LINE#         2112
  C:1087H         LINE#         2113
  C:108CH         LINE#         2114
  C:108EH         LINE#         2115
  C:1090H         LINE#         2116
  C:1092H         LINE#         2117
  C:1094H         LINE#         2118
  C:1096H         LINE#         2119
  C:109AH         LINE#         2120
  C:109DH         LINE#         2121
  C:10C2H         LINE#         2124
  C:10C8H         LINE#         2125
  C:10CAH         LINE#         2126
  C:10CCH         LINE#         2127
  C:10D2H         LINE#         2128
  C:10D6H         LINE#         2129
  C:10DAH         LINE#         2130
  C:10FFH         LINE#         2131
  C:1105H         LINE#         2132
  C:1107H         LINE#         2133
BL51 BANKED LINKER/LOCATER V6.22            06/13/2016  10:09:30  PAGE 58


  C:1109H         LINE#         2134
  C:110BH         LINE#         2135
  C:110DH         LINE#         2136
  C:110FH         LINE#         2137
  C:1112H         LINE#         2138
  C:1116H         LINE#         2139
  C:111BH         LINE#         2140
  C:111DH         LINE#         2141
  C:111FH         LINE#         2142
  C:1121H         LINE#         2143
  C:1123H         LINE#         2144
  C:1125H         LINE#         2145
  C:1129H         LINE#         2146
  C:112CH         LINE#         2147
  C:1151H         LINE#         2150
  C:1157H         LINE#         2151
  C:1159H         LINE#         2152
  C:115BH         LINE#         2153
  C:1161H         LINE#         2154
  C:1165H         LINE#         2155
  C:1169H         LINE#         2156
  C:118EH         LINE#         2157
  C:1194H         LINE#         2158
  C:1196H         LINE#         2159
  C:1198H         LINE#         2160
  C:119AH         LINE#         2161
  C:119CH         LINE#         2162
  C:119EH         LINE#         2163
  C:11A1H         LINE#         2164
  C:11A5H         LINE#         2165
  C:11AAH         LINE#         2166
  C:11ACH         LINE#         2167
  C:11AEH         LINE#         2168
  C:11B0H         LINE#         2169
  C:11B2H         LINE#         2170
  C:11B4H         LINE#         2171
  C:11B8H         LINE#         2172
  C:11BBH         LINE#         2173
  C:11E0H         LINE#         2176
  C:11E6H         LINE#         2177
  C:11E8H         LINE#         2178
  C:11EAH         LINE#         2179
  C:11F0H         LINE#         2180
  C:11F4H         LINE#         2181
  C:11F8H         LINE#         2182
  C:121DH         LINE#         2183
  C:1223H         LINE#         2184
  C:1225H         LINE#         2185
  C:1227H         LINE#         2186
  C:1229H         LINE#         2187
  C:122BH         LINE#         2188
  C:122DH         LINE#         2189
  C:1230H         LINE#         2190
  C:1234H         LINE#         2191
  C:1239H         LINE#         2192
  C:123BH         LINE#         2193
  C:123DH         LINE#         2194
  C:123FH         LINE#         2195
  C:1241H         LINE#         2196
  C:1243H         LINE#         2197
  C:1247H         LINE#         2198
  C:124AH         LINE#         2199
  C:126FH         LINE#         2202
  C:1279H         LINE#         2210
  C:127CH         LINE#         2211
BL51 BANKED LINKER/LOCATER V6.22            06/13/2016  10:09:30  PAGE 59


  C:127EH         LINE#         2213
  C:128DH         LINE#         2214
  C:128DH         LINE#         2216
  C:1290H         LINE#         2217
  C:1290H         LINE#         2218
  C:12B0H         LINE#         2220
  C:12B7H         LINE#         2221
  C:12B7H         LINE#         2222
  C:12BEH         LINE#         2223
  C:12D0H         LINE#         2224
  C:12D0H         LINE#         2225
  C:12D2H         LINE#         2226
  C:12D2H         LINE#         2227
  C:12D8H         LINE#         2228
  C:12D8H         LINE#         2229
  C:12DDH         LINE#         2231
  C:12E0H         LINE#         2232
  C:12E3H         LINE#         2233
  C:12E8H         LINE#         2234
  C:12EFH         LINE#         2235
  C:12F4H         LINE#         2236
  C:12FBH         LINE#         2237
  C:1305H         LINE#         2238
  C:1305H         LINE#         2239
  C:1307H         LINE#         2240
  C:1326H         LINE#         2242
  C:132BH         LINE#         2243
  C:1334H         LINE#         2244
  C:1339H         LINE#         2245
  C:1342H         LINE#         2246
  C:1342H         LINE#         2249
  C:1344H         LINE#         2250
  C:1346H         LINE#         2251
  C:1348H         LINE#         2253
  C:134FH         LINE#         2254
  C:134FH         LINE#         2255
  C:1356H         LINE#         2256
  C:1356H         LINE#         2257
  C:135DH         LINE#         2258
  C:135DH         LINE#         2259
  C:1364H         LINE#         2260
  C:1364H         LINE#         2261
  C:1364H         LINE#         2263
  C:1387H         LINE#         2264
  C:1387H         LINE#         2265
  C:1393H         LINE#         2266
  C:1398H         LINE#         2268
  C:13C2H         LINE#         2269
  C:13CCH         LINE#         2270
  C:13CCH         LINE#         2271
  C:13EAH         LINE#         2272
  C:1408H         LINE#         2273
  C:1426H         LINE#         2274
  C:1438H         LINE#         2275
  C:144CH         LINE#         2276
  C:1460H         LINE#         2277
  C:1476H         LINE#         2278
  C:148CH         LINE#         2279
  C:14B8H         LINE#         2280
  C:14B8H         LINE#         2283
  C:14E2H         LINE#         2284
  C:14ECH         LINE#         2285
  C:14ECH         LINE#         2286
  C:1501H         LINE#         2287
  C:1501H         LINE#         2288
BL51 BANKED LINKER/LOCATER V6.22            06/13/2016  10:09:30  PAGE 60


  C:1501H         LINE#         2289
  C:1512H         LINE#         2290
  C:1514H         LINE#         2291
  C:1541H         LINE#         2292
  C:1541H         LINE#         2293
  C:1541H         LINE#         2294
  C:1553H         LINE#         2295
  C:1556H         LINE#         2296
  C:1582H         LINE#         2297
  C:1582H         LINE#         2298
  C:1582H         LINE#         2299
  C:1594H         LINE#         2300
  C:1597H         LINE#         2301
  C:15C1H         LINE#         2302
  C:15C4H         LINE#         2303
  C:15C4H         LINE#         2304
  C:15C4H         LINE#         2305
  C:15EFH         LINE#         2306
  C:15EFH         LINE#         2308
  C:15F9H         LINE#         2309
  C:15F9H         LINE#         2310
  C:1623H         LINE#         2311
  C:162AH         LINE#         2312
  C:162AH         LINE#         2313
  C:163FH         LINE#         2314
  C:166CH         LINE#         2315
  C:166FH         LINE#         2316
  C:166FH         LINE#         2317
  C:166FH         LINE#         2318
  C:166FH         LINE#         2321
  C:1675H         LINE#         2322
  C:1678H         LINE#         2325
  C:1689H         LINE#         2326
  C:1689H         LINE#         2327
  C:168CH         LINE#         2329
  C:1695H         LINE#         2330
  C:1695H         LINE#         2333
  C:16A0H         LINE#         2334
  C:16A0H         LINE#         2336
  C:16A3H         LINE#         2337
  C:16BDH         LINE#         2338
  C:16BDH         LINE#         2339
  C:16EDH         LINE#         2340
  C:1701H         LINE#         2342
  C:1718H         LINE#         2343
  C:1718H         LINE#         2344
  C:1720H         LINE#         2346
  C:174AH         LINE#         2347
  C:1754H         LINE#         2348
  C:1754H         LINE#         2349
  C:1756H         LINE#         2350
  C:1796H         LINE#         2351
  C:1796H         LINE#         2352
  C:1796H         LINE#         2354
  C:17A7H         LINE#         2355
  C:17B9H         LINE#         2356
  C:17E4H         LINE#         2359
  C:17F5H         LINE#         2360
  C:1806H         LINE#         2361
  C:1817H         LINE#         2362
  C:1828H         LINE#         2363
  C:1839H         LINE#         2364
  C:184AH         LINE#         2365
  C:185BH         LINE#         2366
  C:186CH         LINE#         2367
BL51 BANKED LINKER/LOCATER V6.22            06/13/2016  10:09:30  PAGE 61


  C:1897H         LINE#         2368
  C:1899H         LINE#         2369
  C:189BH         LINE#         2370
  C:189EH         LINE#         2371
  C:189EH         LINE#         2373
  C:18AFH         LINE#         2374
  C:18AFH         LINE#         2375
  C:18AFH         LINE#         2378
  C:18AFH         LINE#         2379
  C:18AFH         LINE#         2380
  C:18AFH         LINE#         2381
  C:18AFH         LINE#         2382
  C:18AFH         LINE#         2383
  C:18AFH         LINE#         2384
  C:18AFH         LINE#         2385
  C:18AFH         LINE#         2386
  C:18AFH         LINE#         2387
  C:18AFH         LINE#         2388
  C:18B2H         LINE#         2390
  C:18B2H         LINE#         2392
  C:18C4H         LINE#         2393
  C:18D6H         LINE#         2394
  C:1901H         LINE#         2397
  C:1912H         LINE#         2398
  C:1923H         LINE#         2399
  C:1934H         LINE#         2400
  C:1945H         LINE#         2401
  C:1969H         LINE#         2402
  C:1969H         LINE#         2403
  C:196CH         LINE#         2404
  C:196CH         LINE#         2406
  C:197EH         LINE#         2407
  C:1990H         LINE#         2408
  C:19BBH         LINE#         2411
  C:19CCH         LINE#         2412
  C:19DDH         LINE#         2413
  C:19EEH         LINE#         2414
  C:19FFH         LINE#         2415
  C:1A11H         LINE#         2416
  C:1A22H         LINE#         2417
  C:1A34H         LINE#         2418
  C:1A46H         LINE#         2419
  C:1A6BH         LINE#         2420
  C:1A6BH         LINE#         2421
  C:1A6EH         LINE#         2422
  C:1A6EH         LINE#         2424
  C:1A80H         LINE#         2425
  C:1A92H         LINE#         2426
  C:1ABDH         LINE#         2429
  C:1ACEH         LINE#         2430
  C:1ADFH         LINE#         2431
  C:1AF1H         LINE#         2432
  C:1B03H         LINE#         2433
  C:1B15H         LINE#         2434
  C:1B26H         LINE#         2435
  C:1B38H         LINE#         2436
  C:1B4AH         LINE#         2437
  C:1B6FH         LINE#         2438
  C:1B6FH         LINE#         2439
  C:1B72H         LINE#         2440
  C:1B72H         LINE#         2442
  C:1B84H         LINE#         2443
  C:1B96H         LINE#         2444
  C:1BC1H         LINE#         2447
  C:1BD2H         LINE#         2448
BL51 BANKED LINKER/LOCATER V6.22            06/13/2016  10:09:30  PAGE 62


  C:1BE3H         LINE#         2449
  C:1BF5H         LINE#         2450
  C:1C07H         LINE#         2451
  C:1C19H         LINE#         2452
  C:1C2AH         LINE#         2453
  C:1C3CH         LINE#         2454
  C:1C4EH         LINE#         2455
  C:1C7AH         LINE#         2456
  C:1C7CH         LINE#         2457
  C:1C7CH         LINE#         2459
  C:1C7CH         LINE#         2460
  C:1C7CH         LINE#         2461
  C:1C7CH         LINE#         2462
  C:1C7CH         LINE#         2463
  C:1C7CH         LINE#         2465
  C:1C8EH         LINE#         2466
  C:1C8EH         LINE#         2467
  C:1C8EH         LINE#         2469
  C:1C91H         LINE#         2470
  -------         ENDPROC       USER2
  -------         PROC          USER3
  -------         DO            
  D:0030H         SYMBOL        cnt
  -------         ENDDO         
  C:58E7H         LINE#         2471
  C:58E7H         LINE#         2472
  C:58E7H         LINE#         2473
  C:58EAH         LINE#         2475
  C:58F5H         LINE#         2476
  C:58F5H         LINE#         2477
  C:58F7H         LINE#         2478
  C:58F7H         LINE#         2479
  C:58FCH         LINE#         2480
  C:5903H         LINE#         2481
  C:590CH         LINE#         2482
  C:5913H         LINE#         2483
  C:5915H         LINE#         2484
  -------         ENDPROC       USER3
  -------         PROC          USER4
  -------         DO            
  D:0030H         SYMBOL        cnt
  -------         ENDDO         
  C:5916H         LINE#         2485
  C:5916H         LINE#         2486
  C:5916H         LINE#         2487
  C:5919H         LINE#         2489
  C:5924H         LINE#         2490
  C:5924H         LINE#         2491
  C:5926H         LINE#         2492
  C:5926H         LINE#         2493
  C:592BH         LINE#         2494
  C:5932H         LINE#         2495
  C:593BH         LINE#         2496
  C:5942H         LINE#         2497
  C:5944H         LINE#         2498
  -------         ENDPROC       USER4
  -------         PROC          USER5
  -------         DO            
  D:0030H         SYMBOL        cnt
  -------         ENDDO         
  C:5945H         LINE#         2499
  C:5945H         LINE#         2500
  C:5945H         LINE#         2501
  C:5948H         LINE#         2503
  C:5953H         LINE#         2504
BL51 BANKED LINKER/LOCATER V6.22            06/13/2016  10:09:30  PAGE 63


  C:5953H         LINE#         2505
  C:5955H         LINE#         2506
  C:5955H         LINE#         2507
  C:595AH         LINE#         2508
  C:5961H         LINE#         2509
  C:596AH         LINE#         2510
  C:5971H         LINE#         2511
  C:5973H         LINE#         2512
  -------         ENDPROC       USER5
  -------         PROC          USER6
  -------         DO            
  D:0030H         SYMBOL        cnt
  -------         ENDDO         
  C:5974H         LINE#         2513
  C:5974H         LINE#         2514
  C:5974H         LINE#         2515
  C:5977H         LINE#         2517
  C:5982H         LINE#         2518
  C:5982H         LINE#         2519
  C:5984H         LINE#         2520
  C:5984H         LINE#         2521
  C:5989H         LINE#         2522
  C:5990H         LINE#         2523
  C:5999H         LINE#         2524
  C:59A0H         LINE#         2525
  C:59A2H         LINE#         2526
  -------         ENDPROC       USER6
  -------         PROC          USER7
  -------         DO            
  D:0030H         SYMBOL        cnt
  -------         ENDDO         
  C:59A3H         LINE#         2527
  C:59A3H         LINE#         2528
  C:59A3H         LINE#         2529
  C:59A6H         LINE#         2531
  C:59B1H         LINE#         2532
  C:59B1H         LINE#         2533
  C:59B3H         LINE#         2534
  C:59B3H         LINE#         2535
  C:59B8H         LINE#         2536
  C:59BFH         LINE#         2537
  C:59C8H         LINE#         2538
  C:59CFH         LINE#         2539
  C:59D1H         LINE#         2540
  -------         ENDPROC       USER7
  -------         PROC          USER8
  C:0072H         LINE#         2542
  C:0072H         LINE#         2543
  C:0072H         LINE#         2544
  -------         ENDPROC       USER8
  -------         ENDMOD        USER

  -------         MODULE        ?C?COPY
  C:3CA9H         PUBLIC        ?C?COPY
  -------         ENDMOD        ?C?COPY

  -------         MODULE        ?C?CLDPTR
  C:3CCFH         PUBLIC        ?C?CLDPTR
  -------         ENDMOD        ?C?CLDPTR

  -------         MODULE        ?C?CLDOPTR
  C:3CE8H         PUBLIC        ?C?CLDOPTR
  -------         ENDMOD        ?C?CLDOPTR

  -------         MODULE        ?C?CSTPTR
BL51 BANKED LINKER/LOCATER V6.22            06/13/2016  10:09:30  PAGE 64


  C:3D15H         PUBLIC        ?C?CSTPTR
  -------         ENDMOD        ?C?CSTPTR

  -------         MODULE        ?C?IILDX
  C:3D27H         PUBLIC        ?C?IILDX
  -------         ENDMOD        ?C?IILDX

  -------         MODULE        ?C?SLDIV
  C:580CH         PUBLIC        ?C?SLDIV
  -------         ENDMOD        ?C?SLDIV

  -------         MODULE        ?C?LNOT
  C:3D3DH         PUBLIC        ?C?LNOT
  -------         ENDMOD        ?C?LNOT

  -------         MODULE        ?C?ULCMP
  C:3D4AH         PUBLIC        ?C?ULCMP
  -------         ENDMOD        ?C?ULCMP

  -------         MODULE        ?C?ULSHR
  C:3D5BH         PUBLIC        ?C?ULSHR
  -------         ENDMOD        ?C?ULSHR

  -------         MODULE        ?C?LSHL
  C:3D6EH         PUBLIC        ?C?LSHL
  -------         ENDMOD        ?C?LSHL

  -------         MODULE        ?C?LLDOPTR
  C:3D81H         PUBLIC        ?C?LLDOPTR
  -------         ENDMOD        ?C?LLDOPTR

  -------         MODULE        ?C?LSTOPTR
  C:3DB1H         PUBLIC        ?C?LSTOPTR
  -------         ENDMOD        ?C?LSTOPTR

  -------         MODULE        ?C?LSTXDATA
  C:3DD5H         PUBLIC        ?C?LSTXDATA
  -------         ENDMOD        ?C?LSTXDATA

  -------         MODULE        ?C?LSTKXDATA
  C:3DE1H         PUBLIC        ?C?LSTKXDATA
  -------         ENDMOD        ?C?LSTKXDATA

  -------         MODULE        ?C?OFFXADD
  C:3E12H         PUBLIC        ?C?OFFXADD
  -------         ENDMOD        ?C?OFFXADD

  -------         MODULE        ?C?LCASE
  C:3E1EH         PUBLIC        ?C?LCASE
  -------         ENDMOD        ?C?LCASE

  -------         MODULE        ?C?ULDIV
  C:3E94H         PUBLIC        ?C?ULDIV
  -------         ENDMOD        ?C?ULDIV

  -------         MODULE        ?C?LLDIDATA
  C:3F26H         PUBLIC        ?C?LLDIDATA
  -------         ENDMOD        ?C?LLDIDATA

  -------         MODULE        ?C?LLDXDATA
  C:3F32H         PUBLIC        ?C?LLDXDATA
  -------         ENDMOD        ?C?LLDXDATA

  -------         MODULE        ?C?LLDPDATA
  C:3F3EH         PUBLIC        ?C?LLDPDATA
BL51 BANKED LINKER/LOCATER V6.22            06/13/2016  10:09:30  PAGE 65


  -------         ENDMOD        ?C?LLDPDATA

  -------         MODULE        ?C?LLDCODE
  C:3F4AH         PUBLIC        ?C?LLDCODE
  -------         ENDMOD        ?C?LLDCODE

  -------         MODULE        ?C?LSTIDATA
  C:3F5AH         PUBLIC        ?C?LSTIDATA
  -------         ENDMOD        ?C?LSTIDATA

  -------         MODULE        ?C?LSTPDATA
  C:3F66H         PUBLIC        ?C?LSTPDATA
  -------         ENDMOD        ?C?LSTPDATA

Program Size: data=101.1 xdata=809 code=23458
LINK/LOCATE RUN COMPLETE.  0 WARNING(S),  0 ERROR(S)
