BL51 BANKED LINKER/LOCATER V6.22              06/13/2016  08:38:17  PAGE 1


BL51 BANKED LINKER/LOCATER V6.22, INVOKED BY:
C:\KEIL\C51\BIN\BL51.EXE D:\Work Files\C Code\GitFiles\GreenButton\HarmanPana 
>> All Networks\APAC\maincode.obj, D:\Work Files\C Code\GitFiles\GreenButton\H
>> armanPana All Networks\APAC\can.obj, D:\Work Files\C Code\GitFiles\GreenBut
>> ton\HarmanPana All Networks\APAC\spi.obj, D:\Work Files\C Code\GitFiles\Gre
>> enButton\HarmanPana All Networks\APAC\timers.obj, D:\Work Files\C Code\GitF
>> iles\GreenButton\HarmanPana All Networks\APAC\user.obj TO D:\Work Files\C C
>> ode\GitFiles\GreenButton\HarmanPana All Networks\APAC\maincodeOMF RS (256) 
>> PL (68) PW (78)


MEMORY MODEL: SMALL


INPUT MODULES INCLUDED:
  D:\Work Files\C Code\GitFiles\GreenButton\HarmanPana All Networks\APAC\mainc
>> ode.obj (MAINCODE)
  D:\Work Files\C Code\GitFiles\GreenButton\HarmanPana All Networks\APAC\can.o
>> bj (CAN)
  D:\Work Files\C Code\GitFiles\GreenButton\HarmanPana All Networks\APAC\spi.o
>> bj (SPI)
  D:\Work Files\C Code\GitFiles\GreenButton\HarmanPana All Networks\APAC\timer
>> s.obj (TIMERS)
  D:\Work Files\C Code\GitFiles\GreenButton\HarmanPana All Networks\APAC\user.
>> obj (USER)
  C:\KEIL\C51\LIB\C51S.LIB (?C_STARTUP)
  C:\KEIL\C51\LIB\C51S.LIB (?C?COPY)
  C:\KEIL\C51\LIB\C51S.LIB (?C?CLDPTR)
  C:\KEIL\C51\LIB\C51S.LIB (?C?CLDOPTR)
  C:\KEIL\C51\LIB\C51S.LIB (?C?CSTPTR)
  C:\KEIL\C51\LIB\C51S.LIB (?C?IILDX)
  C:\KEIL\C51\LIB\C51S.LIB (?C?SLDIV)
  C:\KEIL\C51\LIB\C51S.LIB (?C?LNOT)
  C:\KEIL\C51\LIB\C51S.LIB (?C?ULCMP)
  C:\KEIL\C51\LIB\C51S.LIB (?C?ULSHR)
  C:\KEIL\C51\LIB\C51S.LIB (?C?LSHL)
  C:\KEIL\C51\LIB\C51S.LIB (?C?LLDOPTR)
  C:\KEIL\C51\LIB\C51S.LIB (?C?LSTOPTR)
  C:\KEIL\C51\LIB\C51S.LIB (?C?LSTXDATA)
  C:\KEIL\C51\LIB\C51S.LIB (?C?LSTKXDATA)
  C:\KEIL\C51\LIB\C51S.LIB (?C?OFFXADD)
  C:\KEIL\C51\LIB\C51S.LIB (?C?LCASE)
  C:\KEIL\C51\LIB\C51S.LIB (?C?ULDIV)
  C:\KEIL\C51\LIB\C51S.LIB (?C?LLDIDATA)
  C:\KEIL\C51\LIB\C51S.LIB (?C?LLDXDATA)
  C:\KEIL\C51\LIB\C51S.LIB (?C?LLDPDATA)
  C:\KEIL\C51\LIB\C51S.LIB (?C?LLDCODE)
  C:\KEIL\C51\LIB\C51S.LIB (?C?LSTIDATA)
  C:\KEIL\C51\LIB\C51S.LIB (?C?LSTPDATA)


LINK MAP OF MODULE:  D:\Work Files\C Code\GitFiles\GreenButton\HarmanPana All 
>> Networks\APAC\maincodeOMF (MAINCODE)


            TYPE    BASE      LENGTH    RELOCATION   SEGMENT NAME
            -----------------------------------------------------

            * * * * * * *   D A T A   M E M O R Y   * * * * * * *
            REG     0000H     0008H     ABSOLUTE     "REG BANK 0"
            DATA    0008H     000EH     UNIT         ?DT?MAINCODE
            DATA    0016H     0004H     UNIT         ?DT?TIMERS
            DATA    001AH     0001H     UNIT         ?DT?SPI
                    001BH     0005H                  *** GAP ***
            BIT     0020H.0   0000H.5   UNIT         ?BI?MAINCODE
            BIT     0020H.5   0000H.3   UNIT         _BIT_GROUP_
BL51 BANKED LINKER/LOCATER V6.22            06/13/2016  08:38:17  PAGE 2


            BIT     0021H.0   0000H.1   UNIT         ?BI?TIMERS
                    0021H.1   0000H.7                *** GAP ***
            DATA    0022H     0048H     UNIT         _DATA_GROUP_
            IDATA   006AH     0001H     UNIT         ?STACK

            * * * * * * *  X D A T A   M E M O R Y  * * * * * * *
            XDATA   0000H     0326H     UNIT         ?XD?MAINCODE
            XDATA   0326H     0003H     UNIT         ?XD?CAN

            * * * * * * *   C O D E   M E M O R Y   * * * * * * *
            CODE    0000H     0003H     ABSOLUTE     
            CODE    0003H     0003H     ABSOLUTE     
            CODE    0006H     0060H     UNIT         ?PR?_INIT_MSG_OBJECT_RX?C
>> AN
            CODE    0066H     000CH     UNIT         ?C_C51STARTUP
            CODE    0072H     0001H     UNIT         ?PR?USER8?USER
            CODE    0073H     0003H     ABSOLUTE     
            CODE    0076H     0022H     UNIT         ?PR?_CAN1START_TRANSMIT?S
>> PI
            CODE    0098H     0003H     UNIT         ?CO?SPI
            CODE    009BH     0003H     ABSOLUTE     
            CODE    009EH     1C2CH     UNIT         ?PR?USER1?USER
            CODE    1CCAH     040EH     UNIT         ?PR?CHECKBUTTS?MAINCODE
            CODE    20D8H     03C8H     UNIT         ?PR?_PROCESSRX?MAINCODE
            CODE    24A0H     0399H     UNIT         ?C?LIB_CODE
            CODE    2839H     033EH     UNIT         ?PR?CHECKMESGS?TIMERS
            CODE    2B77H     01C7H     UNIT         ?PR?_RX_CAN_FRAME?CAN
            CODE    2D3EH     0199H     UNIT         ?PR?_CAN1READ_CANMSG?SPI
            CODE    2ED7H     0164H     UNIT         ?PR?READINPUTS?TIMERS
            CODE    303BH     015AH     UNIT         ?PR?_ADDMESSAGE?MAINCODE
            CODE    3195H     012BH     UNIT         ?PR?MAIN?MAINCODE
            CODE    32C0H     0125H     UNIT         ?PR?_ALTERMESSAGEBYTE?MAI
>> NCODE
            CODE    33E5H     010FH     UNIT         ?PR?_INITRXFRAMEID?CAN
            CODE    34F4H     0100H     UNIT         ?PR?_SIMPLEBUTTONCONFIG?M
>> AINCODE
            CODE    35F4H     00EEH     UNIT         ?PR?_RXMESSAGECONFIG2?MAI
>> NCODE
            CODE    36E2H     00EDH     UNIT         ?PR?CAN1INITCANBUFFERS?SP
>> I
            CODE    37CFH     00E7H     UNIT         ?PR?_TX_CAN_FRAME?CAN
            CODE    38B6H     00E3H     UNIT         ?PR?_RXMESSAGECONFIG1?MAI
>> NCODE
            CODE    3999H     00E3H     UNIT         ?PR?_CAN1WRITE_CANMSG?SPI
>> 
            CODE    3A7CH     00DEH     UNIT         ?PR?CHECKRELAY?MAINCODE
            CODE    3B5AH     00BDH     UNIT         ?PR?_CAN1INIT_FILTERSNMAS
>> KS?SPI
            CODE    3C17H     0099H     UNIT         ?PR?CLEARUSERVARS?MAINCOD
>> E
            CODE    3CB0H     0092H     UNIT         ?PR?_CLEAR_MESSAGE_OBJECT
>> ?CAN
            CODE    3D42H     0087H     UNIT         ?PR?_CAN1WRITE_ID?SPI
            CODE    3DC9H     007FH     UNIT         ?PR?_RELAYCTRL?MAINCODE
            CODE    3E48H     007BH     UNIT         ?PR?INT_CAN?CAN
            CODE    3EC3H     006FH     UNIT         ?PR?_MEMMANAGE?MAINCODE
            CODE    3F32H     0060H     UNIT         ?PR?_CAN1INIT?SPI
            CODE    3F92H     0055H     UNIT         ?PR?INT_T3_OV?TIMERS
            CODE    3FE7H     0052H     UNIT         ?PR?_CAN1CONFIGRATE?SPI
            CODE    4039H     0051H     UNIT         ?PR?_ROTARY2VALUE?TIMERS
            CODE    408AH     0049H     UNIT         ?PR?_CAN1GETNEXTFREETXBUF
>> ?SPI
            CODE    40D3H     0044H     UNIT         ?C?LDIV
            CODE    4117H     0039H     UNIT         ?PR?_START_TIMER3?TIMERS
            CODE    4150H     002FH     UNIT         ?PR?_TXFRAME?CAN
BL51 BANKED LINKER/LOCATER V6.22            06/13/2016  08:38:17  PAGE 3


            CODE    417FH     002FH     UNIT         ?PR?_CAN1SETREGISTERS?SPI
>> 
            CODE    41AEH     002FH     UNIT         ?PR?USER2?USER
            CODE    41DDH     002FH     UNIT         ?PR?USER3?USER
            CODE    420CH     002FH     UNIT         ?PR?USER4?USER
            CODE    423BH     002FH     UNIT         ?PR?USER5?USER
            CODE    426AH     002FH     UNIT         ?PR?USER6?USER
            CODE    4299H     002FH     UNIT         ?PR?USER7?USER
            CODE    42C8H     002AH     UNIT         ?PR?_CONFIG_CAN_TIMING?CA
>> N
            CODE    42F2H     0029H     UNIT         ?PR?CONFIG_IO?MAINCODE
            CODE    431BH     0021H     UNIT         ?PR?_MSECDELAY?TIMERS
            CODE    433CH     001EH     UNIT         ?PR?_CAN1READREGISTER?SPI
>> 
            CODE    435AH     001DH     UNIT         ?PR?_CAN1MODIFYREGISTER?S
>> PI
            CODE    4377H     001DH     UNIT         ?PR?_CAN1SETCANCTRL_MODE?
>> SPI
            CODE    4394H     001CH     UNIT         ?PR?OSCILLATOR_INIT?TIMER
>> S
            CODE    43B0H     0019H     UNIT         ?PR?SPI_RXBYTE?SPI
            CODE    43C9H     0017H     UNIT         ?PR?_CAN1SETREGISTER?SPI
            CODE    43E0H     0017H     UNIT         ?PR?CAN1READSTATUS?SPI
            CODE    43F7H     0017H     UNIT         ?PR?CAN1READRXSTAT?SPI
            CODE    440EH     0016H     UNIT         ?PR?_SPICAN?SPI
            CODE    4424H     0016H     UNIT         ?PR?CAN1RESET?SPI
            CODE    443AH     0011H     UNIT         ?CO?USER
            CODE    444BH     000FH     UNIT         ?PR?_SPI_TXBYTE?SPI
            CODE    445AH     000FH     UNIT         ?PR?_CODEDELAY?TIMERS
            CODE    4469H     000EH     UNIT         ?PR?SPI_INIT?SPI
            CODE    4477H     000BH     UNIT         ?PR?_CAN1BEGIN?SPI
            CODE    4482H     0005H     UNIT         ?PR?INT_CAN1?SPI



OVERLAY MAP OF MODULE:   D:\Work Files\C Code\GitFiles\GreenButton\HarmanPana 
>> All Networks\APAC\maincodeOMF (MAINCODE)


SEGMENT                                     BIT_GROUP          DATA_GROUP 
  +--> CALLED SEGMENT                    START    LENGTH     START    LENGTH
----------------------------------------------------------------------------
?PR?INT_CAN?CAN                          -----    -----      0022H    0002H
  +--> ?PR?_RX_CAN_FRAME?CAN

?PR?_RX_CAN_FRAME?CAN                    -----    -----      0024H    0001H

*** NEW ROOT ***************************************************

?PR?INT_T3_OV?TIMERS                     -----    -----      -----    -----
  +--> ?PR?READINPUTS?TIMERS
  +--> ?PR?CHECKMESGS?TIMERS

?PR?READINPUTS?TIMERS                    -----    -----      0025H    000AH
  +--> ?PR?_CODEDELAY?TIMERS
  +--> ?PR?_ROTARY2VALUE?TIMERS

?PR?_ROTARY2VALUE?TIMERS                 -----    -----      002FH    0001H

?PR?CHECKMESGS?TIMERS                    0020H.5  0000H.1    0025H    0003H
  +--> ?PR?_TXFRAME?CAN

?PR?_TXFRAME?CAN                         -----    -----      0028H    0002H
  +--> ?PR?_TX_CAN_FRAME?CAN
  +--> ?PR?_CAN1GETNEXTFREETXBUF?SPI
BL51 BANKED LINKER/LOCATER V6.22            06/13/2016  08:38:17  PAGE 4


  +--> ?PR?_CAN1WRITE_CANMSG?SPI
  +--> ?PR?_CAN1START_TRANSMIT?SPI

?PR?_CAN1GETNEXTFREETXBUF?SPI            -----    -----      002AH    0006H
  +--> ?CO?SPI
  +--> ?PR?_CAN1READREGISTER?SPI

?PR?_CAN1READREGISTER?SPI                -----    -----      -----    -----
  +--> ?PR?_SPICAN?SPI
  +--> ?PR?_SPI_TXBYTE?SPI
  +--> ?PR?SPI_RXBYTE?SPI

?PR?_CAN1WRITE_CANMSG?SPI                -----    -----      002AH    0004H
  +--> ?PR?_SPICAN?SPI
  +--> ?PR?_SPI_TXBYTE?SPI

?PR?_CAN1START_TRANSMIT?SPI              -----    -----      -----    -----
  +--> ?PR?_SPICAN?SPI
  +--> ?PR?_SPI_TXBYTE?SPI

*** NEW ROOT ***************************************************

?C_C51STARTUP                            -----    -----      -----    -----
  +--> ?PR?MAIN?MAINCODE

?PR?MAIN?MAINCODE                        -----    -----      -----    -----
  +--> ?PR?CONFIG_IO?MAINCODE
  +--> ?PR?OSCILLATOR_INIT?TIMERS
  +--> ?PR?SPI_INIT?SPI
  +--> ?PR?_CAN1BEGIN?SPI
  +--> ?PR?_CONFIG_CAN_TIMING?CAN
  +--> ?PR?CLEARUSERVARS?MAINCODE
  +--> ?PR?_START_TIMER3?TIMERS
  +--> ?PR?_MSECDELAY?TIMERS
  +--> ?PR?USER1?USER
  +--> ?PR?USER2?USER
  +--> ?PR?USER3?USER
  +--> ?PR?USER4?USER
  +--> ?PR?USER5?USER
  +--> ?PR?USER6?USER
  +--> ?PR?USER7?USER
  +--> ?PR?USER8?USER

?PR?OSCILLATOR_INIT?TIMERS               -----    -----      0030H    0001H
  +--> ?PR?_CODEDELAY?TIMERS

?PR?_CAN1BEGIN?SPI                       -----    -----      -----    -----
  +--> ?PR?_CAN1INIT?SPI

?PR?_CAN1INIT?SPI                        -----    -----      0030H    0001H
  +--> ?PR?CAN1RESET?SPI
  +--> ?PR?_CAN1SETCANCTRL_MODE?SPI
  +--> ?PR?_CAN1CONFIGRATE?SPI
  +--> ?PR?CAN1INITCANBUFFERS?SPI
  +--> ?PR?_CAN1SETREGISTER?SPI
  +--> ?PR?_CAN1MODIFYREGISTER?SPI
  +--> ?PR?_CAN1INIT_FILTERSNMASKS?SPI

?PR?CAN1RESET?SPI                        -----    -----      -----    -----
  +--> ?PR?_SPICAN?SPI
  +--> ?PR?_SPI_TXBYTE?SPI
  +--> ?PR?_CODEDELAY?TIMERS

?PR?_CAN1SETCANCTRL_MODE?SPI             -----    -----      -----    -----
  +--> ?PR?_CAN1MODIFYREGISTER?SPI
BL51 BANKED LINKER/LOCATER V6.22            06/13/2016  08:38:17  PAGE 5


  +--> ?PR?_CAN1READREGISTER?SPI

?PR?_CAN1MODIFYREGISTER?SPI              -----    -----      -----    -----
  +--> ?PR?_SPICAN?SPI
  +--> ?PR?_SPI_TXBYTE?SPI

?PR?_CAN1CONFIGRATE?SPI                  -----    -----      -----    -----
  +--> ?PR?_CAN1SETREGISTER?SPI

?PR?_CAN1SETREGISTER?SPI                 -----    -----      -----    -----
  +--> ?PR?_SPICAN?SPI
  +--> ?PR?_SPI_TXBYTE?SPI

?PR?CAN1INITCANBUFFERS?SPI               -----    -----      0031H    0008H
  +--> ?PR?_CAN1WRITE_ID?SPI
  +--> ?PR?_CAN1SETREGISTER?SPI

?PR?_CAN1WRITE_ID?SPI                    -----    -----      0039H    0009H
  +--> ?PR?_CAN1SETREGISTERS?SPI

?PR?_CAN1SETREGISTERS?SPI                -----    -----      0042H    0005H
  +--> ?PR?_SPICAN?SPI
  +--> ?PR?_SPI_TXBYTE?SPI

?PR?_CAN1INIT_FILTERSNMASKS?SPI          -----    -----      0031H    0005H
  +--> ?PR?_CAN1SETCANCTRL_MODE?SPI
  +--> ?PR?_CAN1WRITE_ID?SPI

?PR?CLEARUSERVARS?MAINCODE               -----    -----      -----    -----
  +--> ?PR?_CLEAR_MESSAGE_OBJECT?CAN

?PR?_CLEAR_MESSAGE_OBJECT?CAN            -----    -----      0030H    0001H

?PR?USER1?USER                           0020H.6  0000H.1    0030H    001CH
  +--> ?CO?USER
  +--> ?PR?_MEMMANAGE?MAINCODE
  +--> ?PR?_ADDMESSAGE?MAINCODE
  +--> ?PR?_SIMPLEBUTTONCONFIG?MAINCODE
  +--> ?PR?_RXMESSAGECONFIG1?MAINCODE
  +--> ?PR?_RXMESSAGECONFIG2?MAINCODE
  +--> ?PR?_PROCESSRX?MAINCODE
  +--> ?PR?CAN1READSTATUS?SPI
  +--> ?PR?_CAN1READ_CANMSG?SPI
  +--> ?PR?_CAN1READREGISTER?SPI
  +--> ?PR?_ALTERMESSAGEBYTE?MAINCODE
  +--> ?PR?_CAN1MODIFYREGISTER?SPI
  +--> ?PR?CAN1READRXSTAT?SPI
  +--> ?PR?CHECKRELAY?MAINCODE
  +--> ?PR?CHECKBUTTS?MAINCODE

?PR?_MEMMANAGE?MAINCODE                  -----    -----      004CH    0005H

?PR?_ADDMESSAGE?MAINCODE                 -----    -----      004CH    000CH

?PR?_SIMPLEBUTTONCONFIG?MAINCODE         -----    -----      004CH    000FH

?PR?_RXMESSAGECONFIG1?MAINCODE           -----    -----      004CH    000DH
  +--> ?PR?_INITRXFRAMEID?CAN

?PR?_INITRXFRAMEID?CAN                   -----    -----      0059H    000AH
  +--> ?PR?_INIT_MSG_OBJECT_RX?CAN

?PR?_INIT_MSG_OBJECT_RX?CAN              -----    -----      0063H    0005H

?PR?_RXMESSAGECONFIG2?MAINCODE           -----    -----      004CH    000FH
BL51 BANKED LINKER/LOCATER V6.22            06/13/2016  08:38:17  PAGE 6



?PR?_PROCESSRX?MAINCODE                  0020H.7  0000H.1    004CH    0011H
  +--> ?PR?_ALTERMESSAGEBYTE?MAINCODE

?PR?_ALTERMESSAGEBYTE?MAINCODE           -----    -----      005DH    000DH

?PR?CAN1READSTATUS?SPI                   -----    -----      -----    -----
  +--> ?PR?_SPICAN?SPI
  +--> ?PR?_SPI_TXBYTE?SPI
  +--> ?PR?SPI_RXBYTE?SPI

?PR?_CAN1READ_CANMSG?SPI                 -----    -----      004CH    0006H
  +--> ?PR?_SPICAN?SPI
  +--> ?PR?_SPI_TXBYTE?SPI
  +--> ?PR?SPI_RXBYTE?SPI

?PR?CAN1READRXSTAT?SPI                   -----    -----      -----    -----
  +--> ?PR?_SPICAN?SPI
  +--> ?PR?_SPI_TXBYTE?SPI
  +--> ?PR?SPI_RXBYTE?SPI

?PR?CHECKRELAY?MAINCODE                  0020H.7  0000H.1    004CH    0001H
  +--> ?PR?_RELAYCTRL?MAINCODE

?PR?_RELAYCTRL?MAINCODE                  -----    -----      -----    -----
  +--> ?PR?_CAN1MODIFYREGISTER?SPI

?PR?CHECKBUTTS?MAINCODE                  -----    -----      004CH    0010H
  +--> ?PR?_ALTERMESSAGEBYTE?MAINCODE

?PR?USER2?USER                           -----    -----      0030H    0001H
  +--> ?PR?_MSECDELAY?TIMERS

?PR?USER3?USER                           -----    -----      0030H    0001H
  +--> ?PR?_MSECDELAY?TIMERS

?PR?USER4?USER                           -----    -----      0030H    0001H
  +--> ?PR?_MSECDELAY?TIMERS

?PR?USER5?USER                           -----    -----      0030H    0001H
  +--> ?PR?_MSECDELAY?TIMERS

?PR?USER6?USER                           -----    -----      0030H    0001H
  +--> ?PR?_MSECDELAY?TIMERS

?PR?USER7?USER                           -----    -----      0030H    0001H
  +--> ?PR?_MSECDELAY?TIMERS



SYMBOL TABLE OF MODULE:  D:\Work Files\C Code\GitFiles\GreenButton\HarmanPana 
>> All Networks\APAC\maincodeOMF (MAINCODE)

  VALUE           TYPE          NAME
  ----------------------------------

  -------         MODULE        MAINCODE
  C:0000H         SYMBOL        _ICE_DUMMY_
  D:0080H         PUBLIC        P0
  X:0000H         PUBLIC        MaxRxTraps
  D:0008H         PUBLIC        Mesgs
  D:00FFH         PUBLIC        WDTCN
  D:00A0H         PUBLIC        P2
  D:00B0H         PUBLIC        P3
  B:00A8H.7       PUBLIC        EA
BL51 BANKED LINKER/LOCATER V6.22            06/13/2016  08:38:17  PAGE 7


  D:00E7H         PUBLIC        EIE2
  B:00A0H.3       PUBLIC        LED1
  D:00E8H         PUBLIC        ADC0CN
  D:0084H         PUBLIC        SFRPAGE
  D:00A4H         PUBLIC        P0MDOUT
  D:00E8H         PUBLIC        ADC2CN
  D:00A5H         PUBLIC        P1MDOUT
  D:00A8H         PUBLIC        IE
  D:00A6H         PUBLIC        P2MDOUT
  D:00A7H         PUBLIC        P3MDOUT
  D:00F7H         PUBLIC        EIP2
  D:000AH         PUBLIC        keyChange
  D:00F8H         PUBLIC        CAN0CN
  D:00D8H         PUBLIC        PCA0CN
  C:3DC9H         PUBLIC        _RelayCtrl
  X:0001H         PUBLIC        RelayCnf
  D:00B8H         PUBLIC        IP
  D:00E1H         PUBLIC        XBR0
  D:00E2H         PUBLIC        XBR1
  D:00E3H         PUBLIC        XBR2
  D:00E4H         PUBLIC        XBR3
  C:38B6H         PUBLIC        _RxMessageConfig1
  C:35F4H         PUBLIC        _RxMessageConfig2
  D:00C0H         PUBLIC        SMB0CN
  C:3195H         PUBLIC        main
  B:0020H.2       PUBLIC        CANintMode
  X:0009H         PUBLIC        MaxMesgs
  X:000AH         PUBLIC        rxframe0
  D:0088H         PUBLIC        CPT0CN
  X:01CAH         PUBLIC        rxframe1
  C:3C17H         PUBLIC        ClearUserVars
  D:00ADH         PUBLIC        P1MDIN
  D:0088H         PUBLIC        CPT1CN
  D:00AEH         PUBLIC        P2MDIN
  D:0088H         PUBLIC        CPT2CN
  D:00AFH         PUBLIC        P3MDIN
  C:20D8H         PUBLIC        _ProcessRx
  D:00F8H         PUBLIC        SPI0CN
  B:00B0H.4       PUBLIC        RELAY1
  B:00B0H.5       PUBLIC        RELAY2
  X:02AAH         PUBLIC        MesgCnt
  X:02ABH         PUBLIC        OneTime
  D:0088H         PUBLIC        TCON
  D:00C8H         PUBLIC        TMR2CN
  D:00C8H         PUBLIC        TMR3CN
  D:00C8H         PUBLIC        TMR4CN
  B:00A0H.2       PUBLIC        SEL_CAN_C
  D:000EH         PUBLIC        keys
  X:02D5H         PUBLIC        ButtCnt
  C:34F4H         PUBLIC        _SimpleButtonConfig
  X:02D6H         PUBLIC        RelayChange
  B:0020H.3       PUBLIC        RxCAN0
  B:0020H.4       PUBLIC        RxCAN1
  X:02D7H         PUBLIC        RxCAN1IDs
  C:303BH         PUBLIC        _AddMessage
  D:0012H         PUBLIC        RxMesg
  C:32C0H         PUBLIC        _AlterMessageByte
  C:3A7CH         PUBLIC        CheckRelay
  D:0098H         PUBLIC        SCON0
  D:0098H         PUBLIC        SCON1
  D:00C0H         PUBLIC        CAN0STA
  C:3EC3H         PUBLIC        _MemManage
  X:0317H         PUBLIC        RxCnt
  C:42F2H         PUBLIC        config_IO
  D:0014H         PUBLIC        Buttons
BL51 BANKED LINKER/LOCATER V6.22            06/13/2016  08:38:17  PAGE 8


  C:1CCAH         PUBLIC        CheckButts
  D:00D0H         PUBLIC        PSW
  X:0318H         PUBLIC        txframe
  -------         PROC          MAIN
  C:3195H         LINE#         30
  C:3195H         LINE#         31
  C:3195H         LINE#         32
  C:3198H         LINE#         33
  C:319BH         LINE#         35
  C:319EH         LINE#         36
  C:31A1H         LINE#         40
  C:31A4H         LINE#         41
  C:31A9H         LINE#         45
  C:31ABH         LINE#         46
  C:31B2H         LINE#         48
  C:31B5H         LINE#         49
  C:31B8H         LINE#         52
  C:31BBH         LINE#         53
  C:31BEH         LINE#         56
  C:31C1H         LINE#         60
  C:31C8H         LINE#         64
  C:31CAH         LINE#         65
  C:31D1H         LINE#         66
  C:31D3H         LINE#         68
  C:31D3H         LINE#         69
  C:31D3H         LINE#         70
  C:3213H         LINE#         71
  C:3213H         LINE#         72
  C:3213H         LINE#         73
  C:3216H         LINE#         74
  C:3218H         LINE#         75
  C:3218H         LINE#         76
  C:321BH         LINE#         77
  C:321DH         LINE#         78
  C:321DH         LINE#         79
  C:3220H         LINE#         80
  C:3222H         LINE#         81
  C:3222H         LINE#         82
  C:3225H         LINE#         83
  C:3227H         LINE#         84
  C:3227H         LINE#         85
  C:322AH         LINE#         86
  C:322CH         LINE#         87
  C:322CH         LINE#         88
  C:322FH         LINE#         89
  C:3231H         LINE#         90
  C:3231H         LINE#         91
  C:3234H         LINE#         92
  C:3236H         LINE#         93
  C:3236H         LINE#         94
  C:3239H         LINE#         95
  C:3239H         LINE#         96
  C:3239H         LINE#         99
  C:3248H         LINE#         100
  C:3260H         LINE#         101
  C:3286H         LINE#         102
  C:32A8H         LINE#         104
  C:32BAH         LINE#         106
  C:32BDH         LINE#         107
  -------         ENDPROC       MAIN
  -------         PROC          _MEMMANAGE
  D:0004H         SYMBOL        Bcnt
  D:0001H         SYMBOL        Mcnt
  D:0003H         SYMBOL        Rcnt
  D:004FH         SYMBOL        FirstAddress
BL51 BANKED LINKER/LOCATER V6.22            06/13/2016  08:38:17  PAGE 9


  C:3EC3H         LINE#         110
  C:3EC7H         LINE#         111
  C:3EC7H         LINE#         112
  C:3EFEH         LINE#         113
  C:3EFEH         LINE#         114
  C:3F04H         LINE#         115
  C:3F16H         LINE#         116
  C:3F2CH         LINE#         117
  C:3F2FH         LINE#         118
  C:3F2FH         LINE#         120
  C:3F31H         LINE#         121
  -------         ENDPROC       _MEMMANAGE
  -------         PROC          CLEARUSERVARS
  -------         DO            
  D:0003H         SYMBOL        i
  D:0007H         SYMBOL        j
  -------         ENDDO         
  C:3C17H         LINE#         123
  C:3C17H         LINE#         124
  C:3C17H         LINE#         127
  C:3C19H         LINE#         128
  C:3C19H         LINE#         129
  C:3C29H         LINE#         130
  C:3C3EH         LINE#         131
  C:3C4EH         LINE#         132
  C:3C4FH         LINE#         133
  C:3C6DH         LINE#         134
  C:3C71H         LINE#         136
  C:3C73H         LINE#         137
  C:3C75H         LINE#         139
  C:3C77H         LINE#         140
  C:3C79H         LINE#         141
  C:3C7EH         LINE#         142
  C:3C7EH         LINE#         143
  C:3C88H         LINE#         145
  C:3C91H         LINE#         146
  C:3C9AH         LINE#         148
  C:3C9FH         LINE#         149
  C:3CA3H         LINE#         150
  C:3CA7H         LINE#         151
  C:3CACH         LINE#         152
  C:3CAFH         LINE#         153
  -------         ENDPROC       CLEARUSERVARS
  -------         PROC          CONFIG_IO
  -------         DO            
  D:0007H         SYMBOL        SFRPAGE_SAVE
  -------         ENDDO         
  C:42F2H         LINE#         155
  C:42F2H         LINE#         156
  C:42F2H         LINE#         157
  C:42F4H         LINE#         159
  C:42F7H         LINE#         161
  C:42FAH         LINE#         162
  C:42FDH         LINE#         163
  C:4300H         LINE#         164
  C:4303H         LINE#         166
  C:4306H         LINE#         168
  C:4309H         LINE#         169
  C:430CH         LINE#         171
  C:430FH         LINE#         172
  C:4312H         LINE#         174
  C:4315H         LINE#         175
  C:4318H         LINE#         177
  C:431AH         LINE#         178
  -------         ENDPROC       CONFIG_IO
BL51 BANKED LINKER/LOCATER V6.22            06/13/2016  08:38:17  PAGE 10


  -------         PROC          CHECKRELAY
  -------         DO            
  D:004CH         SYMBOL        i
  B:0020H.7       SYMBOL        Invert
  -------         ENDDO         
  C:3A7CH         LINE#         180
  C:3A7CH         LINE#         181
  C:3A7CH         LINE#         185
  C:3A7FH         LINE#         186
  C:3A7FH         LINE#         187
  C:3A96H         LINE#         189
  C:3AACH         LINE#         190
  C:3AACH         LINE#         191
  C:3AB8H         LINE#         192
  C:3AD0H         LINE#         193
  C:3AD0H         LINE#         194
  C:3AE3H         LINE#         195
  C:3AE3H         LINE#         196
  C:3AF5H         LINE#         197
  C:3B00H         LINE#         199
  C:3B00H         LINE#         200
  C:3B0DH         LINE#         201
  C:3B1EH         LINE#         202
  C:3B35H         LINE#         203
  C:3B35H         LINE#         204
  C:3B4DH         LINE#         205
  C:3B4DH         LINE#         206
  C:3B59H         LINE#         207
  -------         ENDPROC       CHECKRELAY
  -------         PROC          CHECKBUTTS
  -------         DO            
  D:004CH         SYMBOL        button
  D:004DH         SYMBOL        i
  D:004EH         SYMBOL        j
  D:004FH         SYMBOL        x
  D:0050H         SYMBOL        value
  D:0058H         SYMBOL        changebits
  -------         ENDDO         
  C:1CCAH         LINE#         209
  C:1CCAH         LINE#         210
  C:1CCAH         LINE#         216
  C:1CDFH         LINE#         218
  C:1CECH         LINE#         219
  C:1D08H         LINE#         221
  C:1D2DH         LINE#         223
  C:1D36H         LINE#         224
  C:1D36H         LINE#         226
  C:1D39H         LINE#         227
  C:1D57H         LINE#         228
  C:1D5FH         LINE#         229
  C:1D8CH         LINE#         230
  C:1DABH         LINE#         232
  C:1DF7H         LINE#         234
  C:1E05H         LINE#         235
  C:1E05H         LINE#         236
  C:1E20H         LINE#         237
  C:1E20H         LINE#         238
  C:1E47H         LINE#         239
  C:1EC7H         LINE#         240
  C:1F0CH         LINE#         241
  C:1F0FH         LINE#         243
  C:1F0FH         LINE#         244
  C:1F2FH         LINE#         245
  C:1F2FH         LINE#         246
  C:1F52H         LINE#         247
BL51 BANKED LINKER/LOCATER V6.22            06/13/2016  08:38:17  PAGE 11


  C:1FA2H         LINE#         248
  C:1FBDH         LINE#         249
  C:1FBDH         LINE#         250
  C:1FBDH         LINE#         252
  C:1FBDH         LINE#         253
  C:1FC0H         LINE#         255
  C:1FC0H         LINE#         256
  C:1FDBH         LINE#         257
  C:1FDBH         LINE#         258
  C:201CH         LINE#         259
  C:2026H         LINE#         260
  C:2026H         LINE#         261
  C:2029H         LINE#         262
  C:2072H         LINE#         263
  C:2084H         LINE#         264
  C:20B1H         LINE#         266
  C:20D7H         LINE#         267
  C:20D7H         LINE#         268
  C:20D7H         LINE#         269
  C:20D7H         LINE#         270
  C:20D7H         LINE#         271
  -------         ENDPROC       CHECKBUTTS
  -------         PROC          _PROCESSRX
  D:004CH         SYMBOL        port
  D:004DH         SYMBOL        index
  -------         DO            
  D:004EH         SYMBOL        i
  D:004FH         SYMBOL        j
  D:0050H         SYMBOL        x
  D:0051H         SYMBOL        value
  D:0059H         SYMBOL        RxMsg
  D:005AH         SYMBOL        rx
  B:0020H.7       SYMBOL        test
  -------         ENDDO         
  C:20D8H         LINE#         276
  C:20DCH         LINE#         277
  C:20DCH         LINE#         282
  C:20DEH         LINE#         284
  C:20E2H         LINE#         285
  C:20EDH         LINE#         287
  C:20F6H         LINE#         289
  C:20F9H         LINE#         290
  C:20FDH         LINE#         291
  C:2100H         LINE#         294
  C:2125H         LINE#         296
  C:212EH         LINE#         297
  C:212EH         LINE#         299
  C:212EH         LINE#         300
  C:2131H         LINE#         301
  C:2131H         LINE#         303
  C:2155H         LINE#         304
  C:215DH         LINE#         305
  C:215DH         LINE#         307
  C:2184H         LINE#         308
  C:21EDH         LINE#         309
  C:21F4H         LINE#         311
  C:2205H         LINE#         313
  C:220BH         LINE#         314
  C:220BH         LINE#         315
  C:220EH         LINE#         316
  C:2228H         LINE#         317
  C:222CH         LINE#         318
  C:224AH         LINE#         320
  C:229FH         LINE#         322
  C:22ADH         LINE#         323
BL51 BANKED LINKER/LOCATER V6.22            06/13/2016  08:38:17  PAGE 12


  C:22ADH         LINE#         324
  C:22D4H         LINE#         325
  C:2354H         LINE#         326
  C:23A3H         LINE#         327
  C:23A3H         LINE#         329
  C:23A3H         LINE#         330
  C:23E4H         LINE#         331
  C:23EEH         LINE#         332
  C:23EEH         LINE#         333
  C:2412H         LINE#         334
  C:2458H         LINE#         335
  C:2469H         LINE#         336
  C:249FH         LINE#         337
  C:249FH         LINE#         338
  C:249FH         LINE#         339
  C:249FH         LINE#         340
  C:249FH         LINE#         341
  -------         ENDPROC       _PROCESSRX
  -------         PROC          _ADDMESSAGE
  D:0007H         SYMBOL        port
  D:004DH         SYMBOL        ID
  D:0051H         SYMBOL        Rate
  D:0053H         SYMBOL        cnt
  D:0054H         SYMBOL        dat
  -------         DO            
  D:0057H         SYMBOL        i
  -------         ENDDO         
  C:303BH         LINE#         349
  C:303BH         LINE#         350
  C:303BH         LINE#         353
  C:3050H         LINE#         355
  C:3074H         LINE#         356
  C:3093H         LINE#         357
  C:30AFH         LINE#         358
  C:30CAH         LINE#         359
  C:30D7H         LINE#         360
  C:30D7H         LINE#         361
  C:3117H         LINE#         362
  C:3151H         LINE#         363
  C:3156H         LINE#         364
  C:317CH         LINE#         366
  C:3186H         LINE#         367
  C:318CH         LINE#         369
  C:3194H         LINE#         370
  -------         ENDPROC       _ADDMESSAGE
  -------         PROC          _ALTERMESSAGEBYTE
  D:0007H         SYMBOL        port
  D:005EH         SYMBOL        ID
  D:0062H         SYMBOL        index
  D:0063H         SYMBOL        value
  D:0066H         SYMBOL        numbytes
  D:0067H         SYMBOL        count
  -------         DO            
  D:0068H         SYMBOL        i
  D:0069H         SYMBOL        j
  -------         ENDDO         
  C:32C0H         LINE#         379
  C:32C0H         LINE#         380
  C:32C0H         LINE#         383
  C:32D5H         LINE#         385
  C:330EH         LINE#         387
  C:331CH         LINE#         388
  C:331CH         LINE#         389
  C:333FH         LINE#         390
  C:333FH         LINE#         391
BL51 BANKED LINKER/LOCATER V6.22            06/13/2016  08:38:17  PAGE 13


  C:337EH         LINE#         392
  C:3382H         LINE#         393
  C:33A0H         LINE#         395
  C:33DFH         LINE#         396
  C:33E4H         LINE#         397
  C:33E4H         LINE#         398
  -------         ENDPROC       _ALTERMESSAGEBYTE
  -------         PROC          _SIMPLEBUTTONCONFIG
  D:0003H         SYMBOL        button
  D:0005H         SYMBOL        port
  D:004EH         SYMBOL        ID
  D:0052H         SYMBOL        mask
  D:0055H         SYMBOL        value
  D:0058H         SYMBOL        count
  -------         DO            
  D:005AH         SYMBOL        i
  -------         ENDDO         
  C:34F4H         LINE#         407
  C:34F6H         LINE#         408
  C:34F6H         LINE#         411
  C:350BH         LINE#         413
  C:3526H         LINE#         414
  C:3540H         LINE#         415
  C:3551H         LINE#         416
  C:3554H         LINE#         417
  C:3554H         LINE#         418
  C:3594H         LINE#         419
  C:35D4H         LINE#         420
  C:35DFH         LINE#         421
  C:35E8H         LINE#         422
  C:35EBH         LINE#         424
  C:35F3H         LINE#         425
  -------         ENDPROC       _SIMPLEBUTTONCONFIG
  -------         PROC          _RXMESSAGECONFIG1
  D:0007H         SYMBOL        port
  D:004DH         SYMBOL        ID
  D:0051H         SYMBOL        mask
  D:0054H         SYMBOL        value
  D:0057H         SYMBOL        count
  -------         DO            
  D:0058H         SYMBOL        i
  -------         ENDDO         
  C:38B6H         LINE#         434
  C:38B6H         LINE#         435
  C:38B6H         LINE#         438
  C:38E0H         LINE#         440
  C:38FBH         LINE#         441
  C:3905H         LINE#         442
  C:3905H         LINE#         443
  C:393BH         LINE#         444
  C:397BH         LINE#         445
  C:3980H         LINE#         447
  C:398DH         LINE#         448
  C:3990H         LINE#         450
  C:3998H         LINE#         451
  -------         ENDPROC       _RXMESSAGECONFIG1
  -------         PROC          _RXMESSAGECONFIG2
  D:004CH         SYMBOL        index
  D:0005H         SYMBOL        outport
  D:004EH         SYMBOL        outID
  D:0052H         SYMBOL        outmask
  D:0055H         SYMBOL        outvalue
  D:0058H         SYMBOL        count
  D:0059H         SYMBOL        altercount
  -------         DO            
BL51 BANKED LINKER/LOCATER V6.22            06/13/2016  08:38:17  PAGE 14


  D:005AH         SYMBOL        i
  -------         ENDDO         
  C:35F4H         LINE#         460
  C:35F6H         LINE#         461
  C:35F6H         LINE#         464
  C:360BH         LINE#         465
  C:362FH         LINE#         466
  C:364BH         LINE#         467
  C:3667H         LINE#         468
  C:3671H         LINE#         469
  C:3671H         LINE#         470
  C:36A7H         LINE#         471
  C:36DDH         LINE#         472
  C:36E1H         LINE#         473
  -------         ENDPROC       _RXMESSAGECONFIG2
  -------         PROC          _RELAYCTRL
  D:0007H         SYMBOL        num
  D:0003H         SYMBOL        type
  -------         DO            
  D:0005H         SYMBOL        relay
  B:0020H.0       SYMBOL        R3
  B:0020H.1       SYMBOL        R4
  -------         ENDDO         
  C:3DC9H         LINE#         480
  C:3DCBH         LINE#         481
  C:3DCBH         LINE#         482
  C:3DCDH         LINE#         485
  C:3DDCH         LINE#         486
  C:3DDCH         LINE#         487
  C:3DDCH         LINE#         488
  C:3DE2H         LINE#         489
  C:3DE9H         LINE#         491
  C:3DEEH         LINE#         492
  C:3DF0H         LINE#         493
  C:3DF0H         LINE#         494
  C:3DF6H         LINE#         495
  C:3DFDH         LINE#         497
  C:3E02H         LINE#         498
  C:3E04H         LINE#         499
  C:3E04H         LINE#         500
  C:3E0AH         LINE#         501
  C:3E11H         LINE#         503
  C:3E16H         LINE#         505
  C:3E18H         LINE#         506
  C:3E20H         LINE#         507
  C:3E22H         LINE#         508
  C:3E22H         LINE#         509
  C:3E28H         LINE#         510
  C:3E2FH         LINE#         512
  C:3E34H         LINE#         514
  C:3E36H         LINE#         515
  C:3E3FH         LINE#         516
  C:3E3FH         LINE#         517
  C:3E3FH         LINE#         519
  C:3E42H         LINE#         520
  C:3E47H         LINE#         521
  -------         ENDPROC       _RELAYCTRL
  -------         ENDMOD        MAINCODE

  -------         MODULE        CAN
  C:0000H         SYMBOL        _ICE_DUMMY_
  C:33E5H         PUBLIC        _initRxFrameID
  D:0080H         PUBLIC        P0
  D:00A0H         PUBLIC        P2
  D:00B0H         PUBLIC        P3
BL51 BANKED LINKER/LOCATER V6.22            06/13/2016  08:38:17  PAGE 15


  D:00E7H         PUBLIC        EIE2
  C:0006H         PUBLIC        _init_msg_object_rx
  D:00E8H         PUBLIC        ADC0CN
  D:0084H         PUBLIC        SFRPAGE
  D:00E8H         PUBLIC        ADC2CN
  D:00A8H         PUBLIC        IE
  D:00F8H         PUBLIC        CAN0CN
  D:00D8H         PUBLIC        PCA0CN
  D:00B8H         PUBLIC        IP
  C:42C8H         PUBLIC        _config_CAN_timing
  C:3E48H         PUBLIC        INT_CAN
  D:00C0H         PUBLIC        SMB0CN
  D:00D9H         PUBLIC        CAN0DATH
  D:00D8H         PUBLIC        CAN0DATL
  D:0088H         PUBLIC        CPT0CN
  D:0088H         PUBLIC        CPT1CN
  D:0088H         PUBLIC        CPT2CN
  D:00F8H         PUBLIC        SPI0CN
  C:3CB0H         PUBLIC        _clear_message_object
  D:0088H         PUBLIC        TCON
  D:00C8H         PUBLIC        TMR2CN
  D:00C8H         PUBLIC        TMR3CN
  D:00C8H         PUBLIC        TMR4CN
  C:4150H         PUBLIC        _TxFrame
  X:0326H         PUBLIC        IntReg
  B:00A8H.0       PUBLIC        EX0
  D:00DAH         PUBLIC        CAN0ADR
  D:00D8H         PUBLIC        CAN0DAT
  D:0098H         PUBLIC        SCON0
  D:0098H         PUBLIC        SCON1
  D:00C0H         PUBLIC        CAN0STA
  C:2B77H         PUBLIC        _rx_can_frame
  C:37CFH         PUBLIC        _tx_can_frame
  X:0327H         PUBLIC        RxBuffCnt
  D:00D0H         PUBLIC        PSW
  -------         PROC          _TXFRAME
  D:0028H         SYMBOL        port
  -------         DO            
  D:0029H         SYMBOL        TxBuff
  -------         ENDDO         
  C:4150H         LINE#         26
  C:4152H         LINE#         27
  C:4152H         LINE#         30
  C:4156H         LINE#         31
  C:4156H         LINE#         32
  C:415CH         LINE#         33
  C:4161H         LINE#         34
  C:4161H         LINE#         35
  C:4166H         LINE#         36
  C:4166H         LINE#         37
  C:4174H         LINE#         38
  C:4174H         LINE#         39
  C:4179H         LINE#         40
  C:417EH         LINE#         41
  C:417EH         LINE#         42
  C:417EH         LINE#         43
  -------         ENDPROC       _TXFRAME
  -------         PROC          _INITRXFRAMEID
  D:0059H         SYMBOL        port
  D:005AH         SYMBOL        arbID
  -------         DO            
  D:005EH         SYMBOL        i
  D:005FH         SYMBOL        rx
  D:0062H         SYMBOL        BuffSize
  -------         ENDDO         
BL51 BANKED LINKER/LOCATER V6.22            06/13/2016  08:38:17  PAGE 16


  C:33E5H         LINE#         55
  C:33E7H         LINE#         56
  C:33E7H         LINE#         61
  C:33EBH         LINE#         62
  C:33EBH         LINE#         63
  C:33F4H         LINE#         64
  C:33F7H         LINE#         65
  C:33F9H         LINE#         67
  C:33F9H         LINE#         68
  C:3402H         LINE#         69
  C:3405H         LINE#         70
  C:3405H         LINE#         72
  C:344CH         LINE#         74
  C:347AH         LINE#         75
  C:347AH         LINE#         76
  C:34A0H         LINE#         77
  C:34A4H         LINE#         78
  C:34A4H         LINE#         79
  C:34B5H         LINE#         80
  C:34B5H         LINE#         81
  C:34BAH         LINE#         82
  C:34BAH         LINE#         83
  C:34D4H         LINE#         84
  C:34D6H         LINE#         85
  C:34D6H         LINE#         86
  C:34E4H         LINE#         87
  C:34E4H         LINE#         89
  C:34F1H         LINE#         90
  C:34F3H         LINE#         91
  -------         ENDPROC       _INITRXFRAMEID
  -------         PROC          _CLEAR_MESSAGE_OBJECT
  D:0001H         SYMBOL        port
  D:0002H         SYMBOL        mesgobj
  D:0003H         SYMBOL        count
  -------         DO            
  D:0030H         SYMBOL        BuffSize
  -------         ENDDO         
  C:3CB0H         LINE#         104
  C:3CB4H         LINE#         105
  C:3CB4H         LINE#         108
  C:3CB7H         LINE#         109
  C:3CB7H         LINE#         110
  C:3CBAH         LINE#         111
  C:3CBDH         LINE#         112
  C:3CC0H         LINE#         113
  C:3CC3H         LINE#         114
  C:3CC5H         LINE#         116
  C:3CC8H         LINE#         118
  C:3CD1H         LINE#         119
  C:3CD1H         LINE#         120
  C:3CD4H         LINE#         121
  C:3CD4H         LINE#         122
  C:3CD7H         LINE#         123
  C:3CD9H         LINE#         124
  C:3CEFH         LINE#         125
  C:3D00H         LINE#         126
  C:3D00H         LINE#         127
  C:3D03H         LINE#         128
  C:3D03H         LINE#         129
  C:3D18H         LINE#         130
  C:3D2DH         LINE#         131
  C:3D3DH         LINE#         132
  C:3D3DH         LINE#         134
  C:3D3EH         LINE#         135
  C:3D3FH         LINE#         136
BL51 BANKED LINKER/LOCATER V6.22            06/13/2016  08:38:17  PAGE 17


  C:3D41H         LINE#         137
  -------         ENDPROC       _CLEAR_MESSAGE_OBJECT
  -------         PROC          _CONFIG_CAN_TIMING
  D:0006H         SYMBOL        CANbaud
  C:42C8H         LINE#         149
  C:42C8H         LINE#         150
  C:42C8H         LINE#         151
  C:42CBH         LINE#         152
  C:42CEH         LINE#         153
  C:42D1H         LINE#         155
  C:42D1H         LINE#         156
  C:42D1H         LINE#         157
  C:42DDH         LINE#         158
  C:42DDH         LINE#         159
  C:42DDH         LINE#         160
  C:42E0H         LINE#         161
  C:42E3H         LINE#         162
  C:42E4H         LINE#         163
  C:42E4H         LINE#         164
  C:42E7H         LINE#         165
  C:42EAH         LINE#         166
  C:42EBH         LINE#         167
  C:42EBH         LINE#         168
  C:42EBH         LINE#         169
  C:42EEH         LINE#         170
  C:42F1H         LINE#         171
  C:42F1H         LINE#         172
  C:42F1H         LINE#         173
  C:42F1H         LINE#         174
  C:42F1H         LINE#         175
  C:42F1H         LINE#         178
  C:42F1H         LINE#         179
  C:42F1H         LINE#         180
  C:42F1H         LINE#         183
  -------         ENDPROC       _CONFIG_CAN_TIMING
  -------         PROC          _RX_CAN_FRAME
  D:0024H         SYMBOL        IntReg
  C:2B77H         LINE#         197
  C:2B79H         LINE#         198
  C:2B79H         LINE#         199
  C:2B7CH         LINE#         201
  C:2B8FH         LINE#         203
  C:2B92H         LINE#         204
  C:2B95H         LINE#         205
  C:2B98H         LINE#         206
  C:2BABH         LINE#         208
  C:2BB9H         LINE#         212
  C:2BBCH         LINE#         215
  C:2BC4H         LINE#         216
  C:2BC4H         LINE#         218
  C:2BC7H         LINE#         219
  C:2BEDH         LINE#         220
  C:2BF0H         LINE#         221
  C:2C4DH         LINE#         222
  C:2C4FH         LINE#         225
  C:2C71H         LINE#         229
  C:2C74H         LINE#         230
  C:2C8BH         LINE#         233
  C:2C8EH         LINE#         234
  C:2CA1H         LINE#         235
  C:2CA4H         LINE#         236
  C:2CB7H         LINE#         238
  C:2CBAH         LINE#         239
  C:2CCDH         LINE#         240
  C:2CD0H         LINE#         241
BL51 BANKED LINKER/LOCATER V6.22            06/13/2016  08:38:17  PAGE 18


  C:2CE3H         LINE#         243
  C:2CE6H         LINE#         244
  C:2CF9H         LINE#         245
  C:2CFCH         LINE#         246
  C:2D0FH         LINE#         248
  C:2D12H         LINE#         249
  C:2D25H         LINE#         250
  C:2D28H         LINE#         251
  C:2D3BH         LINE#         253
  C:2D3DH         LINE#         254
  -------         ENDPROC       _RX_CAN_FRAME
  -------         PROC          INT_CAN
  -------         DO            
  D:0007H         SYMBOL        IntReg
  D:0022H         SYMBOL        hldSFRpage
  D:0023H         SYMBOL        status
  -------         ENDDO         
  C:3E48H         LINE#         264
  C:3E65H         LINE#         267
  C:3E68H         LINE#         270
  C:3E6BH         LINE#         272
  C:3E6EH         LINE#         274
  C:3E70H         LINE#         275
  C:3E73H         LINE#         276
  C:3E73H         LINE#         277
  C:3E75H         LINE#         278
  C:3E78H         LINE#         281
  C:3E7BH         LINE#         284
  C:3E7DH         LINE#         286
  C:3E7DH         LINE#         288
  C:3E7FH         LINE#         289
  C:3E87H         LINE#         290
  C:3E87H         LINE#         291
  C:3E89H         LINE#         293
  C:3E89H         LINE#         299
  C:3E8CH         LINE#         301
  C:3E92H         LINE#         302
  C:3E92H         LINE#         303
  C:3E95H         LINE#         304
  C:3E98H         LINE#         305
  C:3E98H         LINE#         308
  C:3E9BH         LINE#         309
  C:3E9BH         LINE#         311
  C:3E9EH         LINE#         312
  C:3EA0H         LINE#         314
  C:3EA0H         LINE#         315
  C:3EA3H         LINE#         316
  C:3EA5H         LINE#         317
  C:3EA5H         LINE#         319
  C:3EA8H         LINE#         320
  -------         ENDPROC       INT_CAN
  -------         PROC          _TX_CAN_FRAME
  D:0001H         SYMBOL        KWPopts
  -------         DO            
  D:0002H         SYMBOL        timeout
  -------         ENDDO         
  C:37CFH         LINE#         331
  C:37D1H         LINE#         332
  C:37D1H         LINE#         333
  C:37D5H         LINE#         335
  C:37D8H         LINE#         337
  C:37DBH         LINE#         338
  C:37DEH         LINE#         340
  C:37E1H         LINE#         341
  C:37E7H         LINE#         342
BL51 BANKED LINKER/LOCATER V6.22            06/13/2016  08:38:17  PAGE 19


  C:37EAH         LINE#         345
  C:37F4H         LINE#         346
  C:37F4H         LINE#         348
  C:3802H         LINE#         349
  C:381BH         LINE#         350
  C:381DH         LINE#         352
  C:381DH         LINE#         354
  C:3822H         LINE#         355
  C:383CH         LINE#         356
  C:383CH         LINE#         358
  C:383FH         LINE#         360
  C:384CH         LINE#         361
  C:3850H         LINE#         362
  C:3852H         LINE#         364
  C:3855H         LINE#         365
  C:3865H         LINE#         366
  C:3875H         LINE#         367
  C:3885H         LINE#         368
  C:3895H         LINE#         370
  C:3898H         LINE#         371
  C:389EH         LINE#         373
  C:38A1H         LINE#         375
  C:38A5H         LINE#         376
  C:38A5H         LINE#         377
  C:38ACH         LINE#         378
  C:38B3H         LINE#         379
  C:38B3H         LINE#         381
  C:38B5H         LINE#         382
  -------         ENDPROC       _TX_CAN_FRAME
  -------         PROC          _INIT_MSG_OBJECT_RX
  D:0003H         SYMBOL        MsgNum
  D:0064H         SYMBOL        arbID
  C:0006H         LINE#         421
  C:0008H         LINE#         422
  C:0008H         LINE#         423
  C:000BH         LINE#         424
  C:000EH         LINE#         425
  C:0014H         LINE#         426
  C:0017H         LINE#         428
  C:001DH         LINE#         429
  C:001DH         LINE#         431
  C:0028H         LINE#         432
  C:003EH         LINE#         433
  C:0040H         LINE#         435
  C:0040H         LINE#         437
  C:0045H         LINE#         438
  C:005AH         LINE#         439
  C:005AH         LINE#         442
  C:0060H         LINE#         443
  C:0063H         LINE#         444
  C:0065H         LINE#         446
  -------         ENDPROC       _INIT_MSG_OBJECT_RX
  -------         ENDMOD        CAN

  -------         MODULE        SPI
  C:0000H         SYMBOL        _ICE_DUMMY_
  D:009DH         PUBLIC        SPI0CKR
  D:0080H         PUBLIC        P0
  B:00F8H.0       PUBLIC        SPIEN
  D:00A0H         PUBLIC        P2
  D:00B0H         PUBLIC        P3
  C:4469H         PUBLIC        SPI_init
  D:00E8H         PUBLIC        ADC0CN
  D:0084H         PUBLIC        SFRPAGE
  C:4477H         PUBLIC        _CAN1begin
BL51 BANKED LINKER/LOCATER V6.22            06/13/2016  08:38:17  PAGE 20


  D:00E8H         PUBLIC        ADC2CN
  C:3FE7H         PUBLIC        _CAN1configRate
  C:43F7H         PUBLIC        CAN1readRxStat
  D:00A8H         PUBLIC        IE
  C:0076H         PUBLIC        _CAN1start_transmit
  D:00F8H         PUBLIC        CAN0CN
  D:00D8H         PUBLIC        PCA0CN
  D:00B8H         PUBLIC        IP
  C:43C9H         PUBLIC        _CAN1setRegister
  C:4412H         PUBLIC        _spiCAN
  D:00C0H         PUBLIC        SMB0CN
  D:0088H         PUBLIC        CPT0CN
  C:4424H         PUBLIC        CAN1reset
  D:0088H         PUBLIC        CPT1CN
  C:43E0H         PUBLIC        CAN1readStatus
  D:0088H         PUBLIC        CPT2CN
  D:00F8H         PUBLIC        SPI0CN
  B:00F8H.7       PUBLIC        SPIF
  D:0088H         PUBLIC        TCON
  B:00F8H.2       PUBLIC        NSSMD0
  D:00C8H         PUBLIC        TMR2CN
  D:00C8H         PUBLIC        TMR3CN
  C:408AH         PUBLIC        _CAN1getNextFreeTXBuf
  D:00C8H         PUBLIC        TMR4CN
  C:3F32H         PUBLIC        _CAN1init
  C:0098H         SYMBOL        _?ix1000
  D:001AH         PUBLIC        hldSFRPAGE
  C:4377H         PUBLIC        _CAN1setCANCTRL_Mode
  C:3B5AH         PUBLIC        _CAN1init_FiltersNMasks
  B:00A8H.0       PUBLIC        EX0
  C:43BEH         PUBLIC        SPI_Rxbyte
  C:4482H         PUBLIC        INT_CAN1
  C:4450H         PUBLIC        _SPI_Txbyte
  C:435AH         PUBLIC        _CAN1modifyRegister
  C:2D3EH         PUBLIC        _CAN1read_canMsg
  C:36E2H         PUBLIC        CAN1initCANBuffers
  C:3D42H         PUBLIC        _CAN1write_id
  D:0098H         PUBLIC        SCON0
  D:0098H         PUBLIC        SCON1
  D:00C0H         PUBLIC        CAN0STA
  C:433CH         PUBLIC        _CAN1readRegister
  D:009AH         PUBLIC        SPI0CFG
  C:3999H         PUBLIC        _CAN1write_canMsg
  C:417FH         PUBLIC        _CAN1setRegisterS
  D:009BH         PUBLIC        SPI0DAT
  D:00D0H         PUBLIC        PSW
  -------         PROC          SPI_INIT
  C:4469H         LINE#         20
  C:4469H         LINE#         21
  C:4469H         LINE#         22
  C:446CH         LINE#         24
  C:446EH         LINE#         26
  C:4471H         LINE#         28
  C:4473H         LINE#         30
  C:4476H         LINE#         31
  -------         ENDPROC       SPI_INIT
  -------         PROC          L?0115
  -------         ENDPROC       L?0115
  -------         PROC          SPI_RXBYTE
  C:43BEH         LINE#         35
  C:43BEH         LINE#         36
  C:43BEH         LINE#         39
  C:43C0H         LINE#         40
  C:43C3H         LINE#         41
  C:43C6H         LINE#         42
BL51 BANKED LINKER/LOCATER V6.22            06/13/2016  08:38:17  PAGE 21


  C:43C8H         LINE#         44
  -------         ENDPROC       SPI_RXBYTE
  C:444BH         SYMBOL        L?0119
  -------         PROC          L?0118
  -------         ENDPROC       L?0118
  C:444BH         SYMBOL        L?0119
  -------         PROC          _SPI_TXBYTE
  D:0007H         SYMBOL        value
  C:4450H         LINE#         47
  C:4450H         LINE#         48
  C:4450H         LINE#         51
  C:4452H         LINE#         52
  C:4454H         LINE#         53
  C:4457H         LINE#         54
  C:4459H         LINE#         55
  -------         ENDPROC       _SPI_TXBYTE
  C:440EH         SYMBOL        L?0117
  -------         PROC          L?0116
  -------         ENDPROC       L?0116
  C:440EH         SYMBOL        L?0117
  -------         PROC          _SPICAN
  D:0007H         SYMBOL        Enable
  C:4412H         LINE#         58
  C:4412H         LINE#         59
  C:4412H         LINE#         60
  C:4415H         LINE#         61
  C:4415H         LINE#         62
  C:4418H         LINE#         63
  C:441BH         LINE#         64
  C:441DH         LINE#         65
  C:441EH         LINE#         67
  C:441EH         LINE#         68
  C:4420H         LINE#         69
  C:4423H         LINE#         70
  C:4423H         LINE#         71
  -------         ENDPROC       _SPICAN
  -------         PROC          CAN1RESET
  C:4424H         LINE#         80
  C:4424H         LINE#         81
  C:4424H         LINE#         82
  C:4429H         LINE#         83
  C:442EH         LINE#         84
  C:4433H         LINE#         86
  -------         ENDPROC       CAN1RESET
  -------         PROC          _CAN1READREGISTER
  D:0006H         SYMBOL        address
  -------         DO            
  D:0005H         SYMBOL        ret
  -------         ENDDO         
  C:433CH         LINE#         93
  C:433CH         LINE#         94
  C:433CH         LINE#         97
  C:433FH         LINE#         98
  C:4341H         LINE#         99
  C:4346H         LINE#         100
  C:4348H         LINE#         101
  C:434DH         LINE#         102
  C:4352H         LINE#         104
  C:4357H         LINE#         105
  C:4359H         LINE#         106
  -------         ENDPROC       _CAN1READREGISTER
  -------         PROC          _CAN1SETREGISTER
  D:0005H         SYMBOL        address
  D:0006H         SYMBOL        value
  C:43C9H         LINE#         133
BL51 BANKED LINKER/LOCATER V6.22            06/13/2016  08:38:17  PAGE 22


  C:43CDH         LINE#         134
  C:43CDH         LINE#         135
  C:43D2H         LINE#         136
  C:43D6H         LINE#         137
  C:43D8H         LINE#         138
  C:43DBH         LINE#         140
  -------         ENDPROC       _CAN1SETREGISTER
  -------         PROC          _CAN1SETREGISTERS
  D:0006H         SYMBOL        address
  D:0043H         SYMBOL        values
  D:0046H         SYMBOL        n
  -------         DO            
  D:0006H         SYMBOL        i
  -------         ENDDO         
  C:417FH         LINE#         147
  C:4185H         LINE#         148
  C:4185H         LINE#         151
  C:4188H         LINE#         152
  C:4189H         LINE#         153
  C:418CH         LINE#         155
  C:4194H         LINE#         156
  C:4194H         LINE#         157
  C:41A6H         LINE#         158
  C:41A9H         LINE#         160
  -------         ENDPROC       _CAN1SETREGISTERS
  -------         PROC          _CAN1MODIFYREGISTER
  D:0006H         SYMBOL        address
  D:0005H         SYMBOL        mask
  D:0004H         SYMBOL        value
  C:435AH         LINE#         167
  C:435EH         LINE#         168
  C:435EH         LINE#         169
  C:4363H         LINE#         170
  C:4365H         LINE#         171
  C:4368H         LINE#         172
  C:436DH         LINE#         173
  C:4372H         LINE#         175
  -------         ENDPROC       _CAN1MODIFYREGISTER
  -------         PROC          CAN1READSTATUS
  -------         DO            
  D:0006H         SYMBOL        ret
  -------         ENDDO         
  C:43E0H         LINE#         182
  C:43E0H         LINE#         183
  C:43E0H         LINE#         185
  C:43E5H         LINE#         186
  C:43EAH         LINE#         187
  C:43EFH         LINE#         189
  C:43F4H         LINE#         190
  C:43F6H         LINE#         191
  -------         ENDPROC       CAN1READSTATUS
  -------         PROC          CAN1READRXSTAT
  -------         DO            
  D:0006H         SYMBOL        ret
  -------         ENDDO         
  C:43F7H         LINE#         197
  C:43F7H         LINE#         198
  C:43F7H         LINE#         200
  C:43FCH         LINE#         201
  C:4401H         LINE#         202
  C:4406H         LINE#         204
  C:440BH         LINE#         205
  C:440DH         LINE#         206
  -------         ENDPROC       CAN1READRXSTAT
  -------         PROC          _CAN1SETCANCTRL_MODE
BL51 BANKED LINKER/LOCATER V6.22            06/13/2016  08:38:17  PAGE 23


  D:0002H         SYMBOL        newmode
  -------         DO            
  D:0007H         SYMBOL        i
  -------         ENDDO         
  C:4377H         LINE#         212
  C:4379H         LINE#         213
  C:4379H         LINE#         216
  C:4382H         LINE#         218
  C:4387H         LINE#         219
  C:438AH         LINE#         221
  C:438EH         LINE#         222
  C:438EH         LINE#         223
  C:4391H         LINE#         224
  C:4391H         LINE#         226
  C:4393H         LINE#         227
  -------         ENDPROC       _CAN1SETCANCTRL_MODE
  -------         PROC          _CAN1CONFIGRATE
  D:0007H         SYMBOL        canSpeed
  -------         DO            
  D:0001H         SYMBOL        set
  D:0002H         SYMBOL        cfg1
  D:0003H         SYMBOL        cfg2
  D:0004H         SYMBOL        cfg3
  -------         ENDDO         
  C:3FE7H         LINE#         233
  C:3FE7H         LINE#         234
  C:3FE7H         LINE#         236
  C:3FE9H         LINE#         237
  C:3FF9H         LINE#         238
  C:3FF9H         LINE#         239
  C:3FF9H         LINE#         240
  C:3FFBH         LINE#         241
  C:3FFDH         LINE#         242
  C:3FFFH         LINE#         243
  C:4001H         LINE#         245
  C:4001H         LINE#         246
  C:4003H         LINE#         247
  C:4003H         LINE#         248
  C:4003H         LINE#         249
  C:4005H         LINE#         251
  C:4005H         LINE#         252
  C:4007H         LINE#         253
  C:4007H         LINE#         254
  C:4007H         LINE#         255
  C:4009H         LINE#         257
  C:4009H         LINE#         258
  C:400BH         LINE#         259
  C:400DH         LINE#         260
  C:400FH         LINE#         261
  C:4011H         LINE#         263
  C:4011H         LINE#         264
  C:4013H         LINE#         265
  C:4015H         LINE#         266
  C:4017H         LINE#         267
  C:4019H         LINE#         270
  C:4019H         LINE#         271
  C:401BH         LINE#         272
  C:401BH         LINE#         273
  C:401BH         LINE#         275
  C:401EH         LINE#         276
  C:4025H         LINE#         277
  C:402CH         LINE#         278
  C:4033H         LINE#         279
  C:4036H         LINE#         280
  C:4036H         LINE#         281
BL51 BANKED LINKER/LOCATER V6.22            06/13/2016  08:38:17  PAGE 24


  C:4036H         LINE#         282
  C:4038H         LINE#         283
  C:4038H         LINE#         284
  -------         ENDPROC       _CAN1CONFIGRATE
  -------         PROC          _CAN1WRITE_ID
  D:0001H         SYMBOL        mcp_addr
  D:003AH         SYMBOL        id
  -------         DO            
  D:0002H         SYMBOL        canid
  D:003EH         SYMBOL        tbufdata
  -------         ENDDO         
  C:3D42H         LINE#         290
  C:3D44H         LINE#         291
  C:3D44H         LINE#         295
  C:3D4FH         LINE#         297
  C:3D58H         LINE#         298
  C:3D58H         LINE#         299
  C:3D5DH         LINE#         300
  C:3D5FH         LINE#         301
  C:3D6EH         LINE#         302
  C:3D73H         LINE#         303
  C:3D85H         LINE#         304
  C:3D88H         LINE#         305
  C:3D96H         LINE#         306
  C:3D98H         LINE#         308
  C:3D98H         LINE#         309
  C:3DA6H         LINE#         310
  C:3DB6H         LINE#         311
  C:3DB9H         LINE#         312
  C:3DBBH         LINE#         313
  C:3DBBH         LINE#         314
  -------         ENDPROC       _CAN1WRITE_ID
  -------         PROC          CAN1INITCANBUFFERS
  -------         DO            
  D:0001H         SYMBOL        i
  D:0004H         SYMBOL        a1
  D:0003H         SYMBOL        a2
  D:0002H         SYMBOL        a3
  D:0031H         SYMBOL        ulMask
  D:0035H         SYMBOL        ulFilt
  -------         ENDDO         
  C:36E2H         LINE#         343
  C:36E2H         LINE#         344
  C:36E2H         LINE#         348
  C:36F6H         LINE#         351
  C:370DH         LINE#         352
  C:3724H         LINE#         355
  C:373BH         LINE#         356
  C:374CH         LINE#         357
  C:3763H         LINE#         358
  C:3774H         LINE#         359
  C:378BH         LINE#         360
  C:379CH         LINE#         361
  C:37A3H         LINE#         362
  C:37AAH         LINE#         367
  C:37ACH         LINE#         368
  C:37AEH         LINE#         369
  C:37B0H         LINE#         370
  C:37B2H         LINE#         371
  C:37B9H         LINE#         372
  C:37C0H         LINE#         373
  C:37C7H         LINE#         374
  C:37C8H         LINE#         375
  C:37C9H         LINE#         376
  C:37CAH         LINE#         377
BL51 BANKED LINKER/LOCATER V6.22            06/13/2016  08:38:17  PAGE 25


  C:37CEH         LINE#         378
  -------         ENDPROC       CAN1INITCANBUFFERS
  -------         PROC          _CAN1INIT
  D:0030H         SYMBOL        canSpeed
  -------         DO            
  D:0007H         SYMBOL        res
  -------         ENDDO         
  C:3F32H         LINE#         384
  C:3F34H         LINE#         385
  C:3F34H         LINE#         389
  C:3F37H         LINE#         393
  C:3F3FH         LINE#         394
  C:3F40H         LINE#         396
  C:3F48H         LINE#         397
  C:3F49H         LINE#         400
  C:3F4CH         LINE#         401
  C:3F53H         LINE#         403
  C:3F5AH         LINE#         407
  C:3F63H         LINE#         410
  C:3F6CH         LINE#         413
  C:3F7AH         LINE#         414
  C:3F88H         LINE#         416
  C:3F90H         LINE#         417
  C:3F91H         LINE#         419
  C:3F91H         LINE#         420
  -------         ENDPROC       _CAN1INIT
  -------         PROC          _CAN1BEGIN
  D:0007H         SYMBOL        speedset
  C:4477H         LINE#         426
  C:4477H         LINE#         427
  C:4477H         LINE#         429
  C:447DH         LINE#         430
  C:447FH         LINE#         432
  C:4481H         LINE#         433
  -------         ENDPROC       _CAN1BEGIN
  -------         PROC          _CAN1INIT_FILTERSNMASKS
  D:0001H         SYMBOL        num
  D:0032H         SYMBOL        ulData
  -------         DO            
  D:0007H         SYMBOL        res
  -------         ENDDO         
  C:3B5AH         LINE#         439
  C:3B5CH         LINE#         440
  C:3B5CH         LINE#         441
  C:3B5CH         LINE#         443
  C:3B67H         LINE#         444
  C:3B68H         LINE#         446
  C:3B90H         LINE#         447
  C:3B90H         LINE#         448
  C:3B90H         LINE#         449
  C:3B9EH         LINE#         450
  C:3BA0H         LINE#         452
  C:3BA0H         LINE#         453
  C:3BAEH         LINE#         454
  C:3BB0H         LINE#         456
  C:3BB0H         LINE#         457
  C:3BBEH         LINE#         458
  C:3BC0H         LINE#         460
  C:3BC0H         LINE#         461
  C:3BCEH         LINE#         462
  C:3BD0H         LINE#         464
  C:3BD0H         LINE#         465
  C:3BDEH         LINE#         466
  C:3BE0H         LINE#         468
  C:3BE0H         LINE#         469
BL51 BANKED LINKER/LOCATER V6.22            06/13/2016  08:38:17  PAGE 26


  C:3BEEH         LINE#         470
  C:3BF0H         LINE#         472
  C:3BF0H         LINE#         473
  C:3BFEH         LINE#         474
  C:3C00H         LINE#         476
  C:3C00H         LINE#         477
  C:3C11H         LINE#         478
  C:3C11H         LINE#         479
  C:3C11H         LINE#         481
  C:3C16H         LINE#         482
  -------         ENDPROC       _CAN1INIT_FILTERSNMASKS
  -------         PROC          _CAN1READ_CANMSG
  D:0006H         SYMBOL        RxBuff
  -------         DO            
  D:004CH         SYMBOL        i
  D:004DH         SYMBOL        j
  D:004EH         SYMBOL        canID
  -------         ENDDO         
  C:2D3EH         LINE#         488
  C:2D3EH         LINE#         489
  C:2D3EH         LINE#         493
  C:2D41H         LINE#         494
  C:2D46H         LINE#         496
  C:2D4BH         LINE#         497
  C:2D50H         LINE#         498
  C:2D82H         LINE#         500
  C:2D8AH         LINE#         501
  C:2D8AH         LINE#         503
  C:2DAAH         LINE#         504
  C:2DCDH         LINE#         505
  C:2E01H         LINE#         506
  C:2E13H         LINE#         507
  C:2E15H         LINE#         509
  C:2E15H         LINE#         510
  C:2E1AH         LINE#         511
  C:2E1FH         LINE#         512
  C:2E1FH         LINE#         514
  C:2E59H         LINE#         517
  C:2E64H         LINE#         518
  C:2E64H         LINE#         519
  C:2E7EH         LINE#         520
  C:2E92H         LINE#         521
  C:2EACH         LINE#         522
  C:2ECFH         LINE#         523
  C:2ECFH         LINE#         526
  C:2ED4H         LINE#         528
  C:2ED6H         LINE#         529
  -------         ENDPROC       _CAN1READ_CANMSG
  -------         PROC          _CAN1GETNEXTFREETXBUF
  D:002AH         SYMBOL        txbuf_n
  -------         DO            
  D:0004H         SYMBOL        i
  D:0007H         SYMBOL        ctrlval
  D:002DH         SYMBOL        ctrlregs
  -------         ENDDO         
  C:408AH         LINE#         536
  C:4090H         LINE#         537
  C:4090H         LINE#         540
  C:40A3H         LINE#         542
  C:40ADH         LINE#         545
  C:40AEH         LINE#         546
  C:40AEH         LINE#         547
  C:40B7H         LINE#         548
  C:40BBH         LINE#         549
  C:40BBH         LINE#         550
BL51 BANKED LINKER/LOCATER V6.22            06/13/2016  08:38:17  PAGE 27


  C:40C9H         LINE#         552
  C:40CCH         LINE#         553
  C:40CCH         LINE#         554
  C:40D0H         LINE#         555
  C:40D2H         LINE#         556
  -------         ENDPROC       _CAN1GETNEXTFREETXBUF
  -------         PROC          _CAN1WRITE_CANMSG
  D:0001H         SYMBOL        buffer_sidh_addr
  -------         DO            
  D:0002H         SYMBOL        canid
  D:002AH         SYMBOL        tbufdata
  D:0006H         SYMBOL        i
  -------         ENDDO         
  C:3999H         LINE#         563
  C:399BH         LINE#         564
  C:399BH         LINE#         569
  C:39ABH         LINE#         570
  C:39BAH         LINE#         571
  C:39BAH         LINE#         572
  C:39BDH         LINE#         573
  C:39BFH         LINE#         574
  C:39D6H         LINE#         575
  C:39DBH         LINE#         576
  C:39EDH         LINE#         577
  C:39F0H         LINE#         578
  C:39FEH         LINE#         579
  C:3A00H         LINE#         581
  C:3A00H         LINE#         582
  C:3A0EH         LINE#         583
  C:3A1EH         LINE#         584
  C:3A21H         LINE#         585
  C:3A23H         LINE#         586
  C:3A23H         LINE#         588
  C:3A28H         LINE#         589
  C:3A35H         LINE#         590
  C:3A35H         LINE#         591
  C:3A35H         LINE#         592
  C:3A37H         LINE#         593
  C:3A39H         LINE#         594
  C:3A39H         LINE#         595
  C:3A3BH         LINE#         596
  C:3A3DH         LINE#         597
  C:3A3DH         LINE#         598
  C:3A42H         LINE#         599
  C:3A42H         LINE#         600
  C:3A42H         LINE#         601
  C:3A44H         LINE#         602
  C:3A51H         LINE#         603
  C:3A59H         LINE#         604
  C:3A65H         LINE#         605
  C:3A77H         LINE#         607
  -------         ENDPROC       _CAN1WRITE_CANMSG
  -------         PROC          _CAN1START_TRANSMIT
  D:0006H         SYMBOL        mcp_addr
  C:0076H         LINE#         615
  C:0076H         LINE#         616
  C:0076H         LINE#         617
  C:0079H         LINE#         619
  C:0086H         LINE#         620
  C:0086H         LINE#         621
  C:0086H         LINE#         622
  C:0088H         LINE#         623
  C:008AH         LINE#         624
  C:008AH         LINE#         625
  C:008CH         LINE#         626
BL51 BANKED LINKER/LOCATER V6.22            06/13/2016  08:38:17  PAGE 28


  C:008EH         LINE#         627
  C:008EH         LINE#         628
  C:0093H         LINE#         629
  C:0093H         LINE#         630
  C:0093H         LINE#         632
  -------         ENDPROC       _CAN1START_TRANSMIT
  -------         PROC          INT_CAN1
  C:4482H         LINE#         644
  C:4482H         LINE#         646
  C:4484H         LINE#         647
  C:4486H         LINE#         648
  -------         ENDPROC       INT_CAN1
  -------         ENDMOD        SPI

  -------         MODULE        TIMERS
  C:0000H         SYMBOL        _ICE_DUMMY_
  D:0080H         PUBLIC        P0
  D:0090H         PUBLIC        P1
  B:00B0H.7       PUBLIC        ROTARY_SOFT
  D:00A0H         PUBLIC        P2
  D:0016H         PUBLIC        msticks
  D:00B0H         PUBLIC        P3
  C:2ED7H         PUBLIC        ReadInputs
  D:00E7H         PUBLIC        EIE2
  D:00E8H         PUBLIC        ADC0CN
  D:0084H         PUBLIC        SFRPAGE
  D:00E8H         PUBLIC        ADC2CN
  D:00A8H         PUBLIC        IE
  D:00F8H         PUBLIC        CAN0CN
  D:00D8H         PUBLIC        PCA0CN
  D:00B8H         PUBLIC        IP
  C:4394H         PUBLIC        Oscillator_Init
  B:00B0H.6       PUBLIC        ROTARY_IGN
  D:00C0H         PUBLIC        SMB0CN
  D:00CCH         PUBLIC        TMR3
  C:4117H         PUBLIC        _Start_Timer3
  B:0080H.5       PUBLIC        ROW1
  D:0088H         PUBLIC        CPT0CN
  B:0080H.6       PUBLIC        ROW2
  D:0088H         PUBLIC        CPT1CN
  D:0088H         PUBLIC        CPT2CN
  D:00F8H         PUBLIC        SPI0CN
  C:445AH         PUBLIC        _codedelay
  D:00C9H         PUBLIC        TMR3CF
  D:0088H         PUBLIC        TCON
  D:00C8H         PUBLIC        TMR2CN
  D:00C8H         PUBLIC        TMR3CN
  D:00C8H         PUBLIC        TMR4CN
  D:0097H         PUBLIC        CLKSEL
  B:00C8H.7       PUBLIC        TF3
  D:008CH         PUBLIC        OSCXCN
  B:0021H.0       PUBLIC        IGN_OFF_FLG
  C:4039H         PUBLIC        _Rotary2value
  C:3F92H         PUBLIC        INT_T3_OV
  B:00C8H.2       PUBLIC        TR3
  D:00CAH         PUBLIC        RCAP3
  C:2839H         PUBLIC        CheckMesgs
  D:0098H         PUBLIC        SCON0
  D:0098H         PUBLIC        SCON1
  D:00C0H         PUBLIC        CAN0STA
  D:00D0H         PUBLIC        PSW
  C:431BH         PUBLIC        _mSecDelay
  -------         PROC          OSCILLATOR_INIT
  -------         DO            
  D:0030H         SYMBOL        SFPRPAGE_SAVE
BL51 BANKED LINKER/LOCATER V6.22            06/13/2016  08:38:17  PAGE 29


  -------         ENDDO         
  C:4394H         LINE#         19
  C:4394H         LINE#         20
  C:4394H         LINE#         21
  C:4397H         LINE#         26
  C:439AH         LINE#         28
  C:439DH         LINE#         29
  C:43A4H         LINE#         31
  C:43A9H         LINE#         33
  C:43ACH         LINE#         35
  C:43AFH         LINE#         36
  -------         ENDPROC       OSCILLATOR_INIT
  -------         PROC          _MSECDELAY
  D:0006H         SYMBOL        delay
  C:431BH         LINE#         39
  C:431BH         LINE#         40
  C:431BH         LINE#         41
  C:4323H         LINE#         44
  C:432FH         LINE#         47
  C:433BH         LINE#         49
  -------         ENDPROC       _MSECDELAY
  -------         PROC          _CODEDELAY
  D:0006H         SYMBOL        delay
  C:445AH         LINE#         51
  C:445AH         LINE#         52
  C:445AH         LINE#         53
  C:4461H         LINE#         54
  C:4461H         LINE#         55
  C:4466H         LINE#         56
  C:4468H         LINE#         57
  -------         ENDPROC       _CODEDELAY
  -------         PROC          _START_TIMER3
  D:0006H         SYMBOL        OneSecConst
  -------         DO            
  D:0006H         SYMBOL        Reload
  -------         ENDDO         
  C:4117H         LINE#         61
  C:4117H         LINE#         62
  C:4117H         LINE#         67
  C:411AH         LINE#         69
  C:412CH         LINE#         71
  C:412FH         LINE#         72
  C:4132H         LINE#         74
  C:413BH         LINE#         75
  C:4141H         LINE#         80
  C:4144H         LINE#         81
  C:4146H         LINE#         87
  C:414FH         LINE#         88
  -------         ENDPROC       _START_TIMER3
  -------         PROC          INT_T3_OV
  C:3F92H         LINE#         91
  C:3FAFH         LINE#         93
  C:3FB1H         LINE#         94
  C:3FC6H         LINE#         96
  C:3FC9H         LINE#         98
  C:3FCCH         LINE#         99
  -------         ENDPROC       INT_T3_OV
  -------         PROC          _ROTARY2VALUE
  D:002FH         SYMBOL        inbits
  D:0005H         SYMBOL        old
  C:4039H         LINE#         102
  C:403BH         LINE#         103
  C:403BH         LINE#         104
  C:405DH         LINE#         105
  C:405DH         LINE#         106
BL51 BANKED LINKER/LOCATER V6.22            06/13/2016  08:38:17  PAGE 30


  C:405DH         LINE#         107
  C:4060H         LINE#         108
  C:4062H         LINE#         109
  C:4062H         LINE#         110
  C:4065H         LINE#         111
  C:4067H         LINE#         112
  C:4067H         LINE#         113
  C:406AH         LINE#         114
  C:406CH         LINE#         115
  C:406CH         LINE#         116
  C:406FH         LINE#         117
  C:4071H         LINE#         118
  C:4071H         LINE#         119
  C:4074H         LINE#         120
  C:4076H         LINE#         121
  C:4076H         LINE#         122
  C:4079H         LINE#         123
  C:407BH         LINE#         124
  C:407BH         LINE#         125
  C:407EH         LINE#         126
  C:4080H         LINE#         127
  C:4080H         LINE#         128
  C:4083H         LINE#         129
  C:4085H         LINE#         130
  C:4085H         LINE#         131
  C:4087H         LINE#         132
  C:4087H         LINE#         133
  C:4089H         LINE#         134
  -------         ENDPROC       _ROTARY2VALUE
  -------         PROC          READINPUTS
  -------         DO            
  D:0025H         SYMBOL        Col1
  D:0029H         SYMBOL        Col2
  D:0006H         SYMBOL        col
  D:002DH         SYMBOL        Ign
  D:002EH         SYMBOL        Soft
  D:0001H         SYMBOL        port1
  D:0003H         SYMBOL        port2
  D:0002H         SYMBOL        port3
  D:0005H         SYMBOL        temp
  -------         ENDDO         
  C:2ED7H         LINE#         136
  C:2ED7H         LINE#         137
  C:2ED7H         LINE#         144
  C:2ED9H         LINE#         145
  C:2EDBH         LINE#         146
  C:2EE2H         LINE#         148
  C:2EE4H         LINE#         149
  C:2EE6H         LINE#         150
  C:2EE8H         LINE#         151
  C:2EEAH         LINE#         152
  C:2EECH         LINE#         154
  C:2EF9H         LINE#         155
  C:2F10H         LINE#         157
  C:2F18H         LINE#         158
  C:2F36H         LINE#         161
  C:2F38H         LINE#         162
  C:2F3AH         LINE#         163
  C:2F41H         LINE#         165
  C:2F43H         LINE#         166
  C:2F45H         LINE#         167
  C:2F47H         LINE#         168
  C:2F49H         LINE#         169
  C:2F4BH         LINE#         171
  C:2F59H         LINE#         172
BL51 BANKED LINKER/LOCATER V6.22            06/13/2016  08:38:17  PAGE 31


  C:2F70H         LINE#         174
  C:2F78H         LINE#         175
  C:2F8AH         LINE#         177
  C:2FF2H         LINE#         178
  C:303AH         LINE#         179
  -------         ENDPROC       READINPUTS
  -------         PROC          CHECKMESGS
  -------         DO            
  D:0025H         SYMBOL        i
  D:0026H         SYMBOL        j
  D:0027H         SYMBOL        port
  B:0020H.5       SYMBOL        found
  -------         ENDDO         
  C:2839H         LINE#         182
  C:2839H         LINE#         183
  C:2839H         LINE#         185
  C:283BH         LINE#         187
  C:283EH         LINE#         188
  C:283EH         LINE#         189
  C:2861H         LINE#         190
  C:2861H         LINE#         191
  C:2877H         LINE#         192
  C:287CH         LINE#         193
  C:287FH         LINE#         194
  C:28A3H         LINE#         195
  C:28B7H         LINE#         196
  C:28C5H         LINE#         197
  C:28F2H         LINE#         199
  C:28F7H         LINE#         200
  C:290DH         LINE#         201
  C:290FH         LINE#         202
  C:290FH         LINE#         203
  C:291BH         LINE#         205
  C:292CH         LINE#         206
  C:292CH         LINE#         207
  C:2976H         LINE#         208
  C:2976H         LINE#         209
  C:2993H         LINE#         211
  C:29B0H         LINE#         212
  C:29D3H         LINE#         213
  C:29F1H         LINE#         214
  C:29FFH         LINE#         215
  C:2A36H         LINE#         218
  C:2A39H         LINE#         219
  C:2A39H         LINE#         220
  C:2A3EH         LINE#         221
  C:2A40H         LINE#         222
  C:2A40H         LINE#         224
  C:2A5FH         LINE#         225
  C:2A5FH         LINE#         226
  C:2A65H         LINE#         227
  C:2A65H         LINE#         228
  C:2A81H         LINE#         229
  C:2A9DH         LINE#         230
  C:2A9DH         LINE#         231
  C:2AC0H         LINE#         232
  C:2B10H         LINE#         233
  C:2B10H         LINE#         234
  C:2B10H         LINE#         235
  C:2B10H         LINE#         237
  C:2B13H         LINE#         238
  C:2B13H         LINE#         239
  C:2B2DH         LINE#         240
  C:2B2DH         LINE#         241
  C:2B31H         LINE#         242
BL51 BANKED LINKER/LOCATER V6.22            06/13/2016  08:38:17  PAGE 32


  C:2B48H         LINE#         243
  C:2B48H         LINE#         244
  C:2B51H         LINE#         245
  C:2B51H         LINE#         247
  C:2B71H         LINE#         248
  C:2B76H         LINE#         249
  -------         ENDPROC       CHECKMESGS
  -------         ENDMOD        TIMERS

  -------         MODULE        USER
  C:0000H         SYMBOL        _ICE_DUMMY_
  D:0080H         PUBLIC        P0
  D:00A0H         PUBLIC        P2
  D:00B0H         PUBLIC        P3
  B:00A0H.3       PUBLIC        LED1
  D:00E8H         PUBLIC        ADC0CN
  D:00E8H         PUBLIC        ADC2CN
  D:00A8H         PUBLIC        IE
  D:00F8H         PUBLIC        CAN0CN
  D:00D8H         PUBLIC        PCA0CN
  D:00B8H         PUBLIC        IP
  D:00C0H         PUBLIC        SMB0CN
  D:0088H         PUBLIC        CPT0CN
  D:0088H         PUBLIC        CPT1CN
  D:0088H         PUBLIC        CPT2CN
  D:00F8H         PUBLIC        SPI0CN
  D:0088H         PUBLIC        TCON
[...]
  C:1028H         LINE#         984
  C:102AH         LINE#         985
  C:102DH         LINE#         986
  C:1031H         LINE#         987
  C:1036H         LINE#         988
  C:1038H         LINE#         989
  C:103AH         LINE#         990
  C:103CH         LINE#         991
  C:103EH         LINE#         992
  C:1040H         LINE#         993
  C:1044H         LINE#         994
  C:1047H         LINE#         995
  C:106CH         LINE#         998
  C:1072H         LINE#         999
BL51 BANKED LINKER/LOCATER V6.22            06/13/2016  08:38:17  PAGE 44


  C:1074H         LINE#         1000
  C:1076H         LINE#         1001
  C:107CH         LINE#         1002
  C:1080H         LINE#         1003
  C:1082H         LINE#         1004
  C:10A7H         LINE#         1005
  C:10ADH         LINE#         1006
  C:10AFH         LINE#         1007
  C:10B1H         LINE#         1008
  C:10B3H         LINE#         1009
  C:10B5H         LINE#         1010
  C:10B7H         LINE#         1011
  C:10BAH         LINE#         1012
  C:10BEH         LINE#         1013
  C:10C3H         LINE#         1014
  C:10C5H         LINE#         1015
  C:10C7H         LINE#         1016
  C:10C9H         LINE#         1017
  C:10CBH         LINE#         1018
  C:10CDH         LINE#         1019
  C:10D1H         LINE#         1020
  C:10D4H         LINE#         1021
  C:10F9H         LINE#         1024
  C:10FFH         LINE#         1025
  C:1101H         LINE#         1026
  C:1103H         LINE#         1027
  C:1109H         LINE#         1028
  C:110DH         LINE#         1029
  C:1111H         LINE#         1030
  C:1136H         LINE#         1031
  C:113CH         LINE#         1032
  C:113EH         LINE#         1033
  C:1140H         LINE#         1034
  C:1142H         LINE#         1035
  C:1144H         LINE#         1036
  C:1146H         LINE#         1037
  C:1149H         LINE#         1038
  C:114DH         LINE#         1039
  C:1152H         LINE#         1040
  C:1154H         LINE#         1041
  C:1156H         LINE#         1042
  C:1158H         LINE#         1043
  C:115AH         LINE#         1044
  C:115CH         LINE#         1045
  C:1160H         LINE#         1046
  C:1163H         LINE#         1047
  C:1188H         LINE#         1050
  C:118EH         LINE#         1051
  C:1190H         LINE#         1052
  C:1192H         LINE#         1053
  C:1198H         LINE#         1054
  C:119CH         LINE#         1055
  C:11A0H         LINE#         1056
  C:11C6H         LINE#         1057
  C:11CCH         LINE#         1058
  C:11CEH         LINE#         1059
  C:11D0H         LINE#         1060
  C:11D2H         LINE#         1061
  C:11D4H         LINE#         1062
  C:11D6H         LINE#         1063
  C:11D9H         LINE#         1064
  C:11DDH         LINE#         1065
  C:11E2H         LINE#         1066
  C:11E4H         LINE#         1067
  C:11E6H         LINE#         1068
BL51 BANKED LINKER/LOCATER V6.22            06/13/2016  08:38:17  PAGE 45


  C:11E8H         LINE#         1069
  C:11EAH         LINE#         1070
  C:11ECH         LINE#         1071
  C:11F0H         LINE#         1072
  C:11F3H         LINE#         1073
  C:1218H         LINE#         1076
  C:121EH         LINE#         1077
  C:1220H         LINE#         1078
  C:1222H         LINE#         1079
  C:1228H         LINE#         1080
  C:122CH         LINE#         1081
  C:1230H         LINE#         1082
  C:1255H         LINE#         1083
  C:125BH         LINE#         1084
  C:125DH         LINE#         1085
  C:125FH         LINE#         1086
  C:1261H         LINE#         1087
  C:1263H         LINE#         1088
  C:1265H         LINE#         1089
  C:1268H         LINE#         1090
  C:126CH         LINE#         1091
  C:1271H         LINE#         1092
  C:1273H         LINE#         1093
  C:1275H         LINE#         1094
  C:1277H         LINE#         1095
  C:1279H         LINE#         1096
  C:127BH         LINE#         1097
  C:127FH         LINE#         1098
  C:1282H         LINE#         1099
  C:12A7H         LINE#         1102
  C:12B1H         LINE#         1110
  C:12B4H         LINE#         1111
  C:12B6H         LINE#         1113
  C:12C5H         LINE#         1114
  C:12C5H         LINE#         1116
  C:12C8H         LINE#         1117
  C:12C8H         LINE#         1118
  C:12E8H         LINE#         1120
  C:12EFH         LINE#         1121
  C:12EFH         LINE#         1122
  C:12F6H         LINE#         1123
  C:1308H         LINE#         1124
  C:1308H         LINE#         1125
  C:130AH         LINE#         1126
  C:130AH         LINE#         1127
  C:1310H         LINE#         1128
  C:1310H         LINE#         1129
  C:1315H         LINE#         1131
  C:1318H         LINE#         1132
  C:131BH         LINE#         1133
  C:1320H         LINE#         1134
  C:1327H         LINE#         1135
  C:132CH         LINE#         1136
  C:1333H         LINE#         1137
  C:133DH         LINE#         1138
  C:133DH         LINE#         1139
  C:133FH         LINE#         1140
  C:135EH         LINE#         1142
  C:1363H         LINE#         1143
  C:136CH         LINE#         1144
  C:1371H         LINE#         1145
  C:137AH         LINE#         1146
  C:137AH         LINE#         1149
  C:137CH         LINE#         1150
  C:137EH         LINE#         1151
BL51 BANKED LINKER/LOCATER V6.22            06/13/2016  08:38:17  PAGE 46


  C:1380H         LINE#         1153
  C:1387H         LINE#         1154
  C:1387H         LINE#         1155
  C:138EH         LINE#         1156
  C:138EH         LINE#         1157
  C:1395H         LINE#         1158
  C:1395H         LINE#         1159
  C:139CH         LINE#         1160
  C:139CH         LINE#         1161
  C:139CH         LINE#         1163
  C:13BFH         LINE#         1164
  C:13BFH         LINE#         1165
  C:13CBH         LINE#         1166
  C:13D0H         LINE#         1168
  C:13FAH         LINE#         1169
  C:1404H         LINE#         1170
  C:1404H         LINE#         1171
  C:1422H         LINE#         1172
  C:1440H         LINE#         1173
  C:145EH         LINE#         1174
  C:1470H         LINE#         1175
  C:1484H         LINE#         1176
  C:1498H         LINE#         1177
  C:14AEH         LINE#         1178
  C:14C4H         LINE#         1179
  C:14F0H         LINE#         1180
  C:14F0H         LINE#         1183
  C:151AH         LINE#         1184
  C:1524H         LINE#         1185
  C:1524H         LINE#         1186
  C:1539H         LINE#         1187
  C:1539H         LINE#         1188
  C:1539H         LINE#         1189
  C:154AH         LINE#         1190
  C:154CH         LINE#         1191
  C:1579H         LINE#         1192
  C:1579H         LINE#         1193
  C:1579H         LINE#         1194
  C:158BH         LINE#         1195
  C:158EH         LINE#         1196
  C:15BAH         LINE#         1197
  C:15BAH         LINE#         1198
  C:15BAH         LINE#         1199
  C:15CCH         LINE#         1200
  C:15CFH         LINE#         1201
  C:15F9H         LINE#         1202
  C:15FCH         LINE#         1203
  C:15FCH         LINE#         1204
  C:15FCH         LINE#         1205
  C:1627H         LINE#         1206
  C:1627H         LINE#         1208
  C:1631H         LINE#         1209
  C:1631H         LINE#         1210
  C:165BH         LINE#         1211
  C:1662H         LINE#         1212
  C:1662H         LINE#         1213
  C:1677H         LINE#         1214
  C:16A4H         LINE#         1215
  C:16A7H         LINE#         1216
  C:16A7H         LINE#         1217
  C:16A7H         LINE#         1218
  C:16A7H         LINE#         1221
  C:16ADH         LINE#         1222
  C:16B0H         LINE#         1225
  C:16C1H         LINE#         1226
BL51 BANKED LINKER/LOCATER V6.22            06/13/2016  08:38:17  PAGE 47


  C:16C1H         LINE#         1227
  C:16C4H         LINE#         1229
  C:16CDH         LINE#         1230
  C:16CDH         LINE#         1233
  C:16D8H         LINE#         1234
  C:16D8H         LINE#         1236
  C:16DBH         LINE#         1237
  C:16F5H         LINE#         1238
  C:16F5H         LINE#         1239
  C:1725H         LINE#         1240
  C:1739H         LINE#         1242
  C:1750H         LINE#         1243
  C:1750H         LINE#         1244
  C:1758H         LINE#         1246
  C:1782H         LINE#         1247
  C:178CH         LINE#         1248
  C:178CH         LINE#         1249
  C:178EH         LINE#         1250
  C:17CEH         LINE#         1251
  C:17CEH         LINE#         1252
  C:17CEH         LINE#         1254
  C:17DFH         LINE#         1255
  C:17F1H         LINE#         1256
  C:181CH         LINE#         1259
  C:182DH         LINE#         1260
  C:183EH         LINE#         1261
  C:184FH         LINE#         1262
  C:1860H         LINE#         1263
  C:1871H         LINE#         1264
  C:1882H         LINE#         1265
  C:1893H         LINE#         1266
  C:18A4H         LINE#         1267
  C:18CFH         LINE#         1268
  C:18D1H         LINE#         1269
  C:18D3H         LINE#         1270
  C:18D6H         LINE#         1271
  C:18D6H         LINE#         1273
  C:18E7H         LINE#         1274
  C:18E7H         LINE#         1275
  C:18E7H         LINE#         1278
  C:18E7H         LINE#         1279
  C:18E7H         LINE#         1280
  C:18E7H         LINE#         1281
  C:18E7H         LINE#         1282
  C:18E7H         LINE#         1283
  C:18E7H         LINE#         1284
  C:18E7H         LINE#         1285
  C:18E7H         LINE#         1286
  C:18E7H         LINE#         1287
  C:18E7H         LINE#         1288
  C:18EAH         LINE#         1290
  C:18EAH         LINE#         1292
  C:18FCH         LINE#         1293
  C:190EH         LINE#         1294
  C:1939H         LINE#         1297
  C:194AH         LINE#         1298
  C:195BH         LINE#         1299
  C:196CH         LINE#         1300
  C:197DH         LINE#         1301
  C:19A1H         LINE#         1302
  C:19A1H         LINE#         1303
  C:19A4H         LINE#         1304
  C:19A4H         LINE#         1306
  C:19B6H         LINE#         1307
  C:19C8H         LINE#         1308
BL51 BANKED LINKER/LOCATER V6.22            06/13/2016  08:38:17  PAGE 48


  C:19F3H         LINE#         1311
  C:1A04H         LINE#         1312
  C:1A15H         LINE#         1313
  C:1A26H         LINE#         1314
  C:1A37H         LINE#         1315
  C:1A49H         LINE#         1316
  C:1A5AH         LINE#         1317
  C:1A6CH         LINE#         1318
  C:1A7EH         LINE#         1319
  C:1AA3H         LINE#         1320
  C:1AA3H         LINE#         1321
  C:1AA6H         LINE#         1322
  C:1AA6H         LINE#         1324
  C:1AB8H         LINE#         1325
  C:1ACAH         LINE#         1326
  C:1AF5H         LINE#         1329
  C:1B06H         LINE#         1330
  C:1B17H         LINE#         1331
  C:1B29H         LINE#         1332
  C:1B3BH         LINE#         1333
  C:1B4DH         LINE#         1334
  C:1B5EH         LINE#         1335
  C:1B70H         LINE#         1336
  C:1B82H         LINE#         1337
  C:1BA7H         LINE#         1338
  C:1BA7H         LINE#         1339
  C:1BAAH         LINE#         1340
  C:1BAAH         LINE#         1342
  C:1BBCH         LINE#         1343
  C:1BCEH         LINE#         1344
  C:1BF9H         LINE#         1347
  C:1C0AH         LINE#         1348
  C:1C1BH         LINE#         1349
  C:1C2DH         LINE#         1350
  C:1C3FH         LINE#         1351
  C:1C51H         LINE#         1352
  C:1C62H         LINE#         1353
  C:1C74H         LINE#         1354
  C:1C86H         LINE#         1355
  C:1CB2H         LINE#         1356
  C:1CB4H         LINE#         1357
  C:1CB4H         LINE#         1359
  C:1CB4H         LINE#         1360
  C:1CB4H         LINE#         1361
  C:1CB4H         LINE#         1362
  C:1CB4H         LINE#         1363
  C:1CB4H         LINE#         1365
  C:1CC6H         LINE#         1366
  C:1CC6H         LINE#         1367
  C:1CC6H         LINE#         1369
  C:1CC9H         LINE#         1370
  -------         ENDPROC       USER1
  -------         PROC          USER2
  -------         DO            
  D:0030H         SYMBOL        cnt
  -------         ENDDO         
  C:41AEH         LINE#         1371
  C:41AEH         LINE#         1372
  C:41AEH         LINE#         1373
  C:41B1H         LINE#         1375
  C:41BCH         LINE#         1376
  C:41BCH         LINE#         1377
  C:41BEH         LINE#         1378
  C:41BEH         LINE#         1379
  C:41C3H         LINE#         1380
BL51 BANKED LINKER/LOCATER V6.22            06/13/2016  08:38:17  PAGE 49


  C:41CAH         LINE#         1381
  C:41D3H         LINE#         1382
  C:41DAH         LINE#         1383
  C:41DCH         LINE#         1384
  -------         ENDPROC       USER2
  -------         PROC          USER3
  -------         DO            
  D:0030H         SYMBOL        cnt
  -------         ENDDO         
  C:41DDH         LINE#         1385
  C:41DDH         LINE#         1386
  C:41DDH         LINE#         1387
  C:41E0H         LINE#         1389
  C:41EBH         LINE#         1390
  C:41EBH         LINE#         1391
  C:41EDH         LINE#         1392
  C:41EDH         LINE#         1393
  C:41F2H         LINE#         1394
  C:41F9H         LINE#         1395
  C:4202H         LINE#         1396
  C:4209H         LINE#         1397
  C:420BH         LINE#         1398
  -------         ENDPROC       USER3
  -------         PROC          USER4
  -------         DO            
  D:0030H         SYMBOL        cnt
  -------         ENDDO         
  C:420CH         LINE#         1399
  C:420CH         LINE#         1400
  C:420CH         LINE#         1401
  C:420FH         LINE#         1403
  C:421AH         LINE#         1404
  C:421AH         LINE#         1405
  C:421CH         LINE#         1406
  C:421CH         LINE#         1407
  C:4221H         LINE#         1408
  C:4228H         LINE#         1409
  C:4231H         LINE#         1410
  C:4238H         LINE#         1411
  C:423AH         LINE#         1412
  -------         ENDPROC       USER4
  -------         PROC          USER5
  -------         DO            
  D:0030H         SYMBOL        cnt
  -------         ENDDO         
  C:423BH         LINE#         1413
  C:423BH         LINE#         1414
  C:423BH         LINE#         1415
  C:423EH         LINE#         1417
  C:4249H         LINE#         1418
  C:4249H         LINE#         1419
  C:424BH         LINE#         1420
  C:424BH         LINE#         1421
  C:4250H         LINE#         1422
  C:4257H         LINE#         1423
  C:4260H         LINE#         1424
  C:4267H         LINE#         1425
  C:4269H         LINE#         1426
  -------         ENDPROC       USER5
  -------         PROC          USER6
  -------         DO            
  D:0030H         SYMBOL        cnt
  -------         ENDDO         
  C:426AH         LINE#         1427
  C:426AH         LINE#         1428
BL51 BANKED LINKER/LOCATER V6.22            06/13/2016  08:38:17  PAGE 50


  C:426AH         LINE#         1429
  C:426DH         LINE#         1431
  C:4278H         LINE#         1432
  C:4278H         LINE#         1433
  C:427AH         LINE#         1434
  C:427AH         LINE#         1435
  C:427FH         LINE#         1436
  C:4286H         LINE#         1437
  C:428FH         LINE#         1438
  C:4296H         LINE#         1439
  C:4298H         LINE#         1440
  -------         ENDPROC       USER6
  -------         PROC          USER7
  -------         DO            
  D:0030H         SYMBOL        cnt
  -------         ENDDO         
  C:4299H         LINE#         1441
  C:4299H         LINE#         1442
  C:4299H         LINE#         1443
  C:429CH         LINE#         1445
  C:42A7H         LINE#         1446
  C:42A7H         LINE#         1447
  C:42A9H         LINE#         1448
  C:42A9H         LINE#         1449
  C:42AEH         LINE#         1450
  C:42B5H         LINE#         1451
  C:42BEH         LINE#         1452
  C:42C5H         LINE#         1453
  C:42C7H         LINE#         1454
  -------         ENDPROC       USER7
  -------         PROC          USER8
  C:0072H         LINE#         1456
  C:0072H         LINE#         1457
  C:0072H         LINE#         1458
  -------         ENDPROC       USER8
  -------         ENDMOD        USER

  -------         MODULE        ?C?COPY
  C:2570H         PUBLIC        ?C?COPY
  -------         ENDMOD        ?C?COPY

  -------         MODULE        ?C?CLDPTR
  C:2596H         PUBLIC        ?C?CLDPTR
  -------         ENDMOD        ?C?CLDPTR

  -------         MODULE        ?C?CLDOPTR
  C:25AFH         PUBLIC        ?C?CLDOPTR
  -------         ENDMOD        ?C?CLDOPTR

  -------         MODULE        ?C?CSTPTR
  C:25DCH         PUBLIC        ?C?CSTPTR
  -------         ENDMOD        ?C?CSTPTR

  -------         MODULE        ?C?IILDX
  C:25EEH         PUBLIC        ?C?IILDX
  -------         ENDMOD        ?C?IILDX

  -------         MODULE        ?C?SLDIV
  C:40D3H         PUBLIC        ?C?SLDIV
  -------         ENDMOD        ?C?SLDIV

  -------         MODULE        ?C?LNOT
  C:2604H         PUBLIC        ?C?LNOT
  -------         ENDMOD        ?C?LNOT

BL51 BANKED LINKER/LOCATER V6.22            06/13/2016  08:38:17  PAGE 51


  -------         MODULE        ?C?ULCMP
  C:2611H         PUBLIC        ?C?ULCMP
  -------         ENDMOD        ?C?ULCMP

  -------         MODULE        ?C?ULSHR
  C:2622H         PUBLIC        ?C?ULSHR
  -------         ENDMOD        ?C?ULSHR

  -------         MODULE        ?C?LSHL
  C:2635H         PUBLIC        ?C?LSHL
  -------         ENDMOD        ?C?LSHL

  -------         MODULE        ?C?LLDOPTR
  C:2648H         PUBLIC        ?C?LLDOPTR
  -------         ENDMOD        ?C?LLDOPTR

  -------         MODULE        ?C?LSTOPTR
  C:2678H         PUBLIC        ?C?LSTOPTR
  -------         ENDMOD        ?C?LSTOPTR

  -------         MODULE        ?C?LSTXDATA
  C:269CH         PUBLIC        ?C?LSTXDATA
  -------         ENDMOD        ?C?LSTXDATA

  -------         MODULE        ?C?LSTKXDATA
  C:26A8H         PUBLIC        ?C?LSTKXDATA
  -------         ENDMOD        ?C?LSTKXDATA

  -------         MODULE        ?C?OFFXADD
  C:26D9H         PUBLIC        ?C?OFFXADD
  -------         ENDMOD        ?C?OFFXADD

  -------         MODULE        ?C?LCASE
  C:26E5H         PUBLIC        ?C?LCASE
  -------         ENDMOD        ?C?LCASE

  -------         MODULE        ?C?ULDIV
  C:275BH         PUBLIC        ?C?ULDIV
  -------         ENDMOD        ?C?ULDIV

  -------         MODULE        ?C?LLDIDATA
  C:27EDH         PUBLIC        ?C?LLDIDATA
  -------         ENDMOD        ?C?LLDIDATA

  -------         MODULE        ?C?LLDXDATA
  C:27F9H         PUBLIC        ?C?LLDXDATA
  -------         ENDMOD        ?C?LLDXDATA

  -------         MODULE        ?C?LLDPDATA
  C:2805H         PUBLIC        ?C?LLDPDATA
  -------         ENDMOD        ?C?LLDPDATA

  -------         MODULE        ?C?LLDCODE
  C:2811H         PUBLIC        ?C?LLDCODE
  -------         ENDMOD        ?C?LLDCODE

  -------         MODULE        ?C?LSTIDATA
  C:2821H         PUBLIC        ?C?LSTIDATA
  -------         ENDMOD        ?C?LSTIDATA

  -------         MODULE        ?C?LSTPDATA
  C:282DH         PUBLIC        ?C?LSTPDATA
  -------         ENDMOD        ?C?LSTPDATA

Program Size: data=101.1 xdata=809 code=17543
BL51 BANKED LINKER/LOCATER V6.22            06/13/2016  08:38:17  PAGE 52


LINK/LOCATE RUN COMPLETE.  0 WARNING(S),  0 ERROR(S)
