BL51 BANKED LINKER/LOCATER V6.22              09/19/2016  15:58:03  PAGE 1


BL51 BANKED LINKER/LOCATER V6.22, INVOKED BY:
C:\KEIL\C51\BIN\BL51.EXE D:\Work Files\C Code\GitFiles\GreenButton\HarmanPana 
>> All Networks\NAFTA\PNET Only\maincode.obj, D:\Work Files\C Code\GitFiles\Gr
>> eenButton\HarmanPana All Networks\NAFTA\PNET Only\can.obj, D:\Work Files\C 
>> Code\GitFiles\GreenButton\HarmanPana All Networks\NAFTA\PNET Only\spi.obj, 
>> D:\Work Files\C Code\GitFiles\GreenButton\HarmanPana All Networks\NAFTA\PNE
>> T Only\timers.obj, D:\Work Files\C Code\GitFiles\GreenButton\HarmanPana All
>>  Networks\NAFTA\PNET Only\user.obj TO D:\Work Files\C Code\GitFiles\GreenBu
>> tton\HarmanPana All Networks\NAFTA\PNET Only\maincodeOMF RS (256) PL (68) P
>> W (78)


MEMORY MODEL: SMALL


INPUT MODULES INCLUDED:
  D:\Work Files\C Code\GitFiles\GreenButton\HarmanPana All Networks\NAFTA\PNET
>>  Only\maincode.obj (MAINCODE)
  D:\Work Files\C Code\GitFiles\GreenButton\HarmanPana All Networks\NAFTA\PNET
>>  Only\can.obj (CAN)
  D:\Work Files\C Code\GitFiles\GreenButton\HarmanPana All Networks\NAFTA\PNET
>>  Only\spi.obj (SPI)
  D:\Work Files\C Code\GitFiles\GreenButton\HarmanPana All Networks\NAFTA\PNET
>>  Only\timers.obj (TIMERS)
  D:\Work Files\C Code\GitFiles\GreenButton\HarmanPana All Networks\NAFTA\PNET
>>  Only\user.obj (USER)
  C:\KEIL\C51\LIB\C51S.LIB (?C_STARTUP)
  C:\KEIL\C51\LIB\C51S.LIB (?C?COPY)
  C:\KEIL\C51\LIB\C51S.LIB (?C?CLDPTR)
  C:\KEIL\C51\LIB\C51S.LIB (?C?CLDOPTR)
  C:\KEIL\C51\LIB\C51S.LIB (?C?CSTPTR)
  C:\KEIL\C51\LIB\C51S.LIB (?C?IILDX)
  C:\KEIL\C51\LIB\C51S.LIB (?C?SLDIV)
  C:\KEIL\C51\LIB\C51S.LIB (?C?LNOT)
  C:\KEIL\C51\LIB\C51S.LIB (?C?ULCMP)
  C:\KEIL\C51\LIB\C51S.LIB (?C?ULSHR)
  C:\KEIL\C51\LIB\C51S.LIB (?C?LSHL)
  C:\KEIL\C51\LIB\C51S.LIB (?C?LLDOPTR)
  C:\KEIL\C51\LIB\C51S.LIB (?C?LSTOPTR)
  C:\KEIL\C51\LIB\C51S.LIB (?C?LSTXDATA)
  C:\KEIL\C51\LIB\C51S.LIB (?C?LSTKXDATA)
  C:\KEIL\C51\LIB\C51S.LIB (?C?OFFXADD)
  C:\KEIL\C51\LIB\C51S.LIB (?C?LCASE)
  C:\KEIL\C51\LIB\C51S.LIB (?C?ULDIV)
  C:\KEIL\C51\LIB\C51S.LIB (?C?LLDIDATA)
  C:\KEIL\C51\LIB\C51S.LIB (?C?LLDXDATA)
  C:\KEIL\C51\LIB\C51S.LIB (?C?LLDPDATA)
  C:\KEIL\C51\LIB\C51S.LIB (?C?LLDCODE)
  C:\KEIL\C51\LIB\C51S.LIB (?C?LSTIDATA)
  C:\KEIL\C51\LIB\C51S.LIB (?C?LSTPDATA)


LINK MAP OF MODULE:  D:\Work Files\C Code\GitFiles\GreenButton\HarmanPana All 
>> Networks\NAFTA\PNET Only\maincodeOMF (MAINCODE)


            TYPE    BASE      LENGTH    RELOCATION   SEGMENT NAME
            -----------------------------------------------------

            * * * * * * *   D A T A   M E M O R Y   * * * * * * *
            REG     0000H     0008H     ABSOLUTE     "REG BANK 0"
            DATA    0008H     000EH     UNIT         ?DT?MAINCODE
            DATA    0016H     0004H     UNIT         ?DT?TIMERS
            DATA    001AH     0001H     UNIT         ?DT?SPI
                    001BH     0005H                  *** GAP ***
            BIT     0020H.0   0000H.5   UNIT         ?BI?MAINCODE
BL51 BANKED LINKER/LOCATER V6.22            09/19/2016  15:58:03  PAGE 2


            BIT     0020H.5   0000H.3   UNIT         _BIT_GROUP_
            BIT     0021H.0   0000H.1   UNIT         ?BI?TIMERS
                    0021H.1   0000H.7                *** GAP ***
            DATA    0022H     0049H     UNIT         _DATA_GROUP_
            IDATA   006BH     0001H     UNIT         ?STACK

            * * * * * * *  X D A T A   M E M O R Y  * * * * * * *
            XDATA   0000H     0326H     UNIT         ?XD?MAINCODE
            XDATA   0326H     0003H     UNIT         ?XD?CAN

            * * * * * * *   C O D E   M E M O R Y   * * * * * * *
            CODE    0000H     0003H     ABSOLUTE     
            CODE    0003H     0003H     ABSOLUTE     
            CODE    0006H     0060H     UNIT         ?PR?_INIT_MSG_OBJECT_RX?C
>> AN
            CODE    0066H     000CH     UNIT         ?C_C51STARTUP
            CODE    0072H     0001H     UNIT         ?PR?USER8?USER
            CODE    0073H     0003H     ABSOLUTE     
            CODE    0076H     0022H     UNIT         ?PR?_CAN1START_TRANSMIT?S
>> PI
            CODE    0098H     0003H     UNIT         ?CO?SPI
            CODE    009BH     0003H     ABSOLUTE     
            CODE    009EH     19B6H     UNIT         ?PR?USER1?USER
            CODE    1A54H     040EH     UNIT         ?PR?CHECKBUTTS?MAINCODE
            CODE    1E62H     03C8H     UNIT         ?PR?_PROCESSRX?MAINCODE
            CODE    222AH     0399H     UNIT         ?C?LIB_CODE
            CODE    25C3H     033EH     UNIT         ?PR?CHECKMESGS?TIMERS
            CODE    2901H     01C7H     UNIT         ?PR?_RX_CAN_FRAME?CAN
            CODE    2AC8H     0199H     UNIT         ?PR?_CAN1READ_CANMSG?SPI
            CODE    2C61H     0164H     UNIT         ?PR?READINPUTS?TIMERS
            CODE    2DC5H     015AH     UNIT         ?PR?_ADDMESSAGE?MAINCODE
            CODE    2F1FH     012BH     UNIT         ?PR?MAIN?MAINCODE
            CODE    304AH     0125H     UNIT         ?PR?_ALTERMESSAGEBYTE?MAI
>> NCODE
            CODE    316FH     010FH     UNIT         ?PR?_INITRXFRAMEID?CAN
            CODE    327EH     0100H     UNIT         ?PR?_SIMPLEBUTTONCONFIG?M
>> AINCODE
            CODE    337EH     00EEH     UNIT         ?PR?_RXMESSAGECONFIG2?MAI
>> NCODE
            CODE    346CH     00EDH     UNIT         ?PR?CAN1INITCANBUFFERS?SP
>> I
            CODE    3559H     00E7H     UNIT         ?PR?_TX_CAN_FRAME?CAN
            CODE    3640H     00E3H     UNIT         ?PR?_RXMESSAGECONFIG1?MAI
>> NCODE
            CODE    3723H     00E3H     UNIT         ?PR?_CAN1WRITE_CANMSG?SPI
>> 
            CODE    3806H     00DEH     UNIT         ?PR?CHECKRELAY?MAINCODE
            CODE    38E4H     00BDH     UNIT         ?PR?_CAN1INIT_FILTERSNMAS
>> KS?SPI
            CODE    39A1H     0099H     UNIT         ?PR?CLEARUSERVARS?MAINCOD
>> E
            CODE    3A3AH     0092H     UNIT         ?PR?_CLEAR_MESSAGE_OBJECT
>> ?CAN
            CODE    3ACCH     0087H     UNIT         ?PR?_CAN1WRITE_ID?SPI
            CODE    3B53H     007FH     UNIT         ?PR?_RELAYCTRL?MAINCODE
            CODE    3BD2H     007BH     UNIT         ?PR?INT_CAN?CAN
            CODE    3C4DH     006FH     UNIT         ?PR?_MEMMANAGE?MAINCODE
            CODE    3CBCH     0060H     UNIT         ?PR?_CAN1INIT?SPI
            CODE    3D1CH     0055H     UNIT         ?PR?INT_T3_OV?TIMERS
            CODE    3D71H     0052H     UNIT         ?PR?_CAN1CONFIGRATE?SPI
            CODE    3DC3H     0051H     UNIT         ?PR?_ROTARY2VALUE?TIMERS
            CODE    3E14H     0049H     UNIT         ?PR?_CAN1GETNEXTFREETXBUF
>> ?SPI
            CODE    3E5DH     0044H     UNIT         ?C?LDIV
            CODE    3EA1H     0039H     UNIT         ?PR?_START_TIMER3?TIMERS
BL51 BANKED LINKER/LOCATER V6.22            09/19/2016  15:58:03  PAGE 3


            CODE    3EDAH     002FH     UNIT         ?PR?_TXFRAME?CAN
            CODE    3F09H     002FH     UNIT         ?PR?_CAN1SETREGISTERS?SPI
>> 
            CODE    3F38H     002FH     UNIT         ?PR?USER2?USER
            CODE    3F67H     002FH     UNIT         ?PR?USER3?USER
            CODE    3F96H     002FH     UNIT         ?PR?USER4?USER
            CODE    3FC5H     002FH     UNIT         ?PR?USER5?USER
            CODE    3FF4H     002FH     UNIT         ?PR?USER6?USER
            CODE    4023H     002FH     UNIT         ?PR?USER7?USER
            CODE    4052H     002AH     UNIT         ?PR?_CONFIG_CAN_TIMING?CA
>> N
            CODE    407CH     0029H     UNIT         ?PR?CONFIG_IO?MAINCODE
            CODE    40A5H     0021H     UNIT         ?PR?_MSECDELAY?TIMERS
            CODE    40C6H     001EH     UNIT         ?PR?_CAN1READREGISTER?SPI
>> 
            CODE    40E4H     001DH     UNIT         ?PR?_CAN1MODIFYREGISTER?S
>> PI
            CODE    4101H     001DH     UNIT         ?PR?_CAN1SETCANCTRL_MODE?
>> SPI
            CODE    411EH     001CH     UNIT         ?PR?OSCILLATOR_INIT?TIMER
>> S
            CODE    413AH     0019H     UNIT         ?PR?SPI_RXBYTE?SPI
            CODE    4153H     0017H     UNIT         ?PR?_CAN1SETREGISTER?SPI
            CODE    416AH     0017H     UNIT         ?PR?CAN1READSTATUS?SPI
            CODE    4181H     0017H     UNIT         ?PR?CAN1READRXSTAT?SPI
            CODE    4198H     0016H     UNIT         ?PR?_SPICAN?SPI
            CODE    41AEH     0016H     UNIT         ?PR?CAN1RESET?SPI
            CODE    41C4H     0011H     UNIT         ?CO?USER
            CODE    41D5H     000FH     UNIT         ?PR?_SPI_TXBYTE?SPI
            CODE    41E4H     000FH     UNIT         ?PR?_CODEDELAY?TIMERS
            CODE    41F3H     000EH     UNIT         ?PR?SPI_INIT?SPI
            CODE    4201H     000BH     UNIT         ?PR?_CAN1BEGIN?SPI
            CODE    420CH     0005H     UNIT         ?PR?INT_CAN1?SPI



OVERLAY MAP OF MODULE:   D:\Work Files\C Code\GitFiles\GreenButton\HarmanPana 
>> All Networks\NAFTA\PNET Only\maincodeOMF (MAINCODE)


SEGMENT                                     BIT_GROUP          DATA_GROUP 
  +--> CALLED SEGMENT                    START    LENGTH     START    LENGTH
----------------------------------------------------------------------------
?PR?INT_CAN?CAN                          -----    -----      0022H    0002H
  +--> ?PR?_RX_CAN_FRAME?CAN

?PR?_RX_CAN_FRAME?CAN                    -----    -----      0024H    0001H

*** NEW ROOT ***************************************************

?PR?INT_T3_OV?TIMERS                     -----    -----      -----    -----
  +--> ?PR?READINPUTS?TIMERS
  +--> ?PR?CHECKMESGS?TIMERS

?PR?READINPUTS?TIMERS                    -----    -----      0025H    000AH
  +--> ?PR?_CODEDELAY?TIMERS
  +--> ?PR?_ROTARY2VALUE?TIMERS

?PR?_ROTARY2VALUE?TIMERS                 -----    -----      002FH    0001H

?PR?CHECKMESGS?TIMERS                    0020H.5  0000H.1    0025H    0003H
  +--> ?PR?_TXFRAME?CAN

?PR?_TXFRAME?CAN                         -----    -----      0028H    0002H
  +--> ?PR?_TX_CAN_FRAME?CAN
BL51 BANKED LINKER/LOCATER V6.22            09/19/2016  15:58:03  PAGE 4


  +--> ?PR?_CAN1GETNEXTFREETXBUF?SPI
  +--> ?PR?_CAN1WRITE_CANMSG?SPI
  +--> ?PR?_CAN1START_TRANSMIT?SPI

?PR?_CAN1GETNEXTFREETXBUF?SPI            -----    -----      002AH    0006H
  +--> ?CO?SPI
  +--> ?PR?_CAN1READREGISTER?SPI

?PR?_CAN1READREGISTER?SPI                -----    -----      -----    -----
  +--> ?PR?_SPICAN?SPI
  +--> ?PR?_SPI_TXBYTE?SPI
  +--> ?PR?SPI_RXBYTE?SPI

?PR?_CAN1WRITE_CANMSG?SPI                -----    -----      002AH    0004H
  +--> ?PR?_SPICAN?SPI
  +--> ?PR?_SPI_TXBYTE?SPI

?PR?_CAN1START_TRANSMIT?SPI              -----    -----      -----    -----
  +--> ?PR?_SPICAN?SPI
  +--> ?PR?_SPI_TXBYTE?SPI

*** NEW ROOT ***************************************************

?C_C51STARTUP                            -----    -----      -----    -----
  +--> ?PR?MAIN?MAINCODE

?PR?MAIN?MAINCODE                        -----    -----      -----    -----
  +--> ?PR?CONFIG_IO?MAINCODE
  +--> ?PR?OSCILLATOR_INIT?TIMERS
  +--> ?PR?SPI_INIT?SPI
  +--> ?PR?_CAN1BEGIN?SPI
  +--> ?PR?_CONFIG_CAN_TIMING?CAN
  +--> ?PR?CLEARUSERVARS?MAINCODE
  +--> ?PR?_START_TIMER3?TIMERS
  +--> ?PR?_MSECDELAY?TIMERS
  +--> ?PR?USER1?USER
  +--> ?PR?USER2?USER
  +--> ?PR?USER3?USER
  +--> ?PR?USER4?USER
  +--> ?PR?USER5?USER
  +--> ?PR?USER6?USER
  +--> ?PR?USER7?USER
  +--> ?PR?USER8?USER

?PR?OSCILLATOR_INIT?TIMERS               -----    -----      0030H    0001H
  +--> ?PR?_CODEDELAY?TIMERS

?PR?_CAN1BEGIN?SPI                       -----    -----      -----    -----
  +--> ?PR?_CAN1INIT?SPI

?PR?_CAN1INIT?SPI                        -----    -----      0030H    0001H
  +--> ?PR?CAN1RESET?SPI
  +--> ?PR?_CAN1SETCANCTRL_MODE?SPI
  +--> ?PR?_CAN1CONFIGRATE?SPI
  +--> ?PR?CAN1INITCANBUFFERS?SPI
  +--> ?PR?_CAN1SETREGISTER?SPI
  +--> ?PR?_CAN1MODIFYREGISTER?SPI
  +--> ?PR?_CAN1INIT_FILTERSNMASKS?SPI

?PR?CAN1RESET?SPI                        -----    -----      -----    -----
  +--> ?PR?_SPICAN?SPI
  +--> ?PR?_SPI_TXBYTE?SPI
  +--> ?PR?_CODEDELAY?TIMERS

?PR?_CAN1SETCANCTRL_MODE?SPI             -----    -----      -----    -----
BL51 BANKED LINKER/LOCATER V6.22            09/19/2016  15:58:03  PAGE 5


  +--> ?PR?_CAN1MODIFYREGISTER?SPI
  +--> ?PR?_CAN1READREGISTER?SPI

?PR?_CAN1MODIFYREGISTER?SPI              -----    -----      -----    -----
  +--> ?PR?_SPICAN?SPI
  +--> ?PR?_SPI_TXBYTE?SPI

?PR?_CAN1CONFIGRATE?SPI                  -----    -----      -----    -----
  +--> ?PR?_CAN1SETREGISTER?SPI

?PR?_CAN1SETREGISTER?SPI                 -----    -----      -----    -----
  +--> ?PR?_SPICAN?SPI
  +--> ?PR?_SPI_TXBYTE?SPI

?PR?CAN1INITCANBUFFERS?SPI               -----    -----      0031H    0008H
  +--> ?PR?_CAN1WRITE_ID?SPI
  +--> ?PR?_CAN1SETREGISTER?SPI

?PR?_CAN1WRITE_ID?SPI                    -----    -----      0039H    0009H
  +--> ?PR?_CAN1SETREGISTERS?SPI

?PR?_CAN1SETREGISTERS?SPI                -----    -----      0042H    0005H
  +--> ?PR?_SPICAN?SPI
  +--> ?PR?_SPI_TXBYTE?SPI

?PR?_CAN1INIT_FILTERSNMASKS?SPI          -----    -----      0031H    0005H
  +--> ?PR?_CAN1SETCANCTRL_MODE?SPI
  +--> ?PR?_CAN1WRITE_ID?SPI

?PR?CLEARUSERVARS?MAINCODE               -----    -----      -----    -----
  +--> ?PR?_CLEAR_MESSAGE_OBJECT?CAN

?PR?_CLEAR_MESSAGE_OBJECT?CAN            -----    -----      0030H    0001H

?PR?USER1?USER                           0020H.6  0000H.1    0030H    001DH
  +--> ?CO?USER
  +--> ?PR?_MEMMANAGE?MAINCODE
  +--> ?PR?_ADDMESSAGE?MAINCODE
  +--> ?PR?_SIMPLEBUTTONCONFIG?MAINCODE
  +--> ?PR?_RXMESSAGECONFIG1?MAINCODE
  +--> ?PR?_RXMESSAGECONFIG2?MAINCODE
  +--> ?PR?_PROCESSRX?MAINCODE
  +--> ?PR?CAN1READSTATUS?SPI
  +--> ?PR?_CAN1READ_CANMSG?SPI
  +--> ?PR?_CAN1READREGISTER?SPI
  +--> ?PR?_ALTERMESSAGEBYTE?MAINCODE
  +--> ?PR?_CAN1MODIFYREGISTER?SPI
  +--> ?PR?CAN1READRXSTAT?SPI
  +--> ?PR?CHECKRELAY?MAINCODE
  +--> ?PR?CHECKBUTTS?MAINCODE

?PR?_MEMMANAGE?MAINCODE                  -----    -----      004DH    0005H

?PR?_ADDMESSAGE?MAINCODE                 -----    -----      004DH    000CH

?PR?_SIMPLEBUTTONCONFIG?MAINCODE         -----    -----      004DH    000FH

?PR?_RXMESSAGECONFIG1?MAINCODE           -----    -----      004DH    000DH
  +--> ?PR?_INITRXFRAMEID?CAN

?PR?_INITRXFRAMEID?CAN                   -----    -----      005AH    000AH
  +--> ?PR?_INIT_MSG_OBJECT_RX?CAN

?PR?_INIT_MSG_OBJECT_RX?CAN              -----    -----      0064H    0005H

BL51 BANKED LINKER/LOCATER V6.22            09/19/2016  15:58:03  PAGE 6


?PR?_RXMESSAGECONFIG2?MAINCODE           -----    -----      004DH    000FH

?PR?_PROCESSRX?MAINCODE                  0020H.7  0000H.1    004DH    0011H
  +--> ?PR?_ALTERMESSAGEBYTE?MAINCODE

?PR?_ALTERMESSAGEBYTE?MAINCODE           -----    -----      005EH    000DH

?PR?CAN1READSTATUS?SPI                   -----    -----      -----    -----
  +--> ?PR?_SPICAN?SPI
  +--> ?PR?_SPI_TXBYTE?SPI
  +--> ?PR?SPI_RXBYTE?SPI

?PR?_CAN1READ_CANMSG?SPI                 -----    -----      004DH    0006H
  +--> ?PR?_SPICAN?SPI
  +--> ?PR?_SPI_TXBYTE?SPI
  +--> ?PR?SPI_RXBYTE?SPI

?PR?CAN1READRXSTAT?SPI                   -----    -----      -----    -----
  +--> ?PR?_SPICAN?SPI
  +--> ?PR?_SPI_TXBYTE?SPI
  +--> ?PR?SPI_RXBYTE?SPI

?PR?CHECKRELAY?MAINCODE                  0020H.7  0000H.1    004DH    0001H
  +--> ?PR?_RELAYCTRL?MAINCODE

?PR?_RELAYCTRL?MAINCODE                  -----    -----      -----    -----
  +--> ?PR?_CAN1MODIFYREGISTER?SPI

?PR?CHECKBUTTS?MAINCODE                  -----    -----      004DH    0010H
  +--> ?PR?_ALTERMESSAGEBYTE?MAINCODE

?PR?USER2?USER                           -----    -----      0030H    0001H
  +--> ?PR?_MSECDELAY?TIMERS

?PR?USER3?USER                           -----    -----      0030H    0001H
  +--> ?PR?_MSECDELAY?TIMERS

?PR?USER4?USER                           -----    -----      0030H    0001H
  +--> ?PR?_MSECDELAY?TIMERS

?PR?USER5?USER                           -----    -----      0030H    0001H
  +--> ?PR?_MSECDELAY?TIMERS

?PR?USER6?USER                           -----    -----      0030H    0001H
  +--> ?PR?_MSECDELAY?TIMERS

?PR?USER7?USER                           -----    -----      0030H    0001H
  +--> ?PR?_MSECDELAY?TIMERS



SYMBOL TABLE OF MODULE:  D:\Work Files\C Code\GitFiles\GreenButton\HarmanPana 
>> All Networks\NAFTA\PNET Only\maincodeOMF (MAINCODE)

  VALUE           TYPE          NAME
  ----------------------------------

  -------         MODULE        MAINCODE
  C:0000H         SYMBOL        _ICE_DUMMY_
  D:0080H         PUBLIC        P0
  X:0000H         PUBLIC        MaxRxTraps
  D:0008H         PUBLIC        Mesgs
  D:00FFH         PUBLIC        WDTCN
  D:00A0H         PUBLIC        P2
  D:00B0H         PUBLIC        P3
BL51 BANKED LINKER/LOCATER V6.22            09/19/2016  15:58:03  PAGE 7


  B:00A8H.7       PUBLIC        EA
  D:00E7H         PUBLIC        EIE2
  B:00A0H.3       PUBLIC        LED1
  D:00E8H         PUBLIC        ADC0CN
  D:0084H         PUBLIC        SFRPAGE
  D:00A4H         PUBLIC        P0MDOUT
  D:00E8H         PUBLIC        ADC2CN
  D:00A5H         PUBLIC        P1MDOUT
  D:00A8H         PUBLIC        IE
  D:00A6H         PUBLIC        P2MDOUT
  D:00A7H         PUBLIC        P3MDOUT
  D:00F7H         PUBLIC        EIP2
  D:000AH         PUBLIC        keyChange
  D:00F8H         PUBLIC        CAN0CN
  D:00D8H         PUBLIC        PCA0CN
  C:3B53H         PUBLIC        _RelayCtrl
  X:0001H         PUBLIC        RelayCnf
  D:00B8H         PUBLIC        IP
  D:00E1H         PUBLIC        XBR0
  D:00E2H         PUBLIC        XBR1
  D:00E3H         PUBLIC        XBR2
  D:00E4H         PUBLIC        XBR3
  C:3640H         PUBLIC        _RxMessageConfig1
  C:337EH         PUBLIC        _RxMessageConfig2
  D:00C0H         PUBLIC        SMB0CN
  C:2F1FH         PUBLIC        main
  B:0020H.2       PUBLIC        CANintMode
  X:0009H         PUBLIC        MaxMesgs
  X:000AH         PUBLIC        rxframe0
  D:0088H         PUBLIC        CPT0CN
  X:01CAH         PUBLIC        rxframe1
  C:39A1H         PUBLIC        ClearUserVars
  D:00ADH         PUBLIC        P1MDIN
  D:0088H         PUBLIC        CPT1CN
  D:00AEH         PUBLIC        P2MDIN
  D:0088H         PUBLIC        CPT2CN
  D:00AFH         PUBLIC        P3MDIN
  C:1E62H         PUBLIC        _ProcessRx
  D:00F8H         PUBLIC        SPI0CN
  B:00B0H.4       PUBLIC        RELAY1
  B:00B0H.5       PUBLIC        RELAY2
  X:02AAH         PUBLIC        MesgCnt
  X:02ABH         PUBLIC        OneTime
  D:0088H         PUBLIC        TCON
  D:00C8H         PUBLIC        TMR2CN
  D:00C8H         PUBLIC        TMR3CN
  D:00C8H         PUBLIC        TMR4CN
  B:00A0H.2       PUBLIC        SEL_CAN_C
  D:000EH         PUBLIC        keys
  X:02D5H         PUBLIC        ButtCnt
  C:327EH         PUBLIC        _SimpleButtonConfig
  X:02D6H         PUBLIC        RelayChange
  B:0020H.3       PUBLIC        RxCAN0
  B:0020H.4       PUBLIC        RxCAN1
  X:02D7H         PUBLIC        RxCAN1IDs
  C:2DC5H         PUBLIC        _AddMessage
  D:0012H         PUBLIC        RxMesg
  C:304AH         PUBLIC        _AlterMessageByte
  C:3806H         PUBLIC        CheckRelay
  D:0098H         PUBLIC        SCON0
  D:0098H         PUBLIC        SCON1
  D:00C0H         PUBLIC        CAN0STA
  C:3C4DH         PUBLIC        _MemManage
  X:0317H         PUBLIC        RxCnt
  C:407CH         PUBLIC        config_IO
BL51 BANKED LINKER/LOCATER V6.22            09/19/2016  15:58:03  PAGE 8


  D:0014H         PUBLIC        Buttons
  C:1A54H         PUBLIC        CheckButts
  D:00D0H         PUBLIC        PSW
  X:0318H         PUBLIC        txframe
  -------         PROC          MAIN
  C:2F1FH         LINE#         30
  C:2F1FH         LINE#         31
  C:2F1FH         LINE#         32
  C:2F22H         LINE#         33
  C:2F25H         LINE#         35
  C:2F28H         LINE#         36
  C:2F2BH         LINE#         40
  C:2F2EH         LINE#         41
  C:2F33H         LINE#         45
  C:2F35H         LINE#         46
  C:2F3CH         LINE#         48
  C:2F3FH         LINE#         49
  C:2F42H         LINE#         52
  C:2F45H         LINE#         53
  C:2F48H         LINE#         56
  C:2F4BH         LINE#         60
  C:2F52H         LINE#         64
  C:2F54H         LINE#         65
  C:2F5BH         LINE#         66
  C:2F5DH         LINE#         68
  C:2F5DH         LINE#         69
  C:2F5DH         LINE#         70
  C:2F9DH         LINE#         71
  C:2F9DH         LINE#         72
  C:2F9DH         LINE#         73
  C:2FA0H         LINE#         74
  C:2FA2H         LINE#         75
  C:2FA2H         LINE#         76
  C:2FA5H         LINE#         77
  C:2FA7H         LINE#         78
  C:2FA7H         LINE#         79
  C:2FAAH         LINE#         80
  C:2FACH         LINE#         81
  C:2FACH         LINE#         82
  C:2FAFH         LINE#         83
  C:2FB1H         LINE#         84
  C:2FB1H         LINE#         85
  C:2FB4H         LINE#         86
  C:2FB6H         LINE#         87
  C:2FB6H         LINE#         88
  C:2FB9H         LINE#         89
  C:2FBBH         LINE#         90
  C:2FBBH         LINE#         91
  C:2FBEH         LINE#         92
  C:2FC0H         LINE#         93
  C:2FC0H         LINE#         94
  C:2FC3H         LINE#         95
  C:2FC3H         LINE#         96
  C:2FC3H         LINE#         99
  C:2FD2H         LINE#         100
  C:2FEAH         LINE#         101
  C:3010H         LINE#         102
  C:3032H         LINE#         104
  C:3044H         LINE#         106
  C:3047H         LINE#         107
  -------         ENDPROC       MAIN
  -------         PROC          _MEMMANAGE
  D:0004H         SYMBOL        Bcnt
  D:0001H         SYMBOL        Mcnt
  D:0003H         SYMBOL        Rcnt
BL51 BANKED LINKER/LOCATER V6.22            09/19/2016  15:58:03  PAGE 9


  D:0050H         SYMBOL        FirstAddress
  C:3C4DH         LINE#         110
  C:3C51H         LINE#         111
  C:3C51H         LINE#         112
  C:3C88H         LINE#         113
  C:3C88H         LINE#         114
  C:3C8EH         LINE#         115
  C:3CA0H         LINE#         116
  C:3CB6H         LINE#         117
  C:3CB9H         LINE#         118
  C:3CB9H         LINE#         120
  C:3CBBH         LINE#         121
  -------         ENDPROC       _MEMMANAGE
  -------         PROC          CLEARUSERVARS
  -------         DO            
  D:0003H         SYMBOL        i
  D:0007H         SYMBOL        j
  -------         ENDDO         
  C:39A1H         LINE#         123
  C:39A1H         LINE#         124
  C:39A1H         LINE#         127
  C:39A3H         LINE#         128
  C:39A3H         LINE#         129
  C:39B3H         LINE#         130
  C:39C8H         LINE#         131
  C:39D8H         LINE#         132
  C:39D9H         LINE#         133
  C:39F7H         LINE#         134
  C:39FBH         LINE#         136
  C:39FDH         LINE#         137
  C:39FFH         LINE#         139
  C:3A01H         LINE#         140
  C:3A03H         LINE#         141
  C:3A08H         LINE#         142
  C:3A08H         LINE#         143
  C:3A12H         LINE#         145
  C:3A1BH         LINE#         146
  C:3A24H         LINE#         148
  C:3A29H         LINE#         149
  C:3A2DH         LINE#         150
  C:3A31H         LINE#         151
  C:3A36H         LINE#         152
  C:3A39H         LINE#         153
  -------         ENDPROC       CLEARUSERVARS
  -------         PROC          CONFIG_IO
  -------         DO            
  D:0007H         SYMBOL        SFRPAGE_SAVE
  -------         ENDDO         
  C:407CH         LINE#         155
  C:407CH         LINE#         156
  C:407CH         LINE#         157
  C:407EH         LINE#         159
  C:4081H         LINE#         161
  C:4084H         LINE#         162
  C:4087H         LINE#         163
  C:408AH         LINE#         164
  C:408DH         LINE#         166
  C:4090H         LINE#         168
  C:4093H         LINE#         169
  C:4096H         LINE#         171
  C:4099H         LINE#         172
  C:409CH         LINE#         174
  C:409FH         LINE#         175
  C:40A2H         LINE#         177
  C:40A4H         LINE#         178
BL51 BANKED LINKER/LOCATER V6.22            09/19/2016  15:58:03  PAGE 10


  -------         ENDPROC       CONFIG_IO
  -------         PROC          CHECKRELAY
  -------         DO            
  D:004DH         SYMBOL        i
  B:0020H.7       SYMBOL        Invert
  -------         ENDDO         
  C:3806H         LINE#         180
  C:3806H         LINE#         181
  C:3806H         LINE#         185
  C:3809H         LINE#         186
  C:3809H         LINE#         187
  C:3820H         LINE#         189
  C:3836H         LINE#         190
  C:3836H         LINE#         191
  C:3842H         LINE#         192
  C:385AH         LINE#         193
  C:385AH         LINE#         194
  C:386DH         LINE#         195
  C:386DH         LINE#         196
  C:387FH         LINE#         197
  C:388AH         LINE#         199
  C:388AH         LINE#         200
  C:3897H         LINE#         201
  C:38A8H         LINE#         202
  C:38BFH         LINE#         203
  C:38BFH         LINE#         204
  C:38D7H         LINE#         205
  C:38D7H         LINE#         206
  C:38E3H         LINE#         207
  -------         ENDPROC       CHECKRELAY
  -------         PROC          CHECKBUTTS
  -------         DO            
  D:004DH         SYMBOL        button
  D:004EH         SYMBOL        i
  D:004FH         SYMBOL        j
  D:0050H         SYMBOL        x
  D:0051H         SYMBOL        value
  D:0059H         SYMBOL        changebits
  -------         ENDDO         
  C:1A54H         LINE#         209
  C:1A54H         LINE#         210
  C:1A54H         LINE#         216
  C:1A69H         LINE#         218
  C:1A76H         LINE#         219
  C:1A92H         LINE#         221
  C:1AB7H         LINE#         223
  C:1AC0H         LINE#         224
  C:1AC0H         LINE#         226
  C:1AC3H         LINE#         227
  C:1AE1H         LINE#         228
  C:1AE9H         LINE#         229
  C:1B16H         LINE#         230
  C:1B35H         LINE#         232
  C:1B81H         LINE#         234
  C:1B8FH         LINE#         235
  C:1B8FH         LINE#         236
  C:1BAAH         LINE#         237
  C:1BAAH         LINE#         238
  C:1BD1H         LINE#         239
  C:1C51H         LINE#         240
  C:1C96H         LINE#         241
  C:1C99H         LINE#         243
  C:1C99H         LINE#         244
  C:1CB9H         LINE#         245
  C:1CB9H         LINE#         246
BL51 BANKED LINKER/LOCATER V6.22            09/19/2016  15:58:03  PAGE 11


  C:1CDCH         LINE#         247
  C:1D2CH         LINE#         248
  C:1D47H         LINE#         249
  C:1D47H         LINE#         250
  C:1D47H         LINE#         252
  C:1D47H         LINE#         253
  C:1D4AH         LINE#         255
  C:1D4AH         LINE#         256
  C:1D65H         LINE#         257
  C:1D65H         LINE#         258
  C:1DA6H         LINE#         259
  C:1DB0H         LINE#         260
  C:1DB0H         LINE#         261
  C:1DB3H         LINE#         262
  C:1DFCH         LINE#         263
  C:1E0EH         LINE#         264
  C:1E3BH         LINE#         266
  C:1E61H         LINE#         267
  C:1E61H         LINE#         268
  C:1E61H         LINE#         269
  C:1E61H         LINE#         270
  C:1E61H         LINE#         271
  -------         ENDPROC       CHECKBUTTS
  -------         PROC          _PROCESSRX
  D:004DH         SYMBOL        port
  D:004EH         SYMBOL        index
  -------         DO            
  D:004FH         SYMBOL        i
  D:0050H         SYMBOL        j
  D:0051H         SYMBOL        x
  D:0052H         SYMBOL        value
  D:005AH         SYMBOL        RxMsg
  D:005BH         SYMBOL        rx
  B:0020H.7       SYMBOL        test
  -------         ENDDO         
  C:1E62H         LINE#         276
  C:1E66H         LINE#         277
  C:1E66H         LINE#         282
  C:1E68H         LINE#         284
  C:1E6CH         LINE#         285
  C:1E77H         LINE#         287
  C:1E80H         LINE#         289
  C:1E83H         LINE#         290
  C:1E87H         LINE#         291
  C:1E8AH         LINE#         294
  C:1EAFH         LINE#         296
  C:1EB8H         LINE#         297
  C:1EB8H         LINE#         299
  C:1EB8H         LINE#         300
  C:1EBBH         LINE#         301
  C:1EBBH         LINE#         303
  C:1EDFH         LINE#         304
  C:1EE7H         LINE#         305
  C:1EE7H         LINE#         307
  C:1F0EH         LINE#         308
  C:1F77H         LINE#         309
  C:1F7EH         LINE#         311
  C:1F8FH         LINE#         313
  C:1F95H         LINE#         314
  C:1F95H         LINE#         315
  C:1F98H         LINE#         316
  C:1FB2H         LINE#         317
  C:1FB6H         LINE#         318
  C:1FD4H         LINE#         320
  C:2029H         LINE#         322
BL51 BANKED LINKER/LOCATER V6.22            09/19/2016  15:58:03  PAGE 12


  C:2037H         LINE#         323
  C:2037H         LINE#         324
  C:205EH         LINE#         325
  C:20DEH         LINE#         326
  C:212DH         LINE#         327
  C:212DH         LINE#         329
  C:212DH         LINE#         330
  C:216EH         LINE#         331
  C:2178H         LINE#         332
  C:2178H         LINE#         333
  C:219CH         LINE#         334
  C:21E2H         LINE#         335
  C:21F3H         LINE#         336
  C:2229H         LINE#         337
  C:2229H         LINE#         338
  C:2229H         LINE#         339
  C:2229H         LINE#         340
  C:2229H         LINE#         341
  -------         ENDPROC       _PROCESSRX
  -------         PROC          _ADDMESSAGE
  D:0007H         SYMBOL        port
  D:004EH         SYMBOL        ID
  D:0052H         SYMBOL        Rate
  D:0054H         SYMBOL        cnt
  D:0055H         SYMBOL        dat
  -------         DO            
  D:0058H         SYMBOL        i
  -------         ENDDO         
  C:2DC5H         LINE#         349
  C:2DC5H         LINE#         350
  C:2DC5H         LINE#         353
  C:2DDAH         LINE#         355
  C:2DFEH         LINE#         356
  C:2E1DH         LINE#         357
  C:2E39H         LINE#         358
  C:2E54H         LINE#         359
  C:2E61H         LINE#         360
  C:2E61H         LINE#         361
  C:2EA1H         LINE#         362
  C:2EDBH         LINE#         363
  C:2EE0H         LINE#         364
  C:2F06H         LINE#         366
  C:2F10H         LINE#         367
  C:2F16H         LINE#         369
  C:2F1EH         LINE#         370
  -------         ENDPROC       _ADDMESSAGE
  -------         PROC          _ALTERMESSAGEBYTE
  D:0007H         SYMBOL        port
  D:005FH         SYMBOL        ID
  D:0063H         SYMBOL        index
  D:0064H         SYMBOL        value
  D:0067H         SYMBOL        numbytes
  D:0068H         SYMBOL        count
  -------         DO            
  D:0069H         SYMBOL        i
  D:006AH         SYMBOL        j
  -------         ENDDO         
  C:304AH         LINE#         379
  C:304AH         LINE#         380
  C:304AH         LINE#         383
  C:305FH         LINE#         385
  C:3098H         LINE#         387
  C:30A6H         LINE#         388
  C:30A6H         LINE#         389
  C:30C9H         LINE#         390
BL51 BANKED LINKER/LOCATER V6.22            09/19/2016  15:58:03  PAGE 13


  C:30C9H         LINE#         391
  C:3108H         LINE#         392
  C:310CH         LINE#         393
  C:312AH         LINE#         395
  C:3169H         LINE#         396
  C:316EH         LINE#         397
  C:316EH         LINE#         398
  -------         ENDPROC       _ALTERMESSAGEBYTE
  -------         PROC          _SIMPLEBUTTONCONFIG
  D:0003H         SYMBOL        button
  D:0005H         SYMBOL        port
  D:004FH         SYMBOL        ID
  D:0053H         SYMBOL        mask
  D:0056H         SYMBOL        value
  D:0059H         SYMBOL        count
  -------         DO            
  D:005BH         SYMBOL        i
  -------         ENDDO         
  C:327EH         LINE#         407
  C:3280H         LINE#         408
  C:3280H         LINE#         411
  C:3295H         LINE#         413
  C:32B0H         LINE#         414
  C:32CAH         LINE#         415
  C:32DBH         LINE#         416
  C:32DEH         LINE#         417
  C:32DEH         LINE#         418
  C:331EH         LINE#         419
  C:335EH         LINE#         420
  C:3369H         LINE#         421
  C:3372H         LINE#         422
  C:3375H         LINE#         424
  C:337DH         LINE#         425
  -------         ENDPROC       _SIMPLEBUTTONCONFIG
  -------         PROC          _RXMESSAGECONFIG1
  D:0007H         SYMBOL        port
  D:004EH         SYMBOL        ID
  D:0052H         SYMBOL        mask
  D:0055H         SYMBOL        value
  D:0058H         SYMBOL        count
  -------         DO            
  D:0059H         SYMBOL        i
  -------         ENDDO         
  C:3640H         LINE#         434
  C:3640H         LINE#         435
  C:3640H         LINE#         438
  C:366AH         LINE#         440
  C:3685H         LINE#         441
  C:368FH         LINE#         442
  C:368FH         LINE#         443
  C:36C5H         LINE#         444
  C:3705H         LINE#         445
  C:370AH         LINE#         447
  C:3717H         LINE#         448
  C:371AH         LINE#         450
  C:3722H         LINE#         451
  -------         ENDPROC       _RXMESSAGECONFIG1
  -------         PROC          _RXMESSAGECONFIG2
  D:004DH         SYMBOL        index
  D:0005H         SYMBOL        outport
  D:004FH         SYMBOL        outID
  D:0053H         SYMBOL        outmask
  D:0056H         SYMBOL        outvalue
  D:0059H         SYMBOL        count
  D:005AH         SYMBOL        altercount
BL51 BANKED LINKER/LOCATER V6.22            09/19/2016  15:58:03  PAGE 14


  -------         DO            
  D:005BH         SYMBOL        i
  -------         ENDDO         
  C:337EH         LINE#         460
  C:3380H         LINE#         461
  C:3380H         LINE#         464
  C:3395H         LINE#         465
  C:33B9H         LINE#         466
  C:33D5H         LINE#         467
  C:33F1H         LINE#         468
  C:33FBH         LINE#         469
  C:33FBH         LINE#         470
  C:3431H         LINE#         471
  C:3467H         LINE#         472
  C:346BH         LINE#         473
  -------         ENDPROC       _RXMESSAGECONFIG2
  -------         PROC          _RELAYCTRL
  D:0007H         SYMBOL        num
  D:0003H         SYMBOL        type
  -------         DO            
  D:0005H         SYMBOL        relay
  B:0020H.0       SYMBOL        R3
  B:0020H.1       SYMBOL        R4
  -------         ENDDO         
  C:3B53H         LINE#         480
  C:3B55H         LINE#         481
  C:3B55H         LINE#         482
  C:3B57H         LINE#         485
  C:3B66H         LINE#         486
  C:3B66H         LINE#         487
  C:3B66H         LINE#         488
  C:3B6CH         LINE#         489
  C:3B73H         LINE#         491
  C:3B78H         LINE#         492
  C:3B7AH         LINE#         493
  C:3B7AH         LINE#         494
  C:3B80H         LINE#         495
  C:3B87H         LINE#         497
  C:3B8CH         LINE#         498
  C:3B8EH         LINE#         499
  C:3B8EH         LINE#         500
  C:3B94H         LINE#         501
  C:3B9BH         LINE#         503
  C:3BA0H         LINE#         505
  C:3BA2H         LINE#         506
  C:3BAAH         LINE#         507
  C:3BACH         LINE#         508
  C:3BACH         LINE#         509
  C:3BB2H         LINE#         510
  C:3BB9H         LINE#         512
  C:3BBEH         LINE#         514
  C:3BC0H         LINE#         515
  C:3BC9H         LINE#         516
  C:3BC9H         LINE#         517
  C:3BC9H         LINE#         519
  C:3BCCH         LINE#         520
  C:3BD1H         LINE#         521
  -------         ENDPROC       _RELAYCTRL
  -------         ENDMOD        MAINCODE

  -------         MODULE        CAN
  C:0000H         SYMBOL        _ICE_DUMMY_
  C:316FH         PUBLIC        _initRxFrameID
  D:0080H         PUBLIC        P0
  D:00A0H         PUBLIC        P2
BL51 BANKED LINKER/LOCATER V6.22            09/19/2016  15:58:03  PAGE 15


  D:00B0H         PUBLIC        P3
  D:00E7H         PUBLIC        EIE2
  C:0006H         PUBLIC        _init_msg_object_rx
  D:00E8H         PUBLIC        ADC0CN
  D:0084H         PUBLIC        SFRPAGE
  D:00E8H         PUBLIC        ADC2CN
  D:00A8H         PUBLIC        IE
  D:00F8H         PUBLIC        CAN0CN
  D:00D8H         PUBLIC        PCA0CN
  D:00B8H         PUBLIC        IP
  C:4052H         PUBLIC        _config_CAN_timing
  C:3BD2H         PUBLIC        INT_CAN
  D:00C0H         PUBLIC        SMB0CN
  D:00D9H         PUBLIC        CAN0DATH
  D:00D8H         PUBLIC        CAN0DATL
  D:0088H         PUBLIC        CPT0CN
  D:0088H         PUBLIC        CPT1CN
  D:0088H         PUBLIC        CPT2CN
  D:00F8H         PUBLIC        SPI0CN
  C:3A3AH         PUBLIC        _clear_message_object
  D:0088H         PUBLIC        TCON
  D:00C8H         PUBLIC        TMR2CN
  D:00C8H         PUBLIC        TMR3CN
  D:00C8H         PUBLIC        TMR4CN
  C:3EDAH         PUBLIC        _TxFrame
  X:0326H         PUBLIC        IntReg
  B:00A8H.0       PUBLIC        EX0
  D:00DAH         PUBLIC        CAN0ADR
  D:00D8H         PUBLIC        CAN0DAT
  D:0098H         PUBLIC        SCON0
  D:0098H         PUBLIC        SCON1
  D:00C0H         PUBLIC        CAN0STA
  C:2901H         PUBLIC        _rx_can_frame
  C:3559H         PUBLIC        _tx_can_frame
  X:0327H         PUBLIC        RxBuffCnt
  D:00D0H         PUBLIC        PSW
  -------         PROC          _TXFRAME
  D:0028H         SYMBOL        port
  -------         DO            
  D:0029H         SYMBOL        TxBuff
  -------         ENDDO         
  C:3EDAH         LINE#         26
  C:3EDCH         LINE#         27
  C:3EDCH         LINE#         30
  C:3EE0H         LINE#         31
  C:3EE0H         LINE#         32
  C:3EE6H         LINE#         33
  C:3EEBH         LINE#         34
  C:3EEBH         LINE#         35
  C:3EF0H         LINE#         36
  C:3EF0H         LINE#         37
  C:3EFEH         LINE#         38
  C:3EFEH         LINE#         39
  C:3F03H         LINE#         40
  C:3F08H         LINE#         41
  C:3F08H         LINE#         42
  C:3F08H         LINE#         43
  -------         ENDPROC       _TXFRAME
  -------         PROC          _INITRXFRAMEID
  D:005AH         SYMBOL        port
  D:005BH         SYMBOL        arbID
  -------         DO            
  D:005FH         SYMBOL        i
  D:0060H         SYMBOL        rx
  D:0063H         SYMBOL        BuffSize
BL51 BANKED LINKER/LOCATER V6.22            09/19/2016  15:58:03  PAGE 16


  -------         ENDDO         
  C:316FH         LINE#         55
  C:3171H         LINE#         56
  C:3171H         LINE#         61
  C:3175H         LINE#         62
  C:3175H         LINE#         63
  C:317EH         LINE#         64
  C:3181H         LINE#         65
  C:3183H         LINE#         67
  C:3183H         LINE#         68
  C:318CH         LINE#         69
  C:318FH         LINE#         70
  C:318FH         LINE#         72
  C:31D6H         LINE#         74
  C:3204H         LINE#         75
  C:3204H         LINE#         76
  C:322AH         LINE#         77
  C:322EH         LINE#         78
  C:322EH         LINE#         79
  C:323FH         LINE#         80
  C:323FH         LINE#         81
  C:3244H         LINE#         82
  C:3244H         LINE#         83
  C:325EH         LINE#         84
  C:3260H         LINE#         85
  C:3260H         LINE#         86
  C:326EH         LINE#         87
  C:326EH         LINE#         89
  C:327BH         LINE#         90
  C:327DH         LINE#         91
  -------         ENDPROC       _INITRXFRAMEID
  -------         PROC          _CLEAR_MESSAGE_OBJECT
  D:0001H         SYMBOL        port
  D:0002H         SYMBOL        mesgobj
  D:0003H         SYMBOL        count
  -------         DO            
  D:0030H         SYMBOL        BuffSize
  -------         ENDDO         
  C:3A3AH         LINE#         104
  C:3A3EH         LINE#         105
  C:3A3EH         LINE#         108
  C:3A41H         LINE#         109
  C:3A41H         LINE#         110
  C:3A44H         LINE#         111
  C:3A47H         LINE#         112
  C:3A4AH         LINE#         113
  C:3A4DH         LINE#         114
  C:3A4FH         LINE#         116
  C:3A52H         LINE#         118
  C:3A5BH         LINE#         119
  C:3A5BH         LINE#         120
  C:3A5EH         LINE#         121
  C:3A5EH         LINE#         122
  C:3A61H         LINE#         123
  C:3A63H         LINE#         124
  C:3A79H         LINE#         125
  C:3A8AH         LINE#         126
  C:3A8AH         LINE#         127
  C:3A8DH         LINE#         128
  C:3A8DH         LINE#         129
  C:3AA2H         LINE#         130
  C:3AB7H         LINE#         131
  C:3AC7H         LINE#         132
  C:3AC7H         LINE#         134
  C:3AC8H         LINE#         135
BL51 BANKED LINKER/LOCATER V6.22            09/19/2016  15:58:03  PAGE 17


  C:3AC9H         LINE#         136
  C:3ACBH         LINE#         137
  -------         ENDPROC       _CLEAR_MESSAGE_OBJECT
  -------         PROC          _CONFIG_CAN_TIMING
  D:0006H         SYMBOL        CANbaud
  C:4052H         LINE#         149
  C:4052H         LINE#         150
  C:4052H         LINE#         151
  C:4055H         LINE#         152
  C:4058H         LINE#         153
  C:405BH         LINE#         155
  C:405BH         LINE#         156
  C:405BH         LINE#         157
  C:4067H         LINE#         158
  C:4067H         LINE#         159
  C:4067H         LINE#         160
  C:406AH         LINE#         161
  C:406DH         LINE#         162
  C:406EH         LINE#         163
  C:406EH         LINE#         164
  C:4071H         LINE#         165
  C:4074H         LINE#         166
  C:4075H         LINE#         167
  C:4075H         LINE#         168
  C:4075H         LINE#         169
  C:4078H         LINE#         170
  C:407BH         LINE#         171
  C:407BH         LINE#         172
  C:407BH         LINE#         173
  C:407BH         LINE#         174
  C:407BH         LINE#         175
  C:407BH         LINE#         178
  C:407BH         LINE#         179
  C:407BH         LINE#         180
  C:407BH         LINE#         183
  -------         ENDPROC       _CONFIG_CAN_TIMING
  -------         PROC          _RX_CAN_FRAME
  D:0024H         SYMBOL        IntReg
  C:2901H         LINE#         197
  C:2903H         LINE#         198
  C:2903H         LINE#         199
  C:2906H         LINE#         201
  C:2919H         LINE#         203
  C:291CH         LINE#         204
  C:291FH         LINE#         205
  C:2922H         LINE#         206
  C:2935H         LINE#         208
  C:2943H         LINE#         212
  C:2946H         LINE#         215
  C:294EH         LINE#         216
  C:294EH         LINE#         218
  C:2951H         LINE#         219
  C:2977H         LINE#         220
  C:297AH         LINE#         221
  C:29D7H         LINE#         222
  C:29D9H         LINE#         225
  C:29FBH         LINE#         229
  C:29FEH         LINE#         230
  C:2A15H         LINE#         233
  C:2A18H         LINE#         234
  C:2A2BH         LINE#         235
  C:2A2EH         LINE#         236
  C:2A41H         LINE#         238
  C:2A44H         LINE#         239
  C:2A57H         LINE#         240
BL51 BANKED LINKER/LOCATER V6.22            09/19/2016  15:58:03  PAGE 18


  C:2A5AH         LINE#         241
  C:2A6DH         LINE#         243
  C:2A70H         LINE#         244
  C:2A83H         LINE#         245
  C:2A86H         LINE#         246
  C:2A99H         LINE#         248
  C:2A9CH         LINE#         249
  C:2AAFH         LINE#         250
  C:2AB2H         LINE#         251
  C:2AC5H         LINE#         253
  C:2AC7H         LINE#         254
  -------         ENDPROC       _RX_CAN_FRAME
  -------         PROC          INT_CAN
  -------         DO            
  D:0007H         SYMBOL        IntReg
  D:0022H         SYMBOL        hldSFRpage
  D:0023H         SYMBOL        status
  -------         ENDDO         
  C:3BD2H         LINE#         264
  C:3BEFH         LINE#         267
  C:3BF2H         LINE#         270
  C:3BF5H         LINE#         272
  C:3BF8H         LINE#         274
  C:3BFAH         LINE#         275
  C:3BFDH         LINE#         276
  C:3BFDH         LINE#         277
  C:3BFFH         LINE#         278
  C:3C02H         LINE#         281
  C:3C05H         LINE#         284
  C:3C07H         LINE#         286
  C:3C07H         LINE#         288
  C:3C09H         LINE#         289
  C:3C11H         LINE#         290
  C:3C11H         LINE#         291
  C:3C13H         LINE#         293
  C:3C13H         LINE#         299
  C:3C16H         LINE#         301
  C:3C1CH         LINE#         302
  C:3C1CH         LINE#         303
  C:3C1FH         LINE#         304
  C:3C22H         LINE#         305
  C:3C22H         LINE#         308
  C:3C25H         LINE#         309
  C:3C25H         LINE#         311
  C:3C28H         LINE#         312
  C:3C2AH         LINE#         314
  C:3C2AH         LINE#         315
  C:3C2DH         LINE#         316
  C:3C2FH         LINE#         317
  C:3C2FH         LINE#         319
  C:3C32H         LINE#         320
  -------         ENDPROC       INT_CAN
  -------         PROC          _TX_CAN_FRAME
  D:0001H         SYMBOL        KWPopts
  -------         DO            
  D:0002H         SYMBOL        timeout
  -------         ENDDO         
  C:3559H         LINE#         331
  C:355BH         LINE#         332
  C:355BH         LINE#         333
  C:355FH         LINE#         335
  C:3562H         LINE#         337
  C:3565H         LINE#         338
  C:3568H         LINE#         340
  C:356BH         LINE#         341
BL51 BANKED LINKER/LOCATER V6.22            09/19/2016  15:58:03  PAGE 19


  C:3571H         LINE#         342
  C:3574H         LINE#         345
  C:357EH         LINE#         346
  C:357EH         LINE#         348
  C:358CH         LINE#         349
  C:35A5H         LINE#         350
  C:35A7H         LINE#         352
  C:35A7H         LINE#         354
  C:35ACH         LINE#         355
  C:35C6H         LINE#         356
  C:35C6H         LINE#         358
  C:35C9H         LINE#         360
  C:35D6H         LINE#         361
  C:35DAH         LINE#         362
  C:35DCH         LINE#         364
  C:35DFH         LINE#         365
  C:35EFH         LINE#         366
  C:35FFH         LINE#         367
  C:360FH         LINE#         368
  C:361FH         LINE#         370
  C:3622H         LINE#         371
  C:3628H         LINE#         373
  C:362BH         LINE#         375
  C:362FH         LINE#         376
  C:362FH         LINE#         377
  C:3636H         LINE#         378
  C:363DH         LINE#         379
  C:363DH         LINE#         381
  C:363FH         LINE#         382
  -------         ENDPROC       _TX_CAN_FRAME
  -------         PROC          _INIT_MSG_OBJECT_RX
  D:0003H         SYMBOL        MsgNum
  D:0065H         SYMBOL        arbID
  C:0006H         LINE#         421
  C:0008H         LINE#         422
  C:0008H         LINE#         423
  C:000BH         LINE#         424
  C:000EH         LINE#         425
  C:0014H         LINE#         426
  C:0017H         LINE#         428
  C:001DH         LINE#         429
  C:001DH         LINE#         431
  C:0028H         LINE#         432
  C:003EH         LINE#         433
  C:0040H         LINE#         435
  C:0040H         LINE#         437
  C:0045H         LINE#         438
  C:005AH         LINE#         439
  C:005AH         LINE#         442
  C:0060H         LINE#         443
  C:0063H         LINE#         444
  C:0065H         LINE#         446
  -------         ENDPROC       _INIT_MSG_OBJECT_RX
  -------         ENDMOD        CAN

  -------         MODULE        SPI
  C:0000H         SYMBOL        _ICE_DUMMY_
  D:009DH         PUBLIC        SPI0CKR
  D:0080H         PUBLIC        P0
  B:00F8H.0       PUBLIC        SPIEN
  D:00A0H         PUBLIC        P2
  D:00B0H         PUBLIC        P3
  C:41F3H         PUBLIC        SPI_init
  D:00E8H         PUBLIC        ADC0CN
  D:0084H         PUBLIC        SFRPAGE
BL51 BANKED LINKER/LOCATER V6.22            09/19/2016  15:58:03  PAGE 20


  C:4201H         PUBLIC        _CAN1begin
  D:00E8H         PUBLIC        ADC2CN
  C:3D71H         PUBLIC        _CAN1configRate
  C:4181H         PUBLIC        CAN1readRxStat
  D:00A8H         PUBLIC        IE
  C:0076H         PUBLIC        _CAN1start_transmit
  D:00F8H         PUBLIC        CAN0CN
  D:00D8H         PUBLIC        PCA0CN
  D:00B8H         PUBLIC        IP
  C:4153H         PUBLIC        _CAN1setRegister
  C:419CH         PUBLIC        _spiCAN
  D:00C0H         PUBLIC        SMB0CN
  D:0088H         PUBLIC        CPT0CN
  C:41AEH         PUBLIC        CAN1reset
  D:0088H         PUBLIC        CPT1CN
  C:416AH         PUBLIC        CAN1readStatus
  D:0088H         PUBLIC        CPT2CN
  D:00F8H         PUBLIC        SPI0CN
  B:00F8H.7       PUBLIC        SPIF
  D:0088H         PUBLIC        TCON
  B:00F8H.2       PUBLIC        NSSMD0
  D:00C8H         PUBLIC        TMR2CN
  D:00C8H         PUBLIC        TMR3CN
  C:3E14H         PUBLIC        _CAN1getNextFreeTXBuf
  D:00C8H         PUBLIC        TMR4CN
  C:3CBCH         PUBLIC        _CAN1init
  C:0098H         SYMBOL        _?ix1000
  D:001AH         PUBLIC        hldSFRPAGE
  C:4101H         PUBLIC        _CAN1setCANCTRL_Mode
  C:38E4H         PUBLIC        _CAN1init_FiltersNMasks
  B:00A8H.0       PUBLIC        EX0
  C:4148H         PUBLIC        SPI_Rxbyte
  C:420CH         PUBLIC        INT_CAN1
  C:41DAH         PUBLIC        _SPI_Txbyte
  C:40E4H         PUBLIC        _CAN1modifyRegister
  C:2AC8H         PUBLIC        _CAN1read_canMsg
  C:346CH         PUBLIC        CAN1initCANBuffers
  C:3ACCH         PUBLIC        _CAN1write_id
  D:0098H         PUBLIC        SCON0
  D:0098H         PUBLIC        SCON1
  D:00C0H         PUBLIC        CAN0STA
  C:40C6H         PUBLIC        _CAN1readRegister
  D:009AH         PUBLIC        SPI0CFG
  C:3723H         PUBLIC        _CAN1write_canMsg
  C:3F09H         PUBLIC        _CAN1setRegisterS
  D:009BH         PUBLIC        SPI0DAT
  D:00D0H         PUBLIC        PSW
  -------         PROC          SPI_INIT
  C:41F3H         LINE#         20
  C:41F3H         LINE#         21
  C:41F3H         LINE#         22
  C:41F6H         LINE#         24
  C:41F8H         LINE#         26
  C:41FBH         LINE#         28
  C:41FDH         LINE#         30
  C:4200H         LINE#         31
  -------         ENDPROC       SPI_INIT
  -------         PROC          L?0115
  -------         ENDPROC       L?0115
  -------         PROC          SPI_RXBYTE
  C:4148H         LINE#         35
  C:4148H         LINE#         36
  C:4148H         LINE#         39
  C:414AH         LINE#         40
  C:414DH         LINE#         41
BL51 BANKED LINKER/LOCATER V6.22            09/19/2016  15:58:03  PAGE 21


  C:4150H         LINE#         42
  C:4152H         LINE#         44
  -------         ENDPROC       SPI_RXBYTE
  C:41D5H         SYMBOL        L?0119
  -------         PROC          L?0118
  -------         ENDPROC       L?0118
  C:41D5H         SYMBOL        L?0119
  -------         PROC          _SPI_TXBYTE
  D:0007H         SYMBOL        value
  C:41DAH         LINE#         47
  C:41DAH         LINE#         48
  C:41DAH         LINE#         51
  C:41DCH         LINE#         52
  C:41DEH         LINE#         53
  C:41E1H         LINE#         54
  C:41E3H         LINE#         55
  -------         ENDPROC       _SPI_TXBYTE
  C:4198H         SYMBOL        L?0117
  -------         PROC          L?0116
  -------         ENDPROC       L?0116
  C:4198H         SYMBOL        L?0117
  -------         PROC          _SPICAN
  D:0007H         SYMBOL        Enable
  C:419CH         LINE#         58
  C:419CH         LINE#         59
  C:419CH         LINE#         60
  C:419FH         LINE#         61
  C:419FH         LINE#         62
  C:41A2H         LINE#         63
  C:41A5H         LINE#         64
  C:41A7H         LINE#         65
  C:41A8H         LINE#         67
  C:41A8H         LINE#         68
  C:41AAH         LINE#         69
  C:41ADH         LINE#         70
  C:41ADH         LINE#         71
  -------         ENDPROC       _SPICAN
  -------         PROC          CAN1RESET
  C:41AEH         LINE#         80
  C:41AEH         LINE#         81
  C:41AEH         LINE#         82
  C:41B3H         LINE#         83
  C:41B8H         LINE#         84
  C:41BDH         LINE#         86
  -------         ENDPROC       CAN1RESET
  -------         PROC          _CAN1READREGISTER
  D:0006H         SYMBOL        address
  -------         DO            
  D:0005H         SYMBOL        ret
  -------         ENDDO         
  C:40C6H         LINE#         93
  C:40C6H         LINE#         94
  C:40C6H         LINE#         97
  C:40C9H         LINE#         98
  C:40CBH         LINE#         99
  C:40D0H         LINE#         100
  C:40D2H         LINE#         101
  C:40D7H         LINE#         102
  C:40DCH         LINE#         104
  C:40E1H         LINE#         105
  C:40E3H         LINE#         106
  -------         ENDPROC       _CAN1READREGISTER
  -------         PROC          _CAN1SETREGISTER
  D:0005H         SYMBOL        address
  D:0006H         SYMBOL        value
BL51 BANKED LINKER/LOCATER V6.22            09/19/2016  15:58:03  PAGE 22


  C:4153H         LINE#         133
  C:4157H         LINE#         134
  C:4157H         LINE#         135
  C:415CH         LINE#         136
  C:4160H         LINE#         137
  C:4162H         LINE#         138
  C:4165H         LINE#         140
  -------         ENDPROC       _CAN1SETREGISTER
  -------         PROC          _CAN1SETREGISTERS
  D:0006H         SYMBOL        address
  D:0043H         SYMBOL        values
  D:0046H         SYMBOL        n
  -------         DO            
  D:0006H         SYMBOL        i
  -------         ENDDO         
  C:3F09H         LINE#         147
  C:3F0FH         LINE#         148
  C:3F0FH         LINE#         151
  C:3F12H         LINE#         152
  C:3F13H         LINE#         153
  C:3F16H         LINE#         155
  C:3F1EH         LINE#         156
  C:3F1EH         LINE#         157
  C:3F30H         LINE#         158
  C:3F33H         LINE#         160
  -------         ENDPROC       _CAN1SETREGISTERS
  -------         PROC          _CAN1MODIFYREGISTER
  D:0006H         SYMBOL        address
  D:0005H         SYMBOL        mask
  D:0004H         SYMBOL        value
  C:40E4H         LINE#         167
  C:40E8H         LINE#         168
  C:40E8H         LINE#         169
  C:40EDH         LINE#         170
  C:40EFH         LINE#         171
  C:40F2H         LINE#         172
  C:40F7H         LINE#         173
  C:40FCH         LINE#         175
  -------         ENDPROC       _CAN1MODIFYREGISTER
  -------         PROC          CAN1READSTATUS
  -------         DO            
  D:0006H         SYMBOL        ret
  -------         ENDDO         
  C:416AH         LINE#         182
  C:416AH         LINE#         183
  C:416AH         LINE#         185
  C:416FH         LINE#         186
  C:4174H         LINE#         187
  C:4179H         LINE#         189
  C:417EH         LINE#         190
  C:4180H         LINE#         191
  -------         ENDPROC       CAN1READSTATUS
  -------         PROC          CAN1READRXSTAT
  -------         DO            
  D:0006H         SYMBOL        ret
  -------         ENDDO         
  C:4181H         LINE#         197
  C:4181H         LINE#         198
  C:4181H         LINE#         200
  C:4186H         LINE#         201
  C:418BH         LINE#         202
  C:4190H         LINE#         204
  C:4195H         LINE#         205
  C:4197H         LINE#         206
  -------         ENDPROC       CAN1READRXSTAT
BL51 BANKED LINKER/LOCATER V6.22            09/19/2016  15:58:03  PAGE 23


  -------         PROC          _CAN1SETCANCTRL_MODE
  D:0002H         SYMBOL        newmode
  -------         DO            
  D:0007H         SYMBOL        i
  -------         ENDDO         
  C:4101H         LINE#         212
  C:4103H         LINE#         213
  C:4103H         LINE#         216
  C:410CH         LINE#         218
  C:4111H         LINE#         219
  C:4114H         LINE#         221
  C:4118H         LINE#         222
  C:4118H         LINE#         223
  C:411BH         LINE#         224
  C:411BH         LINE#         226
  C:411DH         LINE#         227
  -------         ENDPROC       _CAN1SETCANCTRL_MODE
  -------         PROC          _CAN1CONFIGRATE
  D:0007H         SYMBOL        canSpeed
  -------         DO            
  D:0001H         SYMBOL        set
  D:0002H         SYMBOL        cfg1
  D:0003H         SYMBOL        cfg2
  D:0004H         SYMBOL        cfg3
  -------         ENDDO         
  C:3D71H         LINE#         233
  C:3D71H         LINE#         234
  C:3D71H         LINE#         236
  C:3D73H         LINE#         237
  C:3D83H         LINE#         238
  C:3D83H         LINE#         239
  C:3D83H         LINE#         240
  C:3D85H         LINE#         241
  C:3D87H         LINE#         242
  C:3D89H         LINE#         243
  C:3D8BH         LINE#         245
  C:3D8BH         LINE#         246
  C:3D8DH         LINE#         247
  C:3D8DH         LINE#         248
  C:3D8DH         LINE#         249
  C:3D8FH         LINE#         251
  C:3D8FH         LINE#         252
  C:3D91H         LINE#         253
  C:3D91H         LINE#         254
  C:3D91H         LINE#         255
  C:3D93H         LINE#         257
  C:3D93H         LINE#         258
  C:3D95H         LINE#         259
  C:3D97H         LINE#         260
  C:3D99H         LINE#         261
  C:3D9BH         LINE#         263
  C:3D9BH         LINE#         264
  C:3D9DH         LINE#         265
  C:3D9FH         LINE#         266
  C:3DA1H         LINE#         267
  C:3DA3H         LINE#         270
  C:3DA3H         LINE#         271
  C:3DA5H         LINE#         272
  C:3DA5H         LINE#         273
  C:3DA5H         LINE#         275
  C:3DA8H         LINE#         276
  C:3DAFH         LINE#         277
  C:3DB6H         LINE#         278
  C:3DBDH         LINE#         279
  C:3DC0H         LINE#         280
BL51 BANKED LINKER/LOCATER V6.22            09/19/2016  15:58:03  PAGE 24


  C:3DC0H         LINE#         281
  C:3DC0H         LINE#         282
  C:3DC2H         LINE#         283
  C:3DC2H         LINE#         284
  -------         ENDPROC       _CAN1CONFIGRATE
  -------         PROC          _CAN1WRITE_ID
  D:0001H         SYMBOL        mcp_addr
  D:003AH         SYMBOL        id
  -------         DO            
  D:0002H         SYMBOL        canid
  D:003EH         SYMBOL        tbufdata
  -------         ENDDO         
  C:3ACCH         LINE#         290
  C:3ACEH         LINE#         291
  C:3ACEH         LINE#         295
  C:3AD9H         LINE#         297
  C:3AE2H         LINE#         298
  C:3AE2H         LINE#         299
  C:3AE7H         LINE#         300
  C:3AE9H         LINE#         301
  C:3AF8H         LINE#         302
  C:3AFDH         LINE#         303
  C:3B0FH         LINE#         304
  C:3B12H         LINE#         305
  C:3B20H         LINE#         306
  C:3B22H         LINE#         308
  C:3B22H         LINE#         309
  C:3B30H         LINE#         310
  C:3B40H         LINE#         311
  C:3B43H         LINE#         312
  C:3B45H         LINE#         313
  C:3B45H         LINE#         314
  -------         ENDPROC       _CAN1WRITE_ID
  -------         PROC          CAN1INITCANBUFFERS
  -------         DO            
  D:0001H         SYMBOL        i
  D:0004H         SYMBOL        a1
  D:0003H         SYMBOL        a2
  D:0002H         SYMBOL        a3
  D:0031H         SYMBOL        ulMask
  D:0035H         SYMBOL        ulFilt
  -------         ENDDO         
  C:346CH         LINE#         343
  C:346CH         LINE#         344
  C:346CH         LINE#         348
  C:3480H         LINE#         351
  C:3497H         LINE#         352
  C:34AEH         LINE#         355
  C:34C5H         LINE#         356
  C:34D6H         LINE#         357
  C:34EDH         LINE#         358
  C:34FEH         LINE#         359
  C:3515H         LINE#         360
  C:3526H         LINE#         361
  C:352DH         LINE#         362
  C:3534H         LINE#         367
  C:3536H         LINE#         368
  C:3538H         LINE#         369
  C:353AH         LINE#         370
  C:353CH         LINE#         371
  C:3543H         LINE#         372
  C:354AH         LINE#         373
  C:3551H         LINE#         374
  C:3552H         LINE#         375
  C:3553H         LINE#         376
BL51 BANKED LINKER/LOCATER V6.22            09/19/2016  15:58:03  PAGE 25


  C:3554H         LINE#         377
  C:3558H         LINE#         378
  -------         ENDPROC       CAN1INITCANBUFFERS
  -------         PROC          _CAN1INIT
  D:0030H         SYMBOL        canSpeed
  -------         DO            
  D:0007H         SYMBOL        res
  -------         ENDDO         
  C:3CBCH         LINE#         384
  C:3CBEH         LINE#         385
  C:3CBEH         LINE#         389
  C:3CC1H         LINE#         393
  C:3CC9H         LINE#         394
  C:3CCAH         LINE#         396
  C:3CD2H         LINE#         397
  C:3CD3H         LINE#         400
  C:3CD6H         LINE#         401
  C:3CDDH         LINE#         403
  C:3CE4H         LINE#         407
  C:3CEDH         LINE#         410
  C:3CF6H         LINE#         413
  C:3D04H         LINE#         414
  C:3D12H         LINE#         416
  C:3D1AH         LINE#         417
  C:3D1BH         LINE#         419
  C:3D1BH         LINE#         420
  -------         ENDPROC       _CAN1INIT
  -------         PROC          _CAN1BEGIN
  D:0007H         SYMBOL        speedset
  C:4201H         LINE#         426
  C:4201H         LINE#         427
  C:4201H         LINE#         429
  C:4207H         LINE#         430
  C:4209H         LINE#         432
  C:420BH         LINE#         433
  -------         ENDPROC       _CAN1BEGIN
  -------         PROC          _CAN1INIT_FILTERSNMASKS
  D:0001H         SYMBOL        num
  D:0032H         SYMBOL        ulData
  -------         DO            
  D:0007H         SYMBOL        res
  -------         ENDDO         
  C:38E4H         LINE#         439
  C:38E6H         LINE#         440
  C:38E6H         LINE#         441
  C:38E6H         LINE#         443
  C:38F1H         LINE#         444
  C:38F2H         LINE#         446
  C:391AH         LINE#         447
  C:391AH         LINE#         448
  C:391AH         LINE#         449
  C:3928H         LINE#         450
  C:392AH         LINE#         452
  C:392AH         LINE#         453
  C:3938H         LINE#         454
  C:393AH         LINE#         456
  C:393AH         LINE#         457
  C:3948H         LINE#         458
  C:394AH         LINE#         460
  C:394AH         LINE#         461
  C:3958H         LINE#         462
  C:395AH         LINE#         464
  C:395AH         LINE#         465
  C:3968H         LINE#         466
  C:396AH         LINE#         468
BL51 BANKED LINKER/LOCATER V6.22            09/19/2016  15:58:03  PAGE 26


  C:396AH         LINE#         469
  C:3978H         LINE#         470
  C:397AH         LINE#         472
  C:397AH         LINE#         473
  C:3988H         LINE#         474
  C:398AH         LINE#         476
  C:398AH         LINE#         477
  C:399BH         LINE#         478
  C:399BH         LINE#         479
  C:399BH         LINE#         481
  C:39A0H         LINE#         482
  -------         ENDPROC       _CAN1INIT_FILTERSNMASKS
  -------         PROC          _CAN1READ_CANMSG
  D:0006H         SYMBOL        RxBuff
  -------         DO            
  D:004DH         SYMBOL        i
  D:004EH         SYMBOL        j
  D:004FH         SYMBOL        canID
  -------         ENDDO         
  C:2AC8H         LINE#         488
  C:2AC8H         LINE#         489
  C:2AC8H         LINE#         493
  C:2ACBH         LINE#         494
  C:2AD0H         LINE#         496
  C:2AD5H         LINE#         497
  C:2ADAH         LINE#         498
  C:2B0CH         LINE#         500
  C:2B14H         LINE#         501
  C:2B14H         LINE#         503
  C:2B34H         LINE#         504
  C:2B57H         LINE#         505
  C:2B8BH         LINE#         506
  C:2B9DH         LINE#         507
  C:2B9FH         LINE#         509
  C:2B9FH         LINE#         510
  C:2BA4H         LINE#         511
  C:2BA9H         LINE#         512
  C:2BA9H         LINE#         514
  C:2BE3H         LINE#         517
  C:2BEEH         LINE#         518
  C:2BEEH         LINE#         519
  C:2C08H         LINE#         520
  C:2C1CH         LINE#         521
  C:2C36H         LINE#         522
  C:2C59H         LINE#         523
  C:2C59H         LINE#         526
  C:2C5EH         LINE#         528
  C:2C60H         LINE#         529
  -------         ENDPROC       _CAN1READ_CANMSG
  -------         PROC          _CAN1GETNEXTFREETXBUF
  D:002AH         SYMBOL        txbuf_n
  -------         DO            
  D:0004H         SYMBOL        i
  D:0007H         SYMBOL        ctrlval
  D:002DH         SYMBOL        ctrlregs
  -------         ENDDO         
  C:3E14H         LINE#         536
  C:3E1AH         LINE#         537
  C:3E1AH         LINE#         540
  C:3E2DH         LINE#         542
  C:3E37H         LINE#         545
  C:3E38H         LINE#         546
  C:3E38H         LINE#         547
  C:3E41H         LINE#         548
  C:3E45H         LINE#         549
BL51 BANKED LINKER/LOCATER V6.22            09/19/2016  15:58:03  PAGE 27


  C:3E45H         LINE#         550
  C:3E53H         LINE#         552
  C:3E56H         LINE#         553
  C:3E56H         LINE#         554
  C:3E5AH         LINE#         555
  C:3E5CH         LINE#         556
  -------         ENDPROC       _CAN1GETNEXTFREETXBUF
  -------         PROC          _CAN1WRITE_CANMSG
  D:0001H         SYMBOL        buffer_sidh_addr
  -------         DO            
  D:0002H         SYMBOL        canid
  D:002AH         SYMBOL        tbufdata
  D:0006H         SYMBOL        i
  -------         ENDDO         
  C:3723H         LINE#         563
  C:3725H         LINE#         564
  C:3725H         LINE#         569
  C:3735H         LINE#         570
  C:3744H         LINE#         571
  C:3744H         LINE#         572
  C:3747H         LINE#         573
  C:3749H         LINE#         574
  C:3760H         LINE#         575
  C:3765H         LINE#         576
  C:3777H         LINE#         577
  C:377AH         LINE#         578
  C:3788H         LINE#         579
  C:378AH         LINE#         581
  C:378AH         LINE#         582
  C:3798H         LINE#         583
  C:37A8H         LINE#         584
  C:37ABH         LINE#         585
  C:37ADH         LINE#         586
  C:37ADH         LINE#         588
  C:37B2H         LINE#         589
  C:37BFH         LINE#         590
  C:37BFH         LINE#         591
  C:37BFH         LINE#         592
  C:37C1H         LINE#         593
  C:37C3H         LINE#         594
  C:37C3H         LINE#         595
  C:37C5H         LINE#         596
  C:37C7H         LINE#         597
  C:37C7H         LINE#         598
  C:37CCH         LINE#         599
  C:37CCH         LINE#         600
  C:37CCH         LINE#         601
  C:37CEH         LINE#         602
  C:37DBH         LINE#         603
  C:37E3H         LINE#         604
  C:37EFH         LINE#         605
  C:3801H         LINE#         607
  -------         ENDPROC       _CAN1WRITE_CANMSG
  -------         PROC          _CAN1START_TRANSMIT
  D:0006H         SYMBOL        mcp_addr
  C:0076H         LINE#         615
  C:0076H         LINE#         616
  C:0076H         LINE#         617
  C:0079H         LINE#         619
  C:0086H         LINE#         620
  C:0086H         LINE#         621
  C:0086H         LINE#         622
  C:0088H         LINE#         623
  C:008AH         LINE#         624
  C:008AH         LINE#         625
BL51 BANKED LINKER/LOCATER V6.22            09/19/2016  15:58:03  PAGE 28


  C:008CH         LINE#         626
  C:008EH         LINE#         627
  C:008EH         LINE#         628
  C:0093H         LINE#         629
  C:0093H         LINE#         630
  C:0093H         LINE#         632
  -------         ENDPROC       _CAN1START_TRANSMIT
  -------         PROC          INT_CAN1
  C:420CH         LINE#         644
  C:420CH         LINE#         646
  C:420EH         LINE#         647
  C:4210H         LINE#         648
  -------         ENDPROC       INT_CAN1
  -------         ENDMOD        SPI

  -------         MODULE        TIMERS
  C:0000H         SYMBOL        _ICE_DUMMY_
  D:0080H         PUBLIC        P0
  D:0090H         PUBLIC        P1
  B:00B0H.7       PUBLIC        ROTARY_SOFT
  D:00A0H         PUBLIC        P2
  D:0016H         PUBLIC        msticks
  D:00B0H         PUBLIC        P3
  C:2C61H         PUBLIC        ReadInputs
  D:00E7H         PUBLIC        EIE2
  D:00E8H         PUBLIC        ADC0CN
  D:0084H         PUBLIC        SFRPAGE
  D:00E8H         PUBLIC        ADC2CN
  D:00A8H         PUBLIC        IE
  D:00F8H         PUBLIC        CAN0CN
  D:00D8H         PUBLIC        PCA0CN
  D:00B8H         PUBLIC        IP
  C:411EH         PUBLIC        Oscillator_Init
  B:00B0H.6       PUBLIC        ROTARY_IGN
  D:00C0H         PUBLIC        SMB0CN
  D:00CCH         PUBLIC        TMR3
  C:3EA1H         PUBLIC        _Start_Timer3
  B:0080H.5       PUBLIC        ROW1
  D:0088H         PUBLIC        CPT0CN
  B:0080H.6       PUBLIC        ROW2
  D:0088H         PUBLIC        CPT1CN
  D:0088H         PUBLIC        CPT2CN
  D:00F8H         PUBLIC        SPI0CN
  C:41E4H         PUBLIC        _codedelay
  D:00C9H         PUBLIC        TMR3CF
  D:0088H         PUBLIC        TCON
  D:00C8H         PUBLIC        TMR2CN
  D:00C8H         PUBLIC        TMR3CN
  D:00C8H         PUBLIC        TMR4CN
  D:0097H         PUBLIC        CLKSEL
  B:00C8H.7       PUBLIC        TF3
  D:008CH         PUBLIC        OSCXCN
  B:0021H.0       PUBLIC        IGN_OFF_FLG
  C:3DC3H         PUBLIC        _Rotary2value
  C:3D1CH         PUBLIC        INT_T3_OV
  B:00C8H.2       PUBLIC        TR3
  D:00CAH         PUBLIC        RCAP3
  C:25C3H         PUBLIC        CheckMesgs
  D:0098H         PUBLIC        SCON0
  D:0098H         PUBLIC        SCON1
  D:00C0H         PUBLIC        CAN0STA
  D:00D0H         PUBLIC        PSW
  C:40A5H         PUBLIC        _mSecDelay
  -------         PROC          OSCILLATOR_INIT
  -------         DO            
BL51 BANKED LINKER/LOCATER V6.22            09/19/2016  15:58:03  PAGE 29


  D:0030H         SYMBOL        SFPRPAGE_SAVE
  -------         ENDDO         
  C:411EH         LINE#         19
  C:411EH         LINE#         20
  C:411EH         LINE#         21
  C:4121H         LINE#         26
  C:4124H         LINE#         28
  C:4127H         LINE#         29
  C:412EH         LINE#         31
  C:4133H         LINE#         33
  C:4136H         LINE#         35
  C:4139H         LINE#         36
  -------         ENDPROC       OSCILLATOR_INIT
  -------         PROC          _MSECDELAY
  D:0006H         SYMBOL        delay
  C:40A5H         LINE#         39
  C:40A5H         LINE#         40
  C:40A5H         LINE#         41
  C:40ADH         LINE#         44
  C:40B9H         LINE#         47
  C:40C5H         LINE#         49
  -------         ENDPROC       _MSECDELAY
  -------         PROC          _CODEDELAY
  D:0006H         SYMBOL        delay
  C:41E4H         LINE#         51
  C:41E4H         LINE#         52
  C:41E4H         LINE#         53
  C:41EBH         LINE#         54
  C:41EBH         LINE#         55
  C:41F0H         LINE#         56
  C:41F2H         LINE#         57
  -------         ENDPROC       _CODEDELAY
  -------         PROC          _START_TIMER3
  D:0006H         SYMBOL        OneSecConst
  -------         DO            
  D:0006H         SYMBOL        Reload
  -------         ENDDO         
  C:3EA1H         LINE#         61
  C:3EA1H         LINE#         62
  C:3EA1H         LINE#         67
  C:3EA4H         LINE#         69
  C:3EB6H         LINE#         71
  C:3EB9H         LINE#         72
  C:3EBCH         LINE#         74
  C:3EC5H         LINE#         75
  C:3ECBH         LINE#         80
  C:3ECEH         LINE#         81
  C:3ED0H         LINE#         87
  C:3ED9H         LINE#         88
  -------         ENDPROC       _START_TIMER3
  -------         PROC          INT_T3_OV
  C:3D1CH         LINE#         91
  C:3D39H         LINE#         93
  C:3D3BH         LINE#         94
  C:3D50H         LINE#         96
  C:3D53H         LINE#         98
  C:3D56H         LINE#         99
  -------         ENDPROC       INT_T3_OV
  -------         PROC          _ROTARY2VALUE
  D:002FH         SYMBOL        inbits
  D:0005H         SYMBOL        old
  C:3DC3H         LINE#         102
  C:3DC5H         LINE#         103
  C:3DC5H         LINE#         104
  C:3DE7H         LINE#         105
BL51 BANKED LINKER/LOCATER V6.22            09/19/2016  15:58:03  PAGE 30


  C:3DE7H         LINE#         106
  C:3DE7H         LINE#         107
  C:3DEAH         LINE#         108
  C:3DECH         LINE#         109
  C:3DECH         LINE#         110
  C:3DEFH         LINE#         111
  C:3DF1H         LINE#         112
  C:3DF1H         LINE#         113
  C:3DF4H         LINE#         114
  C:3DF6H         LINE#         115
  C:3DF6H         LINE#         116
  C:3DF9H         LINE#         117
  C:3DFBH         LINE#         118
  C:3DFBH         LINE#         119
  C:3DFEH         LINE#         120
  C:3E00H         LINE#         121
  C:3E00H         LINE#         122
  C:3E03H         LINE#         123
  C:3E05H         LINE#         124
  C:3E05H         LINE#         125
  C:3E08H         LINE#         126
  C:3E0AH         LINE#         127
  C:3E0AH         LINE#         128
  C:3E0DH         LINE#         129
  C:3E0FH         LINE#         130
  C:3E0FH         LINE#         131
  C:3E11H         LINE#         132
  C:3E11H         LINE#         133
  C:3E13H         LINE#         134
  -------         ENDPROC       _ROTARY2VALUE
  -------         PROC          READINPUTS
  -------         DO            
  D:0025H         SYMBOL        Col1
  D:0029H         SYMBOL        Col2
  D:0006H         SYMBOL        col
  D:002DH         SYMBOL        Ign
  D:002EH         SYMBOL        Soft
  D:0001H         SYMBOL        port1
  D:0003H         SYMBOL        port2
  D:0002H         SYMBOL        port3
  D:0005H         SYMBOL        temp
  -------         ENDDO         
  C:2C61H         LINE#         136
  C:2C61H         LINE#         137
  C:2C61H         LINE#         144
  C:2C63H         LINE#         145
  C:2C65H         LINE#         146
  C:2C6CH         LINE#         148
  C:2C6EH         LINE#         149
  C:2C70H         LINE#         150
  C:2C72H         LINE#         151
  C:2C74H         LINE#         152
  C:2C76H         LINE#         154
  C:2C83H         LINE#         155
  C:2C9AH         LINE#         157
  C:2CA2H         LINE#         158
  C:2CC0H         LINE#         161
  C:2CC2H         LINE#         162
  C:2CC4H         LINE#         163
  C:2CCBH         LINE#         165
  C:2CCDH         LINE#         166
  C:2CCFH         LINE#         167
  C:2CD1H         LINE#         168
  C:2CD3H         LINE#         169
  C:2CD5H         LINE#         171
BL51 BANKED LINKER/LOCATER V6.22            09/19/2016  15:58:03  PAGE 31


  C:2CE3H         LINE#         172
  C:2CFAH         LINE#         174
  C:2D02H         LINE#         175
  C:2D14H         LINE#         177
  C:2D7CH         LINE#         178
  C:2DC4H         LINE#         179
  -------         ENDPROC       READINPUTS
  -------         PROC          CHECKMESGS
  -------         DO            
  D:0025H         SYMBOL        i
  D:0026H         SYMBOL        j
  D:0027H         SYMBOL        port
  B:0020H.5       SYMBOL        found
  -------         ENDDO         
  C:25C3H         LINE#         182
  C:25C3H         LINE#         183
  C:25C3H         LINE#         185
  C:25C5H         LINE#         187
  C:25C8H         LINE#         188
  C:25C8H         LINE#         189
  C:25EBH         LINE#         190
  C:25EBH         LINE#         191
  C:2601H         LINE#         192
  C:2606H         LINE#         193
  C:2609H         LINE#         194
  C:262DH         LINE#         195
  C:2641H         LINE#         196
  C:264FH         LINE#         197
  C:267CH         LINE#         199
  C:2681H         LINE#         200
  C:2697H         LINE#         201
  C:2699H         LINE#         202
  C:2699H         LINE#         203
  C:26A5H         LINE#         205
  C:26B6H         LINE#         206
  C:26B6H         LINE#         207
  C:2700H         LINE#         208
  C:2700H         LINE#         209
  C:271DH         LINE#         211
  C:273AH         LINE#         212
  C:275DH         LINE#         213
  C:277BH         LINE#         214
  C:2789H         LINE#         215
  C:27C0H         LINE#         218
  C:27C3H         LINE#         219
  C:27C3H         LINE#         220
  C:27C8H         LINE#         221
  C:27CAH         LINE#         222
  C:27CAH         LINE#         224
  C:27E9H         LINE#         225
  C:27E9H         LINE#         226
  C:27EFH         LINE#         227
  C:27EFH         LINE#         228
  C:280BH         LINE#         229
  C:2827H         LINE#         230
  C:2827H         LINE#         231
  C:284AH         LINE#         232
  C:289AH         LINE#         233
  C:289AH         LINE#         234
  C:289AH         LINE#         235
  C:289AH         LINE#         237
  C:289DH         LINE#         238
  C:289DH         LINE#         239
  C:28B7H         LINE#         240
  C:28B7H         LINE#         241
BL51 BANKED LINKER/LOCATER V6.22            09/19/2016  15:58:03  PAGE 32


  C:28BBH         LINE#         242
  C:28D2H         LINE#         243
  C:28D2H         LINE#         244
  C:28DBH         LINE#         245
  C:28DBH         LINE#         247
  C:28FBH         LINE#         248
  C:2900H         LINE#         249
  -------         ENDPROC       CHECKMESGS
  -------         ENDMOD        TIMERS

  -------         MODULE        USER
  C:0000H         SYMBOL        _ICE_DUMMY_
  D:0080H         PUBLIC        P0
  D:00A0H         PUBLIC        P2
  D:00B0H         PUBLIC        P3
  B:00A0H.3       PUBLIC        LED1
  D:00E8H         PUBLIC        ADC0CN
  D:00E8H         PUBLIC        ADC2CN
  D:00A8H         PUBLIC        IE
  D:00F8H         PUBLIC        CAN0CN
  D:00D8H         PUBLIC        PCA0CN
  D:00B8H         PUBLIC        IP
  D:00C0H         PUBLIC        SMB0CN
  D:0088H         PUBLIC        CPT0CN
[...]
  C:0FF0H         LINE#         959
  C:0FF6H         LINE#         960
  C:0FF9H         LINE#         961
  C:0FFDH         LINE#         962
  C:0FFFH         LINE#         963
  C:1001H         LINE#         964
  C:1004H         LINE#         965
  C:1008H         LINE#         966
  C:100AH         LINE#         967
  C:100FH         LINE#         968
  C:1013H         LINE#         969
  C:1016H         LINE#         970
  C:1018H         LINE#         971
  C:101AH         LINE#         972
  C:101EH         LINE#         973
  C:1021H         LINE#         974
  C:1023H         LINE#         975
  C:1048H         LINE#         978
  C:104EH         LINE#         979
  C:1050H         LINE#         980
  C:1052H         LINE#         981
  C:1058H         LINE#         982
  C:105CH         LINE#         983
  C:105EH         LINE#         984
  C:1084H         LINE#         985
BL51 BANKED LINKER/LOCATER V6.22            09/19/2016  15:58:03  PAGE 44


  C:108AH         LINE#         986
  C:108DH         LINE#         987
  C:1091H         LINE#         988
  C:1093H         LINE#         989
  C:1095H         LINE#         990
  C:1098H         LINE#         991
  C:109CH         LINE#         992
  C:109EH         LINE#         993
  C:10A3H         LINE#         994
  C:10A7H         LINE#         995
  C:10AAH         LINE#         996
  C:10ACH         LINE#         997
  C:10AEH         LINE#         998
  C:10B2H         LINE#         999
  C:10B5H         LINE#         1000
  C:10B7H         LINE#         1001
  C:10DCH         LINE#         1004
  C:10E2H         LINE#         1005
  C:10E4H         LINE#         1006
  C:10E6H         LINE#         1007
  C:10ECH         LINE#         1008
  C:10F0H         LINE#         1009
  C:10F4H         LINE#         1010
  C:111AH         LINE#         1011
  C:1120H         LINE#         1012
  C:1123H         LINE#         1013
  C:1127H         LINE#         1014
  C:1129H         LINE#         1015
  C:112BH         LINE#         1016
  C:112EH         LINE#         1017
  C:1132H         LINE#         1018
  C:1134H         LINE#         1019
  C:1139H         LINE#         1020
  C:113DH         LINE#         1021
  C:1140H         LINE#         1022
  C:1142H         LINE#         1023
  C:1144H         LINE#         1024
  C:1148H         LINE#         1025
  C:114BH         LINE#         1026
  C:114DH         LINE#         1027
  C:1172H         LINE#         1030
  C:1178H         LINE#         1031
  C:117AH         LINE#         1032
  C:117CH         LINE#         1033
  C:1182H         LINE#         1034
  C:1186H         LINE#         1035
  C:118AH         LINE#         1036
  C:11B0H         LINE#         1037
  C:11B6H         LINE#         1038
  C:11B9H         LINE#         1039
  C:11BDH         LINE#         1040
  C:11BFH         LINE#         1041
  C:11C1H         LINE#         1042
  C:11C4H         LINE#         1043
  C:11C8H         LINE#         1044
  C:11CAH         LINE#         1045
  C:11CFH         LINE#         1046
  C:11D3H         LINE#         1047
  C:11D6H         LINE#         1048
  C:11D8H         LINE#         1049
  C:11DAH         LINE#         1050
  C:11DEH         LINE#         1051
  C:11E1H         LINE#         1052
  C:11E3H         LINE#         1053
  C:1208H         LINE#         1056
BL51 BANKED LINKER/LOCATER V6.22            09/19/2016  15:58:03  PAGE 45


  C:120EH         LINE#         1057
  C:1210H         LINE#         1058
  C:1212H         LINE#         1059
  C:1218H         LINE#         1060
  C:121CH         LINE#         1061
  C:1220H         LINE#         1062
  C:1246H         LINE#         1063
  C:124CH         LINE#         1064
  C:124FH         LINE#         1065
  C:1253H         LINE#         1066
  C:1255H         LINE#         1067
  C:1257H         LINE#         1068
  C:125AH         LINE#         1069
  C:125EH         LINE#         1070
  C:1260H         LINE#         1071
  C:1265H         LINE#         1072
  C:1269H         LINE#         1073
  C:126CH         LINE#         1074
  C:126EH         LINE#         1075
  C:1270H         LINE#         1076
  C:1274H         LINE#         1077
  C:1277H         LINE#         1078
  C:1279H         LINE#         1079
  C:129EH         LINE#         1082
  C:12A8H         LINE#         1090
  C:12ABH         LINE#         1091
  C:12ADH         LINE#         1093
  C:12BCH         LINE#         1094
  C:12BCH         LINE#         1096
  C:12BFH         LINE#         1097
  C:12BFH         LINE#         1098
  C:12DFH         LINE#         1100
  C:12E6H         LINE#         1101
  C:12E6H         LINE#         1102
  C:12EDH         LINE#         1103
  C:12FFH         LINE#         1104
  C:12FFH         LINE#         1105
  C:1301H         LINE#         1106
  C:1301H         LINE#         1107
  C:1307H         LINE#         1108
  C:1307H         LINE#         1109
  C:130CH         LINE#         1111
  C:130FH         LINE#         1112
  C:1312H         LINE#         1113
  C:1317H         LINE#         1114
  C:131EH         LINE#         1115
  C:1323H         LINE#         1116
  C:132AH         LINE#         1117
  C:1334H         LINE#         1118
  C:1334H         LINE#         1119
  C:1336H         LINE#         1120
  C:1355H         LINE#         1122
  C:135AH         LINE#         1123
  C:1363H         LINE#         1124
  C:1368H         LINE#         1125
  C:1371H         LINE#         1126
  C:1371H         LINE#         1129
  C:1373H         LINE#         1130
  C:1375H         LINE#         1131
  C:1377H         LINE#         1133
  C:137EH         LINE#         1134
  C:137EH         LINE#         1135
  C:1385H         LINE#         1136
  C:1385H         LINE#         1137
  C:138CH         LINE#         1138
BL51 BANKED LINKER/LOCATER V6.22            09/19/2016  15:58:03  PAGE 46


  C:138CH         LINE#         1139
  C:1393H         LINE#         1140
  C:1393H         LINE#         1141
  C:1393H         LINE#         1143
  C:13B6H         LINE#         1144
  C:13B6H         LINE#         1145
  C:13C2H         LINE#         1146
  C:13C7H         LINE#         1148
  C:13F1H         LINE#         1149
  C:13FBH         LINE#         1150
  C:13FBH         LINE#         1151
  C:1419H         LINE#         1152
  C:1437H         LINE#         1153
  C:1455H         LINE#         1154
  C:1467H         LINE#         1155
  C:147BH         LINE#         1156
  C:148FH         LINE#         1157
  C:14A5H         LINE#         1158
  C:14BBH         LINE#         1159
  C:14E7H         LINE#         1160
  C:14E7H         LINE#         1163
  C:1511H         LINE#         1164
  C:151BH         LINE#         1165
  C:151BH         LINE#         1166
  C:1530H         LINE#         1167
  C:1530H         LINE#         1168
  C:1530H         LINE#         1169
  C:1541H         LINE#         1170
  C:1543H         LINE#         1171
  C:1570H         LINE#         1172
  C:1570H         LINE#         1173
  C:1570H         LINE#         1174
  C:1582H         LINE#         1175
  C:1585H         LINE#         1176
  C:15B1H         LINE#         1177
  C:15B1H         LINE#         1178
  C:15B1H         LINE#         1179
  C:15C3H         LINE#         1180
  C:15C6H         LINE#         1181
  C:15F0H         LINE#         1182
  C:15F3H         LINE#         1183
  C:15F3H         LINE#         1184
  C:15F3H         LINE#         1185
  C:161EH         LINE#         1186
  C:161EH         LINE#         1188
  C:1628H         LINE#         1189
  C:1628H         LINE#         1190
  C:1652H         LINE#         1191
  C:1659H         LINE#         1192
  C:1659H         LINE#         1193
  C:166EH         LINE#         1194
  C:169BH         LINE#         1195
  C:169EH         LINE#         1196
  C:169EH         LINE#         1197
  C:169EH         LINE#         1198
  C:169EH         LINE#         1201
  C:16A4H         LINE#         1202
  C:16A7H         LINE#         1205
  C:16B8H         LINE#         1206
  C:16B8H         LINE#         1207
  C:16BBH         LINE#         1209
  C:16C4H         LINE#         1210
  C:16C4H         LINE#         1213
  C:16CFH         LINE#         1214
  C:16CFH         LINE#         1216
BL51 BANKED LINKER/LOCATER V6.22            09/19/2016  15:58:03  PAGE 47


  C:16D2H         LINE#         1217
  C:16ECH         LINE#         1218
  C:16ECH         LINE#         1219
  C:171CH         LINE#         1220
  C:1730H         LINE#         1222
  C:1747H         LINE#         1223
  C:1747H         LINE#         1224
  C:174FH         LINE#         1226
  C:1779H         LINE#         1227
  C:1783H         LINE#         1228
  C:1783H         LINE#         1229
  C:1785H         LINE#         1230
  C:17C5H         LINE#         1231
  C:17C5H         LINE#         1232
  C:17C5H         LINE#         1234
  C:17CAH         LINE#         1235
  C:17CDH         LINE#         1236
  C:17D0H         LINE#         1237
  C:17D2H         LINE#         1238
  C:17D8H         LINE#         1239
  C:17E0H         LINE#         1255
  C:17E2H         LINE#         1256
  C:17E4H         LINE#         1257
  C:17E7H         LINE#         1258
  C:17E7H         LINE#         1260
  C:17F8H         LINE#         1261
  C:17F8H         LINE#         1262
  C:17F8H         LINE#         1265
  C:17F8H         LINE#         1266
  C:17F8H         LINE#         1267
  C:17F8H         LINE#         1268
  C:17F8H         LINE#         1269
  C:17F8H         LINE#         1270
  C:17F8H         LINE#         1271
  C:17F8H         LINE#         1272
  C:17F8H         LINE#         1273
  C:17F8H         LINE#         1274
  C:17F8H         LINE#         1275
  C:17FAH         LINE#         1277
  C:17FAH         LINE#         1279
  C:180BH         LINE#         1280
  C:180BH         LINE#         1281
  C:180BH         LINE#         1284
  C:180BH         LINE#         1285
  C:180BH         LINE#         1286
  C:180BH         LINE#         1287
  C:180BH         LINE#         1288
  C:180BH         LINE#         1289
  C:180BH         LINE#         1290
  C:180BH         LINE#         1291
  C:180BH         LINE#         1292
  C:180BH         LINE#         1293
  C:180BH         LINE#         1294
  C:180DH         LINE#         1295
  C:180DH         LINE#         1297
  C:181FH         LINE#         1298
  C:1831H         LINE#         1299
  C:185CH         LINE#         1302
  C:186DH         LINE#         1303
  C:187EH         LINE#         1304
  C:188FH         LINE#         1305
  C:189FH         LINE#         1306
  C:189FH         LINE#         1307
  C:189FH         LINE#         1308
  C:189FH         LINE#         1309
BL51 BANKED LINKER/LOCATER V6.22            09/19/2016  15:58:03  PAGE 48


  C:189FH         LINE#         1310
  C:189FH         LINE#         1311
  C:189FH         LINE#         1312
  C:18A2H         LINE#         1313
  C:18A2H         LINE#         1315
  C:18B4H         LINE#         1316
  C:18C6H         LINE#         1317
  C:18F1H         LINE#         1320
  C:1902H         LINE#         1321
  C:1913H         LINE#         1322
  C:1925H         LINE#         1323
  C:1936H         LINE#         1324
  C:1936H         LINE#         1325
  C:1936H         LINE#         1326
  C:1936H         LINE#         1327
  C:1936H         LINE#         1328
  C:1936H         LINE#         1329
  C:1936H         LINE#         1330
  C:1939H         LINE#         1331
  C:1939H         LINE#         1333
  C:194BH         LINE#         1334
  C:195DH         LINE#         1335
  C:1988H         LINE#         1338
  C:1999H         LINE#         1339
  C:19AAH         LINE#         1340
  C:19BCH         LINE#         1341
  C:19CEH         LINE#         1342
  C:19DFH         LINE#         1343
  C:19F0H         LINE#         1344
  C:1A01H         LINE#         1345
  C:1A12H         LINE#         1346
  C:1A3CH         LINE#         1347
  C:1A3EH         LINE#         1348
  C:1A3EH         LINE#         1350
  C:1A3EH         LINE#         1351
  C:1A3EH         LINE#         1353
  C:1A3EH         LINE#         1354
  C:1A3EH         LINE#         1355
  C:1A3EH         LINE#         1357
  C:1A50H         LINE#         1358
  C:1A50H         LINE#         1359
  C:1A50H         LINE#         1361
  C:1A53H         LINE#         1362
  -------         ENDPROC       USER1
  -------         PROC          USER2
  -------         DO            
  D:0030H         SYMBOL        cnt
  -------         ENDDO         
  C:3F38H         LINE#         1364
  C:3F38H         LINE#         1365
  C:3F38H         LINE#         1366
  C:3F3BH         LINE#         1368
  C:3F46H         LINE#         1369
  C:3F46H         LINE#         1370
  C:3F48H         LINE#         1371
  C:3F48H         LINE#         1372
  C:3F4DH         LINE#         1373
  C:3F54H         LINE#         1374
  C:3F5DH         LINE#         1375
  C:3F64H         LINE#         1376
  C:3F66H         LINE#         1377
  -------         ENDPROC       USER2
  -------         PROC          USER3
  -------         DO            
  D:0030H         SYMBOL        cnt
BL51 BANKED LINKER/LOCATER V6.22            09/19/2016  15:58:03  PAGE 49


  -------         ENDDO         
  C:3F67H         LINE#         1379
  C:3F67H         LINE#         1380
  C:3F67H         LINE#         1381
  C:3F6AH         LINE#         1383
  C:3F75H         LINE#         1384
  C:3F75H         LINE#         1385
  C:3F77H         LINE#         1386
  C:3F77H         LINE#         1387
  C:3F7CH         LINE#         1388
  C:3F83H         LINE#         1389
  C:3F8CH         LINE#         1390
  C:3F93H         LINE#         1391
  C:3F95H         LINE#         1392
  -------         ENDPROC       USER3
  -------         PROC          USER4
  -------         DO            
  D:0030H         SYMBOL        cnt
  -------         ENDDO         
  C:3F96H         LINE#         1393
  C:3F96H         LINE#         1394
  C:3F96H         LINE#         1395
  C:3F99H         LINE#         1397
  C:3FA4H         LINE#         1398
  C:3FA4H         LINE#         1399
  C:3FA6H         LINE#         1400
  C:3FA6H         LINE#         1401
  C:3FABH         LINE#         1402
  C:3FB2H         LINE#         1403
  C:3FBBH         LINE#         1404
  C:3FC2H         LINE#         1405
  C:3FC4H         LINE#         1406
  -------         ENDPROC       USER4
  -------         PROC          USER5
  -------         DO            
  D:0030H         SYMBOL        cnt
  -------         ENDDO         
  C:3FC5H         LINE#         1407
  C:3FC5H         LINE#         1408
  C:3FC5H         LINE#         1409
  C:3FC8H         LINE#         1411
  C:3FD3H         LINE#         1412
  C:3FD3H         LINE#         1413
  C:3FD5H         LINE#         1414
  C:3FD5H         LINE#         1415
  C:3FDAH         LINE#         1416
  C:3FE1H         LINE#         1417
  C:3FEAH         LINE#         1418
  C:3FF1H         LINE#         1419
  C:3FF3H         LINE#         1420
  -------         ENDPROC       USER5
  -------         PROC          USER6
  -------         DO            
  D:0030H         SYMBOL        cnt
  -------         ENDDO         
  C:3FF4H         LINE#         1421
  C:3FF4H         LINE#         1422
  C:3FF4H         LINE#         1423
  C:3FF7H         LINE#         1425
  C:4002H         LINE#         1426
  C:4002H         LINE#         1427
  C:4004H         LINE#         1428
  C:4004H         LINE#         1429
  C:4009H         LINE#         1430
  C:4010H         LINE#         1431
BL51 BANKED LINKER/LOCATER V6.22            09/19/2016  15:58:03  PAGE 50


  C:4019H         LINE#         1432
  C:4020H         LINE#         1433
  C:4022H         LINE#         1434
  -------         ENDPROC       USER6
  -------         PROC          USER7
  -------         DO            
  D:0030H         SYMBOL        cnt
  -------         ENDDO         
  C:4023H         LINE#         1435
  C:4023H         LINE#         1436
  C:4023H         LINE#         1437
  C:4026H         LINE#         1439
  C:4031H         LINE#         1440
  C:4031H         LINE#         1441
  C:4033H         LINE#         1442
  C:4033H         LINE#         1443
  C:4038H         LINE#         1444
  C:403FH         LINE#         1445
  C:4048H         LINE#         1446
  C:404FH         LINE#         1447
  C:4051H         LINE#         1448
  -------         ENDPROC       USER7
  -------         PROC          USER8
  C:0072H         LINE#         1450
  C:0072H         LINE#         1451
  C:0072H         LINE#         1452
  -------         ENDPROC       USER8
  -------         ENDMOD        USER

  -------         MODULE        ?C?COPY
  C:22FAH         PUBLIC        ?C?COPY
  -------         ENDMOD        ?C?COPY

  -------         MODULE        ?C?CLDPTR
  C:2320H         PUBLIC        ?C?CLDPTR
  -------         ENDMOD        ?C?CLDPTR

  -------         MODULE        ?C?CLDOPTR
  C:2339H         PUBLIC        ?C?CLDOPTR
  -------         ENDMOD        ?C?CLDOPTR

  -------         MODULE        ?C?CSTPTR
  C:2366H         PUBLIC        ?C?CSTPTR
  -------         ENDMOD        ?C?CSTPTR

  -------         MODULE        ?C?IILDX
  C:2378H         PUBLIC        ?C?IILDX
  -------         ENDMOD        ?C?IILDX

  -------         MODULE        ?C?SLDIV
  C:3E5DH         PUBLIC        ?C?SLDIV
  -------         ENDMOD        ?C?SLDIV

  -------         MODULE        ?C?LNOT
  C:238EH         PUBLIC        ?C?LNOT
  -------         ENDMOD        ?C?LNOT

  -------         MODULE        ?C?ULCMP
  C:239BH         PUBLIC        ?C?ULCMP
  -------         ENDMOD        ?C?ULCMP

  -------         MODULE        ?C?ULSHR
  C:23ACH         PUBLIC        ?C?ULSHR
  -------         ENDMOD        ?C?ULSHR

BL51 BANKED LINKER/LOCATER V6.22            09/19/2016  15:58:03  PAGE 51


  -------         MODULE        ?C?LSHL
  C:23BFH         PUBLIC        ?C?LSHL
  -------         ENDMOD        ?C?LSHL

  -------         MODULE        ?C?LLDOPTR
  C:23D2H         PUBLIC        ?C?LLDOPTR
  -------         ENDMOD        ?C?LLDOPTR

  -------         MODULE        ?C?LSTOPTR
  C:2402H         PUBLIC        ?C?LSTOPTR
  -------         ENDMOD        ?C?LSTOPTR

  -------         MODULE        ?C?LSTXDATA
  C:2426H         PUBLIC        ?C?LSTXDATA
  -------         ENDMOD        ?C?LSTXDATA

  -------         MODULE        ?C?LSTKXDATA
  C:2432H         PUBLIC        ?C?LSTKXDATA
  -------         ENDMOD        ?C?LSTKXDATA

  -------         MODULE        ?C?OFFXADD
  C:2463H         PUBLIC        ?C?OFFXADD
  -------         ENDMOD        ?C?OFFXADD

  -------         MODULE        ?C?LCASE
  C:246FH         PUBLIC        ?C?LCASE
  -------         ENDMOD        ?C?LCASE

  -------         MODULE        ?C?ULDIV
  C:24E5H         PUBLIC        ?C?ULDIV
  -------         ENDMOD        ?C?ULDIV

  -------         MODULE        ?C?LLDIDATA
  C:2577H         PUBLIC        ?C?LLDIDATA
  -------         ENDMOD        ?C?LLDIDATA

  -------         MODULE        ?C?LLDXDATA
  C:2583H         PUBLIC        ?C?LLDXDATA
  -------         ENDMOD        ?C?LLDXDATA

  -------         MODULE        ?C?LLDPDATA
  C:258FH         PUBLIC        ?C?LLDPDATA
  -------         ENDMOD        ?C?LLDPDATA

  -------         MODULE        ?C?LLDCODE
  C:259BH         PUBLIC        ?C?LLDCODE
  -------         ENDMOD        ?C?LLDCODE

  -------         MODULE        ?C?LSTIDATA
  C:25ABH         PUBLIC        ?C?LSTIDATA
  -------         ENDMOD        ?C?LSTIDATA

  -------         MODULE        ?C?LSTPDATA
  C:25B7H         PUBLIC        ?C?LSTPDATA
  -------         ENDMOD        ?C?LSTPDATA

Program Size: data=102.1 xdata=809 code=16913
LINK/LOCATE RUN COMPLETE.  0 WARNING(S),  0 ERROR(S)
